<html>
<body>
<pre>
<h1>µVision Build Log</h1>
<h2>Tool Versions:</h2>
IDE-Version: ¦ÌVision V5.14.0.0
Copyright (C) 2015 ARM Ltd and ARM Germany GmbH. All rights reserved.
License Information: 123 chlxy, 1231, LIC=1WSLQ-N3GGH-GQY0H-WN8ZI-A2NW0-F2LNZ
 
Tool Versions:
Toolchain:       MDK-ARM Professional  Version: 5.14.0.0
Toolchain Path:  C:\Keil_v5\ARM\ARMCC\Bin
C Compiler:      Armcc.exe V5.05 update 1 (build 106)
Assembler:       Armasm.exe V5.05 update 1 (build 106)
Linker/Locator:  ArmLink.exe V5.05 update 1 (build 106)
Library Manager: ArmAr.exe V5.05 update 1 (build 106)
Hex Converter:   FromElf.exe V5.05 update 1 (build 106)
CPU DLL:         SARMCM3.DLL V5.14.0.0
Dialog DLL:      DCM.DLL V1.13.1.0
Target DLL:      Segger\JL2CM3.dll V2.99.13.0
Dialog DLL:      TCM.DLL V1.14.4.0
 
<h2>Project:</h2>
C:\work_ch\stm32f207_printer\pro\printer.uvprojx
Project File Date:  10/04/2018

<h2>Output:</h2>
Build target 'printer'
compiling main.c...
..\user\main.c(91): warning:  #111-D: statement is unreachable
        return 0;
..\user\main.c: 1 warning, 0 errors
linking...
Program Size: Code=4816 RO-data=436 RW-data=92 ZI-data=82140  
".\Objects\printer.axf" - 0 Error(s), 1 Warning(s).

<h2>Collection of Component include folders:</h2>
  C:\work_ch\stm32f207_printer\pro\RTE
  C:\Keil_v5\ARM\PACK\Keil\STM32F2xx_DFP\2.9.0

<h2>Collection of Component Files used:</h2>
</pre>
</body>
</html>
