Component: ARM Compiler 5.05 update 1 (build 106) Tool: armlink [4d0efa]

==============================================================================

Section Cross References

    main.o(i.gpio_init) refers to stm32f2xx_rcc.o(i.RCC_AHB1PeriphClockCmd) for RCC_AHB1PeriphClockCmd
    main.o(i.gpio_init) refers to stm32f2xx_gpio.o(i.GPIO_Init) for GPIO_Init
    main.o(i.led_task1) refers to stm32f2xx_gpio.o(i.GPIO_SetBits) for GPIO_SetBits
    main.o(i.led_task1) refers to tasks.o(i.vTaskDelay) for vTaskDelay
    main.o(i.led_task1) refers to stm32f2xx_gpio.o(i.GPIO_ResetBits) for GPIO_ResetBits
    main.o(i.led_task2) refers to stm32f2xx_gpio.o(i.GPIO_SetBits) for GPIO_SetBits
    main.o(i.led_task2) refers to tasks.o(i.vTaskDelay) for vTaskDelay
    main.o(i.led_task2) refers to stm32f2xx_gpio.o(i.GPIO_ResetBits) for GPIO_ResetBits
    main.o(i.led_task3) refers to stm32f2xx_gpio.o(i.GPIO_SetBits) for GPIO_SetBits
    main.o(i.led_task3) refers to tasks.o(i.vTaskDelay) for vTaskDelay
    main.o(i.led_task3) refers to stm32f2xx_gpio.o(i.GPIO_ResetBits) for GPIO_ResetBits
    main.o(i.main) refers to stm32f2xx_rcc.o(i.RCC_AHB1PeriphClockCmd) for RCC_AHB1PeriphClockCmd
    main.o(i.main) refers to misc.o(i.NVIC_PriorityGroupConfig) for NVIC_PriorityGroupConfig
    main.o(i.main) refers to uart.o(i.uart1_init) for uart1_init
    main.o(i.main) refers to main.o(i.gpio_init) for gpio_init
    main.o(i.main) refers to main.o(i.task_init) for task_init
    main.o(i.main) refers to tasks.o(i.vTaskStartScheduler) for vTaskStartScheduler
    main.o(i.main) refers to stm32f2xx_gpio.o(i.GPIO_SetBits) for GPIO_SetBits
    main.o(i.main) refers to main.o(i.delay_ms) for delay_ms
    main.o(i.main) refers to stm32f2xx_gpio.o(i.GPIO_ResetBits) for GPIO_ResetBits
    main.o(i.task_init) refers to tasks.o(i.xTaskGenericCreate) for xTaskGenericCreate
    main.o(i.task_init) refers to main.o(i.led_task1) for led_task1
    main.o(i.task_init) refers to main.o(i.led_task2) for led_task2
    main.o(i.task_init) refers to main.o(i.led_task3) for led_task3
    uart.o(i.uart1_init) refers to stm32f2xx_rcc.o(i.RCC_AHB1PeriphClockCmd) for RCC_AHB1PeriphClockCmd
    uart.o(i.uart1_init) refers to stm32f2xx_gpio.o(i.GPIO_Init) for GPIO_Init
    uart.o(i.uart1_init) refers to stm32f2xx_gpio.o(i.GPIO_PinAFConfig) for GPIO_PinAFConfig
    uart.o(i.uart1_init) refers to stm32f2xx_rcc.o(i.RCC_APB2PeriphClockCmd) for RCC_APB2PeriphClockCmd
    uart.o(i.uart1_init) refers to stm32f2xx_usart.o(i.USART_Init) for USART_Init
    uart.o(i.uart1_init) refers to stm32f2xx_usart.o(i.USART_Cmd) for USART_Cmd
    system_stm32f2xx.o(i.SystemInit) refers to system_stm32f2xx.o(i.SetSysClock) for SetSysClock
    startup_stm32f2xx.o(RESET) refers to startup_stm32f2xx.o(STACK) for __initial_sp
    startup_stm32f2xx.o(RESET) refers to startup_stm32f2xx.o(.text) for Reset_Handler
    startup_stm32f2xx.o(RESET) refers to port.o(.emb_text) for SVC_Handler
    startup_stm32f2xx.o(RESET) refers to port.o(i.SysTick_Handler) for SysTick_Handler
    startup_stm32f2xx.o(.text) refers to system_stm32f2xx.o(i.SystemInit) for SystemInit
    startup_stm32f2xx.o(.text) refers to entry.o(.ARM.Collect$$$$00000000) for __main
    stm32f2xx_adc.o(i.ADC_DeInit) refers to stm32f2xx_rcc.o(i.RCC_APB2PeriphResetCmd) for RCC_APB2PeriphResetCmd
    stm32f2xx_can.o(i.CAN_DeInit) refers to stm32f2xx_rcc.o(i.RCC_APB1PeriphResetCmd) for RCC_APB1PeriphResetCmd
    stm32f2xx_can.o(i.CAN_GetITStatus) refers to stm32f2xx_can.o(i.CheckITStatus) for CheckITStatus
    stm32f2xx_can.o(i.CAN_Receive) refers to stm32f2xx_can.o(i.CAN_FIFORelease) for CAN_FIFORelease
    stm32f2xx_cryp.o(i.CRYP_DeInit) refers to stm32f2xx_rcc.o(i.RCC_AHB2PeriphResetCmd) for RCC_AHB2PeriphResetCmd
    stm32f2xx_dac.o(i.DAC_DeInit) refers to stm32f2xx_rcc.o(i.RCC_APB1PeriphResetCmd) for RCC_APB1PeriphResetCmd
    stm32f2xx_flash.o(i.FLASH_EraseAllSectors) refers to stm32f2xx_flash.o(i.FLASH_WaitForLastOperation) for FLASH_WaitForLastOperation
    stm32f2xx_flash.o(i.FLASH_EraseSector) refers to stm32f2xx_flash.o(i.FLASH_WaitForLastOperation) for FLASH_WaitForLastOperation
    stm32f2xx_flash.o(i.FLASH_OB_Launch) refers to stm32f2xx_flash.o(i.FLASH_WaitForLastOperation) for FLASH_WaitForLastOperation
    stm32f2xx_flash.o(i.FLASH_OB_RDPConfig) refers to stm32f2xx_flash.o(i.FLASH_WaitForLastOperation) for FLASH_WaitForLastOperation
    stm32f2xx_flash.o(i.FLASH_OB_UserConfig) refers to stm32f2xx_flash.o(i.FLASH_WaitForLastOperation) for FLASH_WaitForLastOperation
    stm32f2xx_flash.o(i.FLASH_OB_WRPConfig) refers to stm32f2xx_flash.o(i.FLASH_WaitForLastOperation) for FLASH_WaitForLastOperation
    stm32f2xx_flash.o(i.FLASH_ProgramByte) refers to stm32f2xx_flash.o(i.FLASH_WaitForLastOperation) for FLASH_WaitForLastOperation
    stm32f2xx_flash.o(i.FLASH_ProgramDoubleWord) refers to stm32f2xx_flash.o(i.FLASH_WaitForLastOperation) for FLASH_WaitForLastOperation
[...]
    entry2.o(.ARM.Collect$$$$00000001) refers to entry2.o(.ARM.Collect$$$$00002712) for __lit__00000000
    entry2.o(.ARM.Collect$$$$00002712) refers to startup_stm32f2xx.o(STACK) for __initial_sp
    entry2.o(__vectab_stack_and_reset_area) refers to startup_stm32f2xx.o(STACK) for __initial_sp
    entry2.o(__vectab_stack_and_reset_area) refers to entry.o(.ARM.Collect$$$$00000000) for __main
    entry5.o(.ARM.Collect$$$$00000004) refers to init.o(.text) for __scatterload
    entry9a.o(.ARM.Collect$$$$0000000B) refers to main.o(i.main) for main
    entry9b.o(.ARM.Collect$$$$0000000C) refers to main.o(i.main) for main
    uldiv.o(.text) refers to llushr.o(.text) for __aeabi_llsr
    uldiv.o(.text) refers to llshl.o(.text) for __aeabi_llsl
    dadd.o(.text) refers to llshl.o(.text) for __aeabi_llsl
    dadd.o(.text) refers to llsshr.o(.text) for __aeabi_lasr
    dadd.o(.text) refers to depilogue.o(.text) for _double_epilogue
    dmul.o(.text) refers to depilogue.o(.text) for _double_epilogue
    ddiv.o(.text) refers to depilogue.o(.text) for _double_round
    dfixul.o(.text) refers to llushr.o(.text) for __aeabi_llsr
    dfixul.o(.text) refers to llshl.o(.text) for __aeabi_llsl
    init.o(.text) refers to entry5.o(.ARM.Collect$$$$00000004) for __main_after_scatterload
    depilogue.o(.text) refers to llshl.o(.text) for __aeabi_llsl
    depilogue.o(.text) refers to llushr.o(.text) for __aeabi_llsr


==============================================================================

Removing Unused input sections from the image.

    Removing uart.o(i.fputc), (28 bytes).
    Removing core_cm3.o(.emb_text), (32 bytes).
    Removing system_stm32f2xx.o(i.SystemCoreClockUpdate), (2 bytes).
    Removing system_stm32f2xx.o(.data), (4 bytes).
    Removing startup_stm32f2xx.o(HEAP), (524288 bytes).
    Removing misc.o(i.NVIC_Init), (112 bytes).
    Removing misc.o(i.NVIC_SetVectorTable), (20 bytes).
    Removing misc.o(i.NVIC_SystemLPConfig), (32 bytes).
    Removing misc.o(i.SysTick_CLKSourceConfig), (40 bytes).
    Removing stm32f2xx_adc.o(i.ADC_AnalogWatchdogCmd), (20 bytes).
    Removing stm32f2xx_adc.o(i.ADC_AnalogWatchdogSingleChannelConfig), (16 bytes).
    Removing stm32f2xx_adc.o(i.ADC_AnalogWatchdogThresholdsConfig), (6 bytes).
    Removing stm32f2xx_adc.o(i.ADC_AutoInjectedConvCmd), (22 bytes).
    Removing stm32f2xx_adc.o(i.ADC_ClearFlag), (6 bytes).
    Removing stm32f2xx_adc.o(i.ADC_ClearITPendingBit), (10 bytes).
    Removing stm32f2xx_adc.o(i.ADC_Cmd), (22 bytes).
    Removing stm32f2xx_adc.o(i.ADC_CommonInit), (48 bytes).
    Removing stm32f2xx_adc.o(i.ADC_CommonStructInit), (12 bytes).
    Removing stm32f2xx_adc.o(i.ADC_ContinuousModeCmd), (22 bytes).
    Removing stm32f2xx_adc.o(i.ADC_DMACmd), (22 bytes).
    Removing stm32f2xx_adc.o(i.ADC_DMARequestAfterLastTransferCmd), (22 bytes).
    Removing stm32f2xx_adc.o(i.ADC_DeInit), (22 bytes).
    Removing stm32f2xx_adc.o(i.ADC_DiscModeChannelCountConfig), (24 bytes).
    Removing stm32f2xx_adc.o(i.ADC_DiscModeCmd), (22 bytes).
    Removing stm32f2xx_adc.o(i.ADC_EOCOnEachRegularChannelCmd), (22 bytes).
    Removing stm32f2xx_adc.o(i.ADC_ExternalTrigInjectedConvConfig), (16 bytes).
    Removing stm32f2xx_adc.o(i.ADC_ExternalTrigInjectedConvEdgeConfig), (16 bytes).
    Removing stm32f2xx_adc.o(i.ADC_GetConversionValue), (8 bytes).
    Removing stm32f2xx_adc.o(i.ADC_GetFlagStatus), (18 bytes).
    Removing stm32f2xx_adc.o(i.ADC_GetITStatus), (38 bytes).
    Removing stm32f2xx_adc.o(i.ADC_GetInjectedConversionValue), (28 bytes).
    Removing stm32f2xx_adc.o(i.ADC_GetMultiModeConversionValue), (12 bytes).
    Removing stm32f2xx_adc.o(i.ADC_GetSoftwareStartConvStatus), (20 bytes).
    Removing stm32f2xx_adc.o(i.ADC_GetSoftwareStartInjectedConvCmdStatus), (20 bytes).
    Removing stm32f2xx_adc.o(i.ADC_ITConfig), (32 bytes).
    Removing stm32f2xx_adc.o(i.ADC_Init), (84 bytes).
    Removing stm32f2xx_adc.o(i.ADC_InjectedChannelConfig), (130 bytes).
    Removing stm32f2xx_adc.o(i.ADC_InjectedDiscModeCmd), (22 bytes).
    Removing stm32f2xx_adc.o(i.ADC_InjectedSequencerLengthConfig), (24 bytes).
    Removing stm32f2xx_adc.o(i.ADC_MultiModeDMARequestAfterLastTransferCmd), (44 bytes).
    Removing stm32f2xx_adc.o(i.ADC_RegularChannelConfig), (184 bytes).
    Removing stm32f2xx_adc.o(i.ADC_SetInjectedOffset), (20 bytes).
    Removing stm32f2xx_adc.o(i.ADC_SoftwareStartConv), (10 bytes).
    Removing stm32f2xx_adc.o(i.ADC_SoftwareStartInjectedConv), (10 bytes).
    Removing stm32f2xx_adc.o(i.ADC_StructInit), (20 bytes).
    Removing stm32f2xx_adc.o(i.ADC_TempSensorVrefintCmd), (44 bytes).
    Removing stm32f2xx_adc.o(i.ADC_VBATCmd), (44 bytes).
    Removing stm32f2xx_can.o(i.CAN_CancelTransmit), (48 bytes).
    Removing stm32f2xx_can.o(i.CAN_ClearFlag), (56 bytes).
    Removing stm32f2xx_can.o(i.CAN_ClearITPendingBit), (168 bytes).
    Removing stm32f2xx_can.o(i.CAN_DBGFreeze), (22 bytes).
    Removing stm32f2xx_can.o(i.CAN_DeInit), (56 bytes).
    Removing stm32f2xx_can.o(i.CAN_FIFORelease), (22 bytes).
    Removing stm32f2xx_can.o(i.CAN_FilterInit), (264 bytes).
    Removing stm32f2xx_can.o(i.CAN_GetFlagStatus), (120 bytes).
    Removing stm32f2xx_can.o(i.CAN_GetITStatus), (300 bytes).
    Removing stm32f2xx_can.o(i.CAN_ITConfig), (18 bytes).
    Removing stm32f2xx_can.o(i.CAN_Init), (276 bytes).
    Removing stm32f2xx_can.o(i.CAN_MessagePending), (30 bytes).
    Removing stm32f2xx_can.o(i.CAN_Receive), (234 bytes).
    Removing stm32f2xx_can.o(i.CAN_SlaveStartBank), (52 bytes).
    Removing stm32f2xx_can.o(i.CAN_Sleep), (30 bytes).
    Removing stm32f2xx_can.o(i.CAN_StructInit), (32 bytes).
    Removing stm32f2xx_can.o(i.CAN_Transmit), (294 bytes).
    Removing stm32f2xx_can.o(i.CAN_TransmitStatus), (142 bytes).
    Removing stm32f2xx_can.o(i.CAN_WakeUp), (48 bytes).
    Removing stm32f2xx_can.o(i.CheckITStatus), (18 bytes).
    Removing stm32f2xx_crc.o(i.CRC_CalcBlockCRC), (36 bytes).
    Removing stm32f2xx_crc.o(i.CRC_CalcCRC), (16 bytes).
    Removing stm32f2xx_crc.o(i.CRC_GetCRC), (12 bytes).
    Removing stm32f2xx_crc.o(i.CRC_GetIDRegister), (12 bytes).
    Removing stm32f2xx_crc.o(i.CRC_ResetDR), (12 bytes).
    Removing stm32f2xx_crc.o(i.CRC_SetIDRegister), (12 bytes).
    Removing stm32f2xx_cryp.o(i.CRYP_Cmd), (36 bytes).
    Removing stm32f2xx_cryp.o(i.CRYP_DMACmd), (36 bytes).
    Removing stm32f2xx_cryp.o(i.CRYP_DataIn), (12 bytes).
    Removing stm32f2xx_cryp.o(i.CRYP_DataOut), (12 bytes).
    Removing stm32f2xx_cryp.o(i.CRYP_DeInit), (20 bytes).
    Removing stm32f2xx_cryp.o(i.CRYP_FIFOFlush), (20 bytes).
    Removing stm32f2xx_cryp.o(i.CRYP_GetFlagStatus), (44 bytes).
    Removing stm32f2xx_cryp.o(i.CRYP_GetITStatus), (24 bytes).
    Removing stm32f2xx_cryp.o(i.CRYP_ITConfig), (32 bytes).
    Removing stm32f2xx_cryp.o(i.CRYP_IVInit), (24 bytes).
    Removing stm32f2xx_cryp.o(i.CRYP_IVStructInit), (12 bytes).
    Removing stm32f2xx_cryp.o(i.CRYP_Init), (124 bytes).
    Removing stm32f2xx_cryp.o(i.CRYP_KeyInit), (40 bytes).
    Removing stm32f2xx_cryp.o(i.CRYP_KeyStructInit), (20 bytes).
    Removing stm32f2xx_cryp.o(i.CRYP_StructInit), (12 bytes).
    Removing stm32f2xx_dac.o(i.DAC_ClearFlag), (16 bytes).
    Removing stm32f2xx_dac.o(i.DAC_ClearITPendingBit), (16 bytes).
    Removing stm32f2xx_dac.o(i.DAC_Cmd), (40 bytes).
    Removing stm32f2xx_dac.o(i.DAC_DMACmd), (44 bytes).
    Removing stm32f2xx_dac.o(i.DAC_DeInit), (22 bytes).
    Removing stm32f2xx_dac.o(i.DAC_DualSoftwareTriggerCmd), (36 bytes).
    Removing stm32f2xx_dac.o(i.DAC_GetDataOutputValue), (36 bytes).
    Removing stm32f2xx_dac.o(i.DAC_GetFlagStatus), (32 bytes).
    Removing stm32f2xx_dac.o(i.DAC_GetITStatus), (48 bytes).
    Removing stm32f2xx_dac.o(i.DAC_ITConfig), (40 bytes).
    Removing stm32f2xx_dac.o(i.DAC_Init), (52 bytes).
    Removing stm32f2xx_dac.o(i.DAC_SetChannel1Data), (32 bytes).
    Removing stm32f2xx_dac.o(i.DAC_SetChannel2Data), (32 bytes).
    Removing stm32f2xx_dac.o(i.DAC_SetDualChannelData), (36 bytes).
    Removing stm32f2xx_dac.o(i.DAC_SoftwareTriggerCmd), (44 bytes).
    Removing stm32f2xx_dac.o(i.DAC_StructInit), (12 bytes).
    Removing stm32f2xx_dac.o(i.DAC_WaveGenerationCmd), (40 bytes).
    Removing stm32f2xx_dbgmcu.o(i.DBGMCU_APB1PeriphConfig), (32 bytes).
    Removing stm32f2xx_dbgmcu.o(i.DBGMCU_APB2PeriphConfig), (32 bytes).
    Removing stm32f2xx_dbgmcu.o(i.DBGMCU_Config), (32 bytes).
    Removing stm32f2xx_dbgmcu.o(i.DBGMCU_GetDEVID), (16 bytes).
    Removing stm32f2xx_dbgmcu.o(i.DBGMCU_GetREVID), (12 bytes).
    Removing stm32f2xx_dcmi.o(i.DCMI_CROPCmd), (36 bytes).
    Removing stm32f2xx_dcmi.o(i.DCMI_CROPConfig), (32 bytes).
    Removing stm32f2xx_dcmi.o(i.DCMI_CaptureCmd), (36 bytes).
    Removing stm32f2xx_dcmi.o(i.DCMI_ClearFlag), (12 bytes).
    Removing stm32f2xx_dcmi.o(i.DCMI_ClearITPendingBit), (12 bytes).
    Removing stm32f2xx_dcmi.o(i.DCMI_Cmd), (36 bytes).
    Removing stm32f2xx_dcmi.o(i.DCMI_DeInit), (28 bytes).
    Removing stm32f2xx_dcmi.o(i.DCMI_GetFlagStatus), (60 bytes).
    Removing stm32f2xx_dcmi.o(i.DCMI_GetITStatus), (28 bytes).
    Removing stm32f2xx_dcmi.o(i.DCMI_ITConfig), (36 bytes).
    Removing stm32f2xx_dcmi.o(i.DCMI_Init), (64 bytes).
    Removing stm32f2xx_dcmi.o(i.DCMI_JPEGCmd), (36 bytes).
    Removing stm32f2xx_dcmi.o(i.DCMI_ReadData), (12 bytes).
    Removing stm32f2xx_dcmi.o(i.DCMI_SetEmbeddedSynchroCodes), (32 bytes).
    Removing stm32f2xx_dcmi.o(i.DCMI_StructInit), (18 bytes).
    Removing stm32f2xx_dma.o(i.DMA_ClearFlag), (52 bytes).
    Removing stm32f2xx_dma.o(i.DMA_ClearITPendingBit), (52 bytes).
    Removing stm32f2xx_dma.o(i.DMA_Cmd), (22 bytes).
    Removing stm32f2xx_dma.o(i.DMA_DeInit), (344 bytes).
    Removing stm32f2xx_dma.o(i.DMA_DoubleBufferModeCmd), (22 bytes).
    Removing stm32f2xx_dma.o(i.DMA_DoubleBufferModeConfig), (24 bytes).
    Removing stm32f2xx_dma.o(i.DMA_FlowControllerConfig), (22 bytes).
    Removing stm32f2xx_dma.o(i.DMA_GetCmdStatus), (20 bytes).
    Removing stm32f2xx_dma.o(i.DMA_GetCurrDataCounter), (8 bytes).
    Removing stm32f2xx_dma.o(i.DMA_GetCurrentMemoryTarget), (20 bytes).
    Removing stm32f2xx_dma.o(i.DMA_GetFIFOStatus), (12 bytes).
    Removing stm32f2xx_dma.o(i.DMA_GetFlagStatus), (68 bytes).
    Removing stm32f2xx_dma.o(i.DMA_GetITStatus), (100 bytes).
    Removing stm32f2xx_dma.o(i.DMA_ITConfig), (58 bytes).
    Removing stm32f2xx_dma.o(i.DMA_Init), (88 bytes).
    Removing stm32f2xx_dma.o(i.DMA_MemoryTargetConfig), (10 bytes).
    Removing stm32f2xx_dma.o(i.DMA_PeriphIncOffsetSizeConfig), (22 bytes).
    Removing stm32f2xx_dma.o(i.DMA_SetCurrDataCounter), (4 bytes).
    Removing stm32f2xx_dma.o(i.DMA_StructInit), (34 bytes).
    Removing stm32f2xx_exti.o(i.EXTI_ClearFlag), (12 bytes).
    Removing stm32f2xx_exti.o(i.EXTI_ClearITPendingBit), (12 bytes).
    Removing stm32f2xx_exti.o(i.EXTI_DeInit), (36 bytes).
    Removing stm32f2xx_exti.o(i.EXTI_GenerateSWInterrupt), (16 bytes).
    Removing stm32f2xx_exti.o(i.EXTI_GetFlagStatus), (24 bytes).
    Removing stm32f2xx_exti.o(i.EXTI_GetITStatus), (40 bytes).
    Removing stm32f2xx_exti.o(i.EXTI_Init), (148 bytes).
    Removing stm32f2xx_exti.o(i.EXTI_StructInit), (16 bytes).
    Removing stm32f2xx_flash.o(i.FLASH_ClearFlag), (12 bytes).
    Removing stm32f2xx_flash.o(i.FLASH_DataCacheCmd), (36 bytes).
    Removing stm32f2xx_flash.o(i.FLASH_DataCacheReset), (20 bytes).
    Removing stm32f2xx_flash.o(i.FLASH_EraseAllSectors), (72 bytes).
    Removing stm32f2xx_flash.o(i.FLASH_EraseSector), (96 bytes).
    Removing stm32f2xx_flash.o(i.FLASH_GetFlagStatus), (24 bytes).
    Removing stm32f2xx_flash.o(i.FLASH_GetStatus), (72 bytes).
    Removing stm32f2xx_flash.o(i.FLASH_ITConfig), (32 bytes).
    Removing stm32f2xx_flash.o(i.FLASH_InstructionCacheCmd), (36 bytes).
    Removing stm32f2xx_flash.o(i.FLASH_InstructionCacheReset), (20 bytes).
    Removing stm32f2xx_flash.o(i.FLASH_Lock), (20 bytes).
    Removing stm32f2xx_flash.o(i.FLASH_OB_BORConfig), (28 bytes).
    Removing stm32f2xx_flash.o(i.FLASH_OB_GetBOR), (16 bytes).
    Removing stm32f2xx_flash.o(i.FLASH_OB_GetRDP), (24 bytes).
    Removing stm32f2xx_flash.o(i.FLASH_OB_GetUser), (16 bytes).
    Removing stm32f2xx_flash.o(i.FLASH_OB_GetWRP), (12 bytes).
    Removing stm32f2xx_flash.o(i.FLASH_OB_Launch), (36 bytes).
    Removing stm32f2xx_flash.o(i.FLASH_OB_Lock), (20 bytes).
    Removing stm32f2xx_flash.o(i.FLASH_OB_RDPConfig), (32 bytes).
    Removing stm32f2xx_flash.o(i.FLASH_OB_Unlock), (36 bytes).
    Removing stm32f2xx_flash.o(i.FLASH_OB_UserConfig), (64 bytes).
    Removing stm32f2xx_flash.o(i.FLASH_OB_WRPConfig), (56 bytes).
    Removing stm32f2xx_flash.o(i.FLASH_PrefetchBufferCmd), (36 bytes).
    Removing stm32f2xx_flash.o(i.FLASH_ProgramByte), (84 bytes).
    Removing stm32f2xx_flash.o(i.FLASH_ProgramDoubleWord), (92 bytes).
    Removing stm32f2xx_flash.o(i.FLASH_ProgramHalfWord), (88 bytes).
    Removing stm32f2xx_flash.o(i.FLASH_ProgramOTP), (88 bytes).
    Removing stm32f2xx_flash.o(i.FLASH_ProgramWord), (88 bytes).
    Removing stm32f2xx_flash.o(i.FLASH_SetLatency), (12 bytes).
    Removing stm32f2xx_flash.o(i.FLASH_Unlock), (36 bytes).
    Removing stm32f2xx_flash.o(i.FLASH_WaitForLastOperation), (38 bytes).
    Removing stm32f2xx_fsmc.o(i.FSMC_ClearFlag), (64 bytes).
    Removing stm32f2xx_fsmc.o(i.FSMC_ClearITPendingBit), (72 bytes).
    Removing stm32f2xx_fsmc.o(i.FSMC_GetECC), (28 bytes).
    Removing stm32f2xx_fsmc.o(i.FSMC_GetFlagStatus), (56 bytes).
    Removing stm32f2xx_fsmc.o(i.FSMC_GetITStatus), (68 bytes).
    Removing stm32f2xx_fsmc.o(i.FSMC_ITConfig), (128 bytes).
    Removing stm32f2xx_fsmc.o(i.FSMC_NANDCmd), (92 bytes).
    Removing stm32f2xx_fsmc.o(i.FSMC_NANDDeInit), (68 bytes).
    Removing stm32f2xx_fsmc.o(i.FSMC_NANDECCCmd), (92 bytes).
    Removing stm32f2xx_fsmc.o(i.FSMC_NANDInit), (136 bytes).
    Removing stm32f2xx_fsmc.o(i.FSMC_NANDStructInit), (54 bytes).
    Removing stm32f2xx_fsmc.o(i.FSMC_NORSRAMCmd), (52 bytes).
    Removing stm32f2xx_fsmc.o(i.FSMC_NORSRAMDeInit), (54 bytes).
    Removing stm32f2xx_fsmc.o(i.FSMC_NORSRAMInit), (230 bytes).
    Removing stm32f2xx_fsmc.o(i.FSMC_NORSRAMStructInit), (114 bytes).
    Removing stm32f2xx_fsmc.o(i.FSMC_PCCARDCmd), (48 bytes).
    Removing stm32f2xx_fsmc.o(i.FSMC_PCCARDDeInit), (40 bytes).
    Removing stm32f2xx_fsmc.o(i.FSMC_PCCARDInit), (132 bytes).
    Removing stm32f2xx_fsmc.o(i.FSMC_PCCARDStructInit), (60 bytes).
    Removing stm32f2xx_gpio.o(i.GPIO_DeInit), (256 bytes).
    Removing stm32f2xx_gpio.o(i.GPIO_PinLockConfig), (18 bytes).
    Removing stm32f2xx_gpio.o(i.GPIO_ReadInputData), (8 bytes).
    Removing stm32f2xx_gpio.o(i.GPIO_ReadInputDataBit), (18 bytes).
    Removing stm32f2xx_gpio.o(i.GPIO_ReadOutputData), (8 bytes).
    Removing stm32f2xx_gpio.o(i.GPIO_ReadOutputDataBit), (18 bytes).
    Removing stm32f2xx_gpio.o(i.GPIO_StructInit), (18 bytes).
    Removing stm32f2xx_gpio.o(i.GPIO_ToggleBits), (8 bytes).
    Removing stm32f2xx_gpio.o(i.GPIO_Write), (4 bytes).
    Removing stm32f2xx_gpio.o(i.GPIO_WriteBit), (10 bytes).
    Removing stm32f2xx_hash.o(i.HASH_ClearITPendingBit), (16 bytes).
    Removing stm32f2xx_hash.o(i.HASH_DMACmd), (36 bytes).
    Removing stm32f2xx_hash.o(i.HASH_DataIn), (12 bytes).
    Removing stm32f2xx_hash.o(i.HASH_DataOut), (44 bytes).
    Removing stm32f2xx_hash.o(i.HASH_DeInit), (20 bytes).
    Removing stm32f2xx_hash.o(i.HASH_GetFIFOWordsNumber), (16 bytes).
    Removing stm32f2xx_hash.o(i.HASH_GetFlagStatus), (44 bytes).
    Removing stm32f2xx_hash.o(i.HASH_GetITStatus), (24 bytes).
    Removing stm32f2xx_hash.o(i.HASH_ITConfig), (32 bytes).
    Removing stm32f2xx_hash.o(i.HASH_Init), (80 bytes).
    Removing stm32f2xx_hash.o(i.HASH_NbValidBits), (28 bytes).
    Removing stm32f2xx_hash.o(i.HASH_Reset), (20 bytes).
    Removing stm32f2xx_hash.o(i.HASH_Start), (20 bytes).
    Removing stm32f2xx_hash.o(i.HASH_StructInit), (12 bytes).
    Removing stm32f2xx_i2c.o(i.I2C_ARPCmd), (24 bytes).
    Removing stm32f2xx_i2c.o(i.I2C_AcknowledgeConfig), (24 bytes).
    Removing stm32f2xx_i2c.o(i.I2C_CalculatePEC), (24 bytes).
    Removing stm32f2xx_i2c.o(i.I2C_CheckEvent), (42 bytes).
    Removing stm32f2xx_i2c.o(i.I2C_ClearFlag), (12 bytes).
    Removing stm32f2xx_i2c.o(i.I2C_ClearITPendingBit), (12 bytes).
    Removing stm32f2xx_i2c.o(i.I2C_Cmd), (24 bytes).
    Removing stm32f2xx_i2c.o(i.I2C_DMACmd), (24 bytes).
    Removing stm32f2xx_i2c.o(i.I2C_DMALastTransferCmd), (24 bytes).
    Removing stm32f2xx_i2c.o(i.I2C_DeInit), (96 bytes).
    Removing stm32f2xx_i2c.o(i.I2C_DualAddressCmd), (24 bytes).
    Removing stm32f2xx_i2c.o(i.I2C_FastModeDutyCycleConfig), (28 bytes).
    Removing stm32f2xx_i2c.o(i.I2C_GeneralCallCmd), (24 bytes).
    Removing stm32f2xx_i2c.o(i.I2C_GenerateSTART), (24 bytes).
    Removing stm32f2xx_i2c.o(i.I2C_GenerateSTOP), (24 bytes).
    Removing stm32f2xx_i2c.o(i.I2C_GetFlagStatus), (58 bytes).
    Removing stm32f2xx_i2c.o(i.I2C_GetITStatus), (38 bytes).
    Removing stm32f2xx_i2c.o(i.I2C_GetLastEvent), (26 bytes).
    Removing stm32f2xx_i2c.o(i.I2C_GetPEC), (8 bytes).
    Removing stm32f2xx_i2c.o(i.I2C_ITConfig), (18 bytes).
    Removing stm32f2xx_i2c.o(i.I2C_Init), (232 bytes).
    Removing stm32f2xx_i2c.o(i.I2C_OwnAddress2Config), (22 bytes).
    Removing stm32f2xx_i2c.o(i.I2C_PECPositionConfig), (28 bytes).
    Removing stm32f2xx_i2c.o(i.I2C_ReadRegister), (22 bytes).
    Removing stm32f2xx_i2c.o(i.I2C_ReceiveData), (8 bytes).
    Removing stm32f2xx_i2c.o(i.I2C_SMBusAlertConfig), (28 bytes).
    Removing stm32f2xx_i2c.o(i.I2C_Send7bitAddress), (16 bytes).
    Removing stm32f2xx_i2c.o(i.I2C_SendData), (4 bytes).
    Removing stm32f2xx_i2c.o(i.I2C_SoftwareResetCmd), (22 bytes).
    Removing stm32f2xx_i2c.o(i.I2C_StretchClockCmd), (24 bytes).
    Removing stm32f2xx_i2c.o(i.I2C_StructInit), (30 bytes).
    Removing stm32f2xx_i2c.o(i.I2C_TransmitPEC), (24 bytes).
    Removing stm32f2xx_iwdg.o(i.IWDG_Enable), (16 bytes).
    Removing stm32f2xx_iwdg.o(i.IWDG_GetFlagStatus), (24 bytes).
    Removing stm32f2xx_iwdg.o(i.IWDG_ReloadCounter), (16 bytes).
    Removing stm32f2xx_iwdg.o(i.IWDG_SetPrescaler), (12 bytes).
    Removing stm32f2xx_iwdg.o(i.IWDG_SetReload), (12 bytes).
    Removing stm32f2xx_iwdg.o(i.IWDG_WriteAccessCmd), (12 bytes).
    Removing stm32f2xx_pwr.o(i.PWR_BackupAccessCmd), (12 bytes).
    Removing stm32f2xx_pwr.o(i.PWR_BackupRegulatorCmd), (12 bytes).
    Removing stm32f2xx_pwr.o(i.PWR_ClearFlag), (20 bytes).
    Removing stm32f2xx_pwr.o(i.PWR_DeInit), (22 bytes).
    Removing stm32f2xx_pwr.o(i.PWR_EnterSTANDBYMode), (52 bytes).
    Removing stm32f2xx_pwr.o(i.PWR_EnterSTOPMode), (64 bytes).
    Removing stm32f2xx_pwr.o(i.PWR_FlashPowerDownCmd), (12 bytes).
    Removing stm32f2xx_pwr.o(i.PWR_GetFlagStatus), (24 bytes).
    Removing stm32f2xx_pwr.o(i.PWR_PVDCmd), (12 bytes).
    Removing stm32f2xx_pwr.o(i.PWR_PVDLevelConfig), (24 bytes).
    Removing stm32f2xx_pwr.o(i.PWR_WakeUpPinCmd), (12 bytes).
    Removing stm32f2xx_rcc.o(i.RCC_AHB1PeriphClockLPModeCmd), (32 bytes).
    Removing stm32f2xx_rcc.o(i.RCC_AHB1PeriphResetCmd), (32 bytes).
    Removing stm32f2xx_rcc.o(i.RCC_AHB2PeriphClockCmd), (32 bytes).
    Removing stm32f2xx_rcc.o(i.RCC_AHB2PeriphClockLPModeCmd), (32 bytes).
    Removing stm32f2xx_rcc.o(i.RCC_AHB2PeriphResetCmd), (32 bytes).
    Removing stm32f2xx_rcc.o(i.RCC_AHB3PeriphClockCmd), (32 bytes).
    Removing stm32f2xx_rcc.o(i.RCC_AHB3PeriphClockLPModeCmd), (32 bytes).
    Removing stm32f2xx_rcc.o(i.RCC_AHB3PeriphResetCmd), (32 bytes).
    Removing stm32f2xx_rcc.o(i.RCC_APB1PeriphClockCmd), (32 bytes).
    Removing stm32f2xx_rcc.o(i.RCC_APB1PeriphClockLPModeCmd), (32 bytes).
    Removing stm32f2xx_rcc.o(i.RCC_APB1PeriphResetCmd), (32 bytes).
    Removing stm32f2xx_rcc.o(i.RCC_APB2PeriphClockLPModeCmd), (32 bytes).
    Removing stm32f2xx_rcc.o(i.RCC_APB2PeriphResetCmd), (32 bytes).
    Removing stm32f2xx_rcc.o(i.RCC_AdjustHSICalibrationValue), (24 bytes).
    Removing stm32f2xx_rcc.o(i.RCC_BackupResetCmd), (12 bytes).
    Removing stm32f2xx_rcc.o(i.RCC_ClearFlag), (20 bytes).
    Removing stm32f2xx_rcc.o(i.RCC_ClearITPendingBit), (12 bytes).
    Removing stm32f2xx_rcc.o(i.RCC_ClockSecuritySystemCmd), (12 bytes).
    Removing stm32f2xx_rcc.o(i.RCC_DeInit), (68 bytes).
    Removing stm32f2xx_rcc.o(i.RCC_GetFlagStatus), (64 bytes).
    Removing stm32f2xx_rcc.o(i.RCC_GetITStatus), (24 bytes).
    Removing stm32f2xx_rcc.o(i.RCC_GetSYSCLKSource), (16 bytes).
    Removing stm32f2xx_rcc.o(i.RCC_HCLKConfig), (24 bytes).
    Removing stm32f2xx_rcc.o(i.RCC_HSEConfig), (76 bytes).
    Removing stm32f2xx_rcc.o(i.RCC_HSICmd), (12 bytes).
    Removing stm32f2xx_rcc.o(i.RCC_I2SCLKConfig), (12 bytes).
    Removing stm32f2xx_rcc.o(i.RCC_ITConfig), (32 bytes).
    Removing stm32f2xx_rcc.o(i.RCC_LSEConfig), (44 bytes).
    Removing stm32f2xx_rcc.o(i.RCC_LSICmd), (12 bytes).
    Removing stm32f2xx_rcc.o(i.RCC_MCO1Config), (28 bytes).
    Removing stm32f2xx_rcc.o(i.RCC_MCO2Config), (28 bytes).
    Removing stm32f2xx_rcc.o(i.RCC_PCLK1Config), (24 bytes).
    Removing stm32f2xx_rcc.o(i.RCC_PCLK2Config), (24 bytes).
    Removing stm32f2xx_rcc.o(i.RCC_PLLCmd), (12 bytes).
    Removing stm32f2xx_rcc.o(i.RCC_PLLConfig), (40 bytes).
    Removing stm32f2xx_rcc.o(i.RCC_PLLI2SCmd), (12 bytes).
    Removing stm32f2xx_rcc.o(i.RCC_PLLI2SConfig), (16 bytes).
    Removing stm32f2xx_rcc.o(i.RCC_RTCCLKCmd), (12 bytes).
    Removing stm32f2xx_rcc.o(i.RCC_RTCCLKConfig), (60 bytes).
    Removing stm32f2xx_rcc.o(i.RCC_SYSCLKConfig), (24 bytes).
    Removing stm32f2xx_rcc.o(i.RCC_WaitForHSEStartUp), (54 bytes).
    Removing stm32f2xx_rng.o(i.RNG_ClearITPendingBit), (16 bytes).
    Removing stm32f2xx_rng.o(i.RNG_Cmd), (36 bytes).
    Removing stm32f2xx_rng.o(i.RNG_DeInit), (20 bytes).
    Removing stm32f2xx_rng.o(i.RNG_GetFlagStatus), (24 bytes).
    Removing stm32f2xx_rng.o(i.RNG_GetITStatus), (24 bytes).
    Removing stm32f2xx_rng.o(i.RNG_GetRandomNumber), (12 bytes).
    Removing stm32f2xx_rng.o(i.RNG_ITConfig), (36 bytes).
    Removing stm32f2xx_rtc.o(i.RTC_AlarmCmd), (104 bytes).
    Removing stm32f2xx_rtc.o(i.RTC_Bcd2ToByte), (22 bytes).
    Removing stm32f2xx_rtc.o(i.RTC_ByteToBcd2), (28 bytes).
    Removing stm32f2xx_rtc.o(i.RTC_CalibOutputCmd), (52 bytes).
    Removing stm32f2xx_rtc.o(i.RTC_ClearFlag), (16 bytes).
    Removing stm32f2xx_rtc.o(i.RTC_ClearITPendingBit), (24 bytes).
    Removing stm32f2xx_rtc.o(i.RTC_DayLightSavingConfig), (52 bytes).
    Removing stm32f2xx_rtc.o(i.RTC_DeInit), (180 bytes).
    Removing stm32f2xx_rtc.o(i.RTC_DigitalCalibCmd), (68 bytes).
    Removing stm32f2xx_rtc.o(i.RTC_DigitalCalibConfig), (52 bytes).
    Removing stm32f2xx_rtc.o(i.RTC_EnterInitMode), (80 bytes).
    Removing stm32f2xx_rtc.o(i.RTC_ExitInitMode), (20 bytes).
    Removing stm32f2xx_rtc.o(i.RTC_GetAlarm), (116 bytes).
    Removing stm32f2xx_rtc.o(i.RTC_GetDate), (80 bytes).
    Removing stm32f2xx_rtc.o(i.RTC_GetFlagStatus), (40 bytes).
    Removing stm32f2xx_rtc.o(i.RTC_GetITStatus), (76 bytes).
    Removing stm32f2xx_rtc.o(i.RTC_GetStoreOperation), (16 bytes).
    Removing stm32f2xx_rtc.o(i.RTC_GetTime), (80 bytes).
    Removing stm32f2xx_rtc.o(i.RTC_GetTimeStamp), (156 bytes).
    Removing stm32f2xx_rtc.o(i.RTC_GetWakeUpCounter), (12 bytes).
    Removing stm32f2xx_rtc.o(i.RTC_ITConfig), (92 bytes).
    Removing stm32f2xx_rtc.o(i.RTC_Init), (80 bytes).
    Removing stm32f2xx_rtc.o(i.RTC_OutputConfig), (52 bytes).
    Removing stm32f2xx_rtc.o(i.RTC_OutputTypeConfig), (28 bytes).
    Removing stm32f2xx_rtc.o(i.RTC_ReadBackupRegister), (32 bytes).
    Removing stm32f2xx_rtc.o(i.RTC_RefClockCmd), (68 bytes).
    Removing stm32f2xx_rtc.o(i.RTC_SetAlarm), (228 bytes).
    Removing stm32f2xx_rtc.o(i.RTC_SetDate), (176 bytes).
    Removing stm32f2xx_rtc.o(i.RTC_SetTime), (184 bytes).
    Removing stm32f2xx_rtc.o(i.RTC_SetWakeUpCounter), (28 bytes).
    Removing stm32f2xx_rtc.o(i.RTC_StructInit), (14 bytes).
    Removing stm32f2xx_rtc.o(i.RTC_TamperCmd), (36 bytes).
    Removing stm32f2xx_rtc.o(i.RTC_TamperConfig), (24 bytes).
    Removing stm32f2xx_rtc.o(i.RTC_TamperPinSelection), (28 bytes).
    Removing stm32f2xx_rtc.o(i.RTC_TimeStampCmd), (56 bytes).
    Removing stm32f2xx_rtc.o(i.RTC_TimeStampPinSelection), (28 bytes).
    Removing stm32f2xx_rtc.o(i.RTC_WaitForSynchro), (72 bytes).
    Removing stm32f2xx_rtc.o(i.RTC_WakeUpClockConfig), (44 bytes).
    Removing stm32f2xx_rtc.o(i.RTC_WakeUpCmd), (108 bytes).
    Removing stm32f2xx_rtc.o(i.RTC_WriteBackupRegister), (28 bytes).
    Removing stm32f2xx_rtc.o(i.RTC_WriteProtectionCmd), (28 bytes).
    Removing stm32f2xx_sdio.o(i.SDIO_CEATAITCmd), (16 bytes).
    Removing stm32f2xx_sdio.o(i.SDIO_ClearFlag), (12 bytes).
    Removing stm32f2xx_sdio.o(i.SDIO_ClearITPendingBit), (12 bytes).
    Removing stm32f2xx_sdio.o(i.SDIO_ClockCmd), (12 bytes).
    Removing stm32f2xx_sdio.o(i.SDIO_CmdStructInit), (14 bytes).
    Removing stm32f2xx_sdio.o(i.SDIO_CommandCompletionCmd), (12 bytes).
    Removing stm32f2xx_sdio.o(i.SDIO_DMACmd), (12 bytes).
    Removing stm32f2xx_sdio.o(i.SDIO_DataConfig), (52 bytes).
    Removing stm32f2xx_sdio.o(i.SDIO_DataStructInit), (20 bytes).
    Removing stm32f2xx_sdio.o(i.SDIO_DeInit), (22 bytes).
    Removing stm32f2xx_sdio.o(i.SDIO_GetCommandResponse), (12 bytes).
    Removing stm32f2xx_sdio.o(i.SDIO_GetDataCounter), (12 bytes).
    Removing stm32f2xx_sdio.o(i.SDIO_GetFIFOCount), (12 bytes).
    Removing stm32f2xx_sdio.o(i.SDIO_GetFlagStatus), (24 bytes).
    Removing stm32f2xx_sdio.o(i.SDIO_GetITStatus), (24 bytes).
    Removing stm32f2xx_sdio.o(i.SDIO_GetPowerState), (16 bytes).
    Removing stm32f2xx_sdio.o(i.SDIO_GetResponse), (24 bytes).
    Removing stm32f2xx_sdio.o(i.SDIO_ITConfig), (32 bytes).
    Removing stm32f2xx_sdio.o(i.SDIO_Init), (48 bytes).
    Removing stm32f2xx_sdio.o(i.SDIO_ReadData), (12 bytes).
    Removing stm32f2xx_sdio.o(i.SDIO_SendCEATACmd), (12 bytes).
    Removing stm32f2xx_sdio.o(i.SDIO_SendCommand), (44 bytes).
    Removing stm32f2xx_sdio.o(i.SDIO_SendSDIOSuspendCmd), (12 bytes).
    Removing stm32f2xx_sdio.o(i.SDIO_SetPowerState), (28 bytes).
    Removing stm32f2xx_sdio.o(i.SDIO_SetSDIOOperation), (12 bytes).
    Removing stm32f2xx_sdio.o(i.SDIO_SetSDIOReadWaitMode), (12 bytes).
    Removing stm32f2xx_sdio.o(i.SDIO_StartSDIOReadWait), (12 bytes).
    Removing stm32f2xx_sdio.o(i.SDIO_StopSDIOReadWait), (12 bytes).
    Removing stm32f2xx_sdio.o(i.SDIO_StructInit), (16 bytes).
    Removing stm32f2xx_sdio.o(i.SDIO_WriteData), (12 bytes).
    Removing stm32f2xx_spi.o(i.I2S_Cmd), (24 bytes).
    Removing stm32f2xx_spi.o(i.I2S_Init), (288 bytes).
    Removing stm32f2xx_spi.o(i.I2S_StructInit), (20 bytes).
    Removing stm32f2xx_spi.o(i.SPI_BiDirectionalLineConfig), (28 bytes).
    Removing stm32f2xx_spi.o(i.SPI_CalculateCRC), (24 bytes).
    Removing stm32f2xx_spi.o(i.SPI_Cmd), (24 bytes).
    Removing stm32f2xx_spi.o(i.SPI_DataSizeConfig), (18 bytes).
    Removing stm32f2xx_spi.o(i.SPI_GetCRC), (16 bytes).
    Removing stm32f2xx_spi.o(i.SPI_GetCRCPolynomial), (6 bytes).
    Removing stm32f2xx_spi.o(i.SPI_I2S_ClearFlag), (6 bytes).
    Removing stm32f2xx_spi.o(i.SPI_I2S_ClearITPendingBit), (20 bytes).
    Removing stm32f2xx_spi.o(i.SPI_I2S_DMACmd), (18 bytes).
    Removing stm32f2xx_spi.o(i.SPI_I2S_DeInit), (88 bytes).
    Removing stm32f2xx_spi.o(i.SPI_I2S_GetFlagStatus), (18 bytes).
    Removing stm32f2xx_spi.o(i.SPI_I2S_GetITStatus), (52 bytes).
    Removing stm32f2xx_spi.o(i.SPI_I2S_ITConfig), (32 bytes).
    Removing stm32f2xx_spi.o(i.SPI_I2S_ReceiveData), (6 bytes).
    Removing stm32f2xx_spi.o(i.SPI_I2S_SendData), (4 bytes).
    Removing stm32f2xx_spi.o(i.SPI_Init), (60 bytes).
    Removing stm32f2xx_spi.o(i.SPI_NSSInternalSoftwareConfig), (30 bytes).
    Removing stm32f2xx_spi.o(i.SPI_SSOutputCmd), (24 bytes).
    Removing stm32f2xx_spi.o(i.SPI_StructInit), (24 bytes).
    Removing stm32f2xx_spi.o(i.SPI_TIModeCmd), (24 bytes).
    Removing stm32f2xx_spi.o(i.SPI_TransmitCRC), (10 bytes).
    Removing stm32f2xx_syscfg.o(i.SYSCFG_DeInit), (22 bytes).
    Removing stm32f2xx_syscfg.o(i.SYSCFG_ETH_MediaInterfaceConfig), (12 bytes).
    Removing stm32f2xx_syscfg.o(i.SYSCFG_EXTILineConfig), (64 bytes).
    Removing stm32f2xx_syscfg.o(i.SYSCFG_MemoryRemapConfig), (12 bytes).
    Removing stm32f2xx_tim.o(i.TI1_Config), (54 bytes).
    Removing stm32f2xx_tim.o(i.TI2_Config), (68 bytes).
    Removing stm32f2xx_tim.o(i.TI3_Config), (60 bytes).
    Removing stm32f2xx_tim.o(i.TI4_Config), (68 bytes).
    Removing stm32f2xx_tim.o(i.TIM_ARRPreloadConfig), (22 bytes).
    Removing stm32f2xx_tim.o(i.TIM_BDTRConfig), (32 bytes).
    Removing stm32f2xx_tim.o(i.TIM_BDTRStructInit), (18 bytes).
    Removing stm32f2xx_tim.o(i.TIM_CCPreloadControl), (22 bytes).
    Removing stm32f2xx_tim.o(i.TIM_CCxCmd), (30 bytes).
    Removing stm32f2xx_tim.o(i.TIM_CCxNCmd), (30 bytes).
    Removing stm32f2xx_tim.o(i.TIM_ClearFlag), (6 bytes).
    Removing stm32f2xx_tim.o(i.TIM_ClearITPendingBit), (6 bytes).
    Removing stm32f2xx_tim.o(i.TIM_ClearOC1Ref), (16 bytes).
    Removing stm32f2xx_tim.o(i.TIM_ClearOC2Ref), (24 bytes).
    Removing stm32f2xx_tim.o(i.TIM_ClearOC3Ref), (16 bytes).
    Removing stm32f2xx_tim.o(i.TIM_ClearOC4Ref), (24 bytes).
    Removing stm32f2xx_tim.o(i.TIM_Cmd), (22 bytes).
    Removing stm32f2xx_tim.o(i.TIM_CounterModeConfig), (16 bytes).
    Removing stm32f2xx_tim.o(i.TIM_CtrlPWMOutputs), (30 bytes).
    Removing stm32f2xx_tim.o(i.TIM_DMACmd), (18 bytes).
    Removing stm32f2xx_tim.o(i.TIM_DMAConfig), (10 bytes).
    Removing stm32f2xx_tim.o(i.TIM_DeInit), (400 bytes).
    Removing stm32f2xx_tim.o(i.TIM_ETRClockMode1Config), (50 bytes).
    Removing stm32f2xx_tim.o(i.TIM_ETRClockMode2Config), (32 bytes).
    Removing stm32f2xx_tim.o(i.TIM_ETRConfig), (28 bytes).
    Removing stm32f2xx_tim.o(i.TIM_EncoderInterfaceConfig), (62 bytes).
    Removing stm32f2xx_tim.o(i.TIM_ForcedOC1Config), (16 bytes).
    Removing stm32f2xx_tim.o(i.TIM_ForcedOC2Config), (24 bytes).
    Removing stm32f2xx_tim.o(i.TIM_ForcedOC3Config), (16 bytes).
    Removing stm32f2xx_tim.o(i.TIM_ForcedOC4Config), (24 bytes).
    Removing stm32f2xx_tim.o(i.TIM_GenerateEvent), (4 bytes).
    Removing stm32f2xx_tim.o(i.TIM_GetCapture1), (6 bytes).
    Removing stm32f2xx_tim.o(i.TIM_GetCapture2), (6 bytes).
    Removing stm32f2xx_tim.o(i.TIM_GetCapture3), (6 bytes).
    Removing stm32f2xx_tim.o(i.TIM_GetCapture4), (6 bytes).
    Removing stm32f2xx_tim.o(i.TIM_GetCounter), (6 bytes).
    Removing stm32f2xx_tim.o(i.TIM_GetFlagStatus), (18 bytes).
    Removing stm32f2xx_tim.o(i.TIM_GetITStatus), (34 bytes).
    Removing stm32f2xx_tim.o(i.TIM_GetPrescaler), (6 bytes).
    Removing stm32f2xx_tim.o(i.TIM_ICInit), (110 bytes).
    Removing stm32f2xx_tim.o(i.TIM_ICStructInit), (18 bytes).
    Removing stm32f2xx_tim.o(i.TIM_ITConfig), (18 bytes).
    Removing stm32f2xx_tim.o(i.TIM_ITRxExternalClockConfig), (24 bytes).
    Removing stm32f2xx_tim.o(i.TIM_InternalClockConfig), (10 bytes).
    Removing stm32f2xx_tim.o(i.TIM_OC1FastConfig), (16 bytes).
    Removing stm32f2xx_tim.o(i.TIM_OC1Init), (112 bytes).
    Removing stm32f2xx_tim.o(i.TIM_OC1NPolarityConfig), (16 bytes).
    Removing stm32f2xx_tim.o(i.TIM_OC1PolarityConfig), (16 bytes).
    Removing stm32f2xx_tim.o(i.TIM_OC1PreloadConfig), (16 bytes).
    Removing stm32f2xx_tim.o(i.TIM_OC2FastConfig), (24 bytes).
    Removing stm32f2xx_tim.o(i.TIM_OC2Init), (148 bytes).
    Removing stm32f2xx_tim.o(i.TIM_OC2NPolarityConfig), (24 bytes).
    Removing stm32f2xx_tim.o(i.TIM_OC2PolarityConfig), (24 bytes).
    Removing stm32f2xx_tim.o(i.TIM_OC2PreloadConfig), (24 bytes).
    Removing stm32f2xx_tim.o(i.TIM_OC3FastConfig), (16 bytes).
    Removing stm32f2xx_tim.o(i.TIM_OC3Init), (144 bytes).
    Removing stm32f2xx_tim.o(i.TIM_OC3NPolarityConfig), (24 bytes).
    Removing stm32f2xx_tim.o(i.TIM_OC3PolarityConfig), (24 bytes).
    Removing stm32f2xx_tim.o(i.TIM_OC3PreloadConfig), (16 bytes).
    Removing stm32f2xx_tim.o(i.TIM_OC4FastConfig), (24 bytes).
    Removing stm32f2xx_tim.o(i.TIM_OC4Init), (112 bytes).
    Removing stm32f2xx_tim.o(i.TIM_OC4PolarityConfig), (24 bytes).
    Removing stm32f2xx_tim.o(i.TIM_OC4PreloadConfig), (24 bytes).
    Removing stm32f2xx_tim.o(i.TIM_OCStructInit), (20 bytes).
    Removing stm32f2xx_tim.o(i.TIM_PWMIConfig), (124 bytes).
    Removing stm32f2xx_tim.o(i.TIM_PrescalerConfig), (6 bytes).
    Removing stm32f2xx_tim.o(i.TIM_RemapConfig), (6 bytes).
    Removing stm32f2xx_tim.o(i.TIM_SelectCCDMA), (22 bytes).
    Removing stm32f2xx_tim.o(i.TIM_SelectCOM), (22 bytes).
    Removing stm32f2xx_tim.o(i.TIM_SelectHallSensor), (22 bytes).
    Removing stm32f2xx_tim.o(i.TIM_SelectInputTrigger), (16 bytes).
    Removing stm32f2xx_tim.o(i.TIM_SelectMasterSlaveMode), (16 bytes).
    Removing stm32f2xx_tim.o(i.TIM_SelectOCxM), (86 bytes).
    Removing stm32f2xx_tim.o(i.TIM_SelectOnePulseMode), (16 bytes).
    Removing stm32f2xx_tim.o(i.TIM_SelectOutputTrigger), (16 bytes).
    Removing stm32f2xx_tim.o(i.TIM_SelectSlaveMode), (16 bytes).
    Removing stm32f2xx_tim.o(i.TIM_SetAutoreload), (4 bytes).
    Removing stm32f2xx_tim.o(i.TIM_SetClockDivision), (16 bytes).
    Removing stm32f2xx_tim.o(i.TIM_SetCompare1), (4 bytes).
    Removing stm32f2xx_tim.o(i.TIM_SetCompare2), (4 bytes).
    Removing stm32f2xx_tim.o(i.TIM_SetCompare3), (4 bytes).
    Removing stm32f2xx_tim.o(i.TIM_SetCompare4), (4 bytes).
    Removing stm32f2xx_tim.o(i.TIM_SetCounter), (4 bytes).
    Removing stm32f2xx_tim.o(i.TIM_SetIC1Prescaler), (16 bytes).
    Removing stm32f2xx_tim.o(i.TIM_SetIC2Prescaler), (24 bytes).
    Removing stm32f2xx_tim.o(i.TIM_SetIC3Prescaler), (16 bytes).
    Removing stm32f2xx_tim.o(i.TIM_SetIC4Prescaler), (24 bytes).
    Removing stm32f2xx_tim.o(i.TIM_TIxExternalClockConfig), (62 bytes).
    Removing stm32f2xx_tim.o(i.TIM_TimeBaseInit), (128 bytes).
    Removing stm32f2xx_tim.o(i.TIM_TimeBaseStructInit), (18 bytes).
    Removing stm32f2xx_tim.o(i.TIM_UpdateDisableConfig), (22 bytes).
    Removing stm32f2xx_tim.o(i.TIM_UpdateRequestConfig), (22 bytes).
    Removing stm32f2xx_usart.o(i.USART_ClearFlag), (18 bytes).
    Removing stm32f2xx_usart.o(i.USART_ClearITPendingBit), (30 bytes).
    Removing stm32f2xx_usart.o(i.USART_ClockInit), (32 bytes).
    Removing stm32f2xx_usart.o(i.USART_ClockStructInit), (12 bytes).
    Removing stm32f2xx_usart.o(i.USART_DMACmd), (18 bytes).
    Removing stm32f2xx_usart.o(i.USART_DeInit), (180 bytes).
    Removing stm32f2xx_usart.o(i.USART_GetFlagStatus), (26 bytes).
    Removing stm32f2xx_usart.o(i.USART_GetITStatus), (84 bytes).
    Removing stm32f2xx_usart.o(i.USART_HalfDuplexCmd), (24 bytes).
    Removing stm32f2xx_usart.o(i.USART_ITConfig), (74 bytes).
    Removing stm32f2xx_usart.o(i.USART_IrDACmd), (24 bytes).
    Removing stm32f2xx_usart.o(i.USART_IrDAConfig), (18 bytes).
    Removing stm32f2xx_usart.o(i.USART_LINBreakDetectLengthConfig), (18 bytes).
    Removing stm32f2xx_usart.o(i.USART_LINCmd), (24 bytes).
    Removing stm32f2xx_usart.o(i.USART_OneBitMethodCmd), (24 bytes).
    Removing stm32f2xx_usart.o(i.USART_OverSampling8Cmd), (22 bytes).
    Removing stm32f2xx_usart.o(i.USART_ReceiveData), (10 bytes).
    Removing stm32f2xx_usart.o(i.USART_ReceiverWakeUpCmd), (24 bytes).
    Removing stm32f2xx_usart.o(i.USART_SendBreak), (10 bytes).
    Removing stm32f2xx_usart.o(i.USART_SendData), (8 bytes).
    Removing stm32f2xx_usart.o(i.USART_SetAddress), (18 bytes).
    Removing stm32f2xx_usart.o(i.USART_SetGuardTime), (16 bytes).
    Removing stm32f2xx_usart.o(i.USART_SetPrescaler), (16 bytes).
    Removing stm32f2xx_usart.o(i.USART_SmartCardCmd), (24 bytes).
    Removing stm32f2xx_usart.o(i.USART_SmartCardNACKCmd), (24 bytes).
    Removing stm32f2xx_usart.o(i.USART_StructInit), (24 bytes).
    Removing stm32f2xx_usart.o(i.USART_WakeUpConfig), (18 bytes).
    Removing stm32f2xx_wwdg.o(i.WWDG_ClearFlag), (12 bytes).
    Removing stm32f2xx_wwdg.o(i.WWDG_DeInit), (22 bytes).
    Removing stm32f2xx_wwdg.o(i.WWDG_Enable), (16 bytes).
    Removing stm32f2xx_wwdg.o(i.WWDG_EnableIT), (12 bytes).
    Removing stm32f2xx_wwdg.o(i.WWDG_GetFlagStatus), (12 bytes).
    Removing stm32f2xx_wwdg.o(i.WWDG_SetCounter), (16 bytes).
    Removing stm32f2xx_wwdg.o(i.WWDG_SetPrescaler), (24 bytes).
    Removing stm32f2xx_wwdg.o(i.WWDG_SetWindowValue), (40 bytes).
    Removing tasks.o(i.prvListTaskWithinSingleList), (176 bytes).
    Removing tasks.o(i.prvTaskCheckFreeStackSpace), (22 bytes).
    Removing tasks.o(i.prvTaskIsTaskSuspended), (76 bytes).
    Removing tasks.o(i.prvWriteNameToBuffer), (42 bytes).
    Removing tasks.o(i.pvTaskIncrementMutexHeldCount), (32 bytes).
    Removing tasks.o(i.ulTaskNotifyTake), (180 bytes).
    Removing tasks.o(i.uxTaskGetNumberOfTasks), (12 bytes).
    Removing tasks.o(i.uxTaskGetSystemState), (156 bytes).
    Removing tasks.o(i.uxTaskGetTaskNumber), (14 bytes).
    Removing tasks.o(i.uxTaskPriorityGet), (36 bytes).
    Removing tasks.o(i.uxTaskPriorityGetFromISR), (48 bytes).
    Removing tasks.o(i.uxTaskResetEventItemValue), (28 bytes).
    Removing tasks.o(i.vTaskDelayUntil), (192 bytes).
    Removing tasks.o(i.vTaskDelete), (192 bytes).
    Removing tasks.o(i.vTaskEndScheduler), (24 bytes).
    Removing tasks.o(i.vTaskList), (200 bytes).
    Removing tasks.o(i.vTaskMissedYield), (12 bytes).
    Removing tasks.o(i.vTaskNotifyGiveFromISR), (180 bytes).
    Removing tasks.o(i.vTaskPlaceOnEventList), (112 bytes).
    Removing tasks.o(i.vTaskPlaceOnUnorderedEventList), (152 bytes).
    Removing tasks.o(i.vTaskPriorityInherit), (176 bytes).
    Removing tasks.o(i.vTaskPrioritySet), (248 bytes).
    Removing tasks.o(i.vTaskResume), (116 bytes).
    Removing tasks.o(i.vTaskSetTaskNumber), (8 bytes).
    Removing tasks.o(i.vTaskSetTimeOutState), (36 bytes).
    Removing tasks.o(i.vTaskSuspend), (200 bytes).
    Removing tasks.o(i.xTaskCheckForTimeOut), (116 bytes).
    Removing tasks.o(i.xTaskGenericNotify), (216 bytes).
    Removing tasks.o(i.xTaskGenericNotifyFromISR), (260 bytes).
    Removing tasks.o(i.xTaskGetCurrentTaskHandle), (12 bytes).
    Removing tasks.o(i.xTaskGetTickCount), (12 bytes).
    Removing tasks.o(i.xTaskGetTickCountFromISR), (20 bytes).
    Removing tasks.o(i.xTaskNotifyStateClear), (56 bytes).
    Removing tasks.o(i.xTaskNotifyWait), (212 bytes).
    Removing tasks.o(i.xTaskPriorityDisinherit), (172 bytes).
    Removing tasks.o(i.xTaskRemoveFromEventList), (140 bytes).
    Removing tasks.o(i.xTaskRemoveFromUnorderedEventList), (148 bytes).
    Removing tasks.o(i.xTaskResumeFromISR), (148 bytes).
    Removing queue.o(i.prvCopyDataFromQueue), (42 bytes).
    Removing queue.o(i.prvCopyDataToQueue), (128 bytes).
    Removing queue.o(i.prvIsQueueEmpty), (26 bytes).
    Removing queue.o(i.prvIsQueueFull), (30 bytes).
    Removing queue.o(i.prvUnlockQueue), (126 bytes).
    Removing queue.o(i.ucQueueGetQueueType), (8 bytes).
    Removing queue.o(i.uxQueueGetQueueNumber), (6 bytes).
    Removing queue.o(i.uxQueueMessagesWaiting), (28 bytes).
    Removing queue.o(i.uxQueueMessagesWaitingFromISR), (20 bytes).
    Removing queue.o(i.uxQueueSpacesAvailable), (34 bytes).
    Removing queue.o(i.vQueueDelete), (24 bytes).
    Removing queue.o(i.vQueueSetQueueNumber), (4 bytes).
    Removing queue.o(i.xQueueCreateMutex), (76 bytes).
    Removing queue.o(i.xQueueGenericCreate), (106 bytes).
    Removing queue.o(i.xQueueGenericReceive), (320 bytes).
    Removing queue.o(i.xQueueGenericReset), (120 bytes).
    Removing queue.o(i.xQueueGenericSend), (296 bytes).
    Removing queue.o(i.xQueueGenericSendFromISR), (172 bytes).
    Removing queue.o(i.xQueueGiveFromISR), (148 bytes).
    Removing queue.o(i.xQueueIsQueueEmptyFromISR), (28 bytes).
    Removing queue.o(i.xQueueIsQueueFullFromISR), (32 bytes).
    Removing queue.o(i.xQueuePeekFromISR), (110 bytes).
    Removing queue.o(i.xQueueReceiveFromISR), (136 bytes).
    Removing event_groups.o(i.prvTestWaitCondition), (30 bytes).
    Removing event_groups.o(i.uxEventGroupGetNumber), (14 bytes).
    Removing event_groups.o(i.vEventGroupClearBitsCallback), (16 bytes).
    Removing event_groups.o(i.vEventGroupDelete), (68 bytes).
    Removing event_groups.o(i.vEventGroupSetBitsCallback), (16 bytes).
    Removing event_groups.o(i.xEventGroupClearBits), (64 bytes).
    Removing event_groups.o(i.xEventGroupCreate), (26 bytes).
    Removing event_groups.o(i.xEventGroupGetBitsFromISR), (28 bytes).
    Removing event_groups.o(i.xEventGroupSetBits), (178 bytes).
    Removing event_groups.o(i.xEventGroupSync), (186 bytes).
    Removing event_groups.o(i.xEventGroupWaitBits), (238 bytes).
    Removing port.o(i.vPortEndScheduler), (36 bytes).
    Removing port.o(i.vPortValidateInterruptPriority), (92 bytes).
    Removing heap_4.o(i.vPortInitialiseBlocks), (2 bytes).
    Removing heap_4.o(i.xPortGetFreeHeapSize), (12 bytes).
    Removing heap_4.o(i.xPortGetMinimumEverFreeHeapSize), (12 bytes).
    Removing dadd.o(.text), (334 bytes).
    Removing dmul.o(.text), (228 bytes).
    Removing ddiv.o(.text), (222 bytes).
    Removing dfixul.o(.text), (48 bytes).
    Removing cdrcmple.o(.text), (48 bytes).
    Removing depilogue.o(.text), (186 bytes).

632 unused section(s) (total 554080 bytes) removed from the image.

==============================================================================

Image Symbol Table

    Local Symbols

    Symbol Name                              Value     Ov Type        Size  Object(Section)

    ../clib/microlib/division.c              0x00000000   Number         0  uidiv.o ABSOLUTE
    ../clib/microlib/division.c              0x00000000   Number         0  uldiv.o ABSOLUTE
    ../clib/microlib/init/entry.s            0x00000000   Number         0  entry10b.o ABSOLUTE
    ../clib/microlib/init/entry.s            0x00000000   Number         0  entry10a.o ABSOLUTE
    ../clib/microlib/init/entry.s            0x00000000   Number         0  entry7a.o ABSOLUTE
    ../clib/microlib/init/entry.s            0x00000000   Number         0  entry5.o ABSOLUTE
    ../clib/microlib/init/entry.s            0x00000000   Number         0  entry.o ABSOLUTE
    ../clib/microlib/init/entry.s            0x00000000   Number         0  entry2.o ABSOLUTE
    ../clib/microlib/init/entry.s            0x00000000   Number         0  entry7b.o ABSOLUTE
    ../clib/microlib/init/entry.s            0x00000000   Number         0  entry9b.o ABSOLUTE
    ../clib/microlib/init/entry.s            0x00000000   Number         0  entry9a.o ABSOLUTE
    ../clib/microlib/init/entry.s            0x00000000   Number         0  entry8b.o ABSOLUTE
    ../clib/microlib/init/entry.s            0x00000000   Number         0  entry8a.o ABSOLUTE
    ../clib/microlib/init/entry.s            0x00000000   Number         0  entry11a.o ABSOLUTE
    ../clib/microlib/init/entry.s            0x00000000   Number         0  entry11b.o ABSOLUTE
    ../clib/microlib/longlong.c              0x00000000   Number         0  llshl.o ABSOLUTE
    ../clib/microlib/longlong.c              0x00000000   Number         0  llsshr.o ABSOLUTE
    ../clib/microlib/longlong.c              0x00000000   Number         0  llushr.o ABSOLUTE
    ../clib/microlib/printf/printf.c         0x00000000   Number         0  printf2.o ABSOLUTE
    ../clib/microlib/printf/printf.c         0x00000000   Number         0  printf7.o ABSOLUTE
    ../clib/microlib/printf/printf.c         0x00000000   Number         0  printf4.o ABSOLUTE
    ../clib/microlib/printf/printf.c         0x00000000   Number         0  printf5.o ABSOLUTE
    ../clib/microlib/printf/printf.c         0x00000000   Number         0  printf6.o ABSOLUTE
    ../clib/microlib/printf/printf.c         0x00000000   Number         0  printf8.o ABSOLUTE
    ../clib/microlib/printf/printf.c         0x00000000   Number         0  printfa.o ABSOLUTE
    ../clib/microlib/printf/printf.c         0x00000000   Number         0  printf1.o ABSOLUTE
    ../clib/microlib/printf/printf.c         0x00000000   Number         0  printfb.o ABSOLUTE
    ../clib/microlib/printf/printf.c         0x00000000   Number         0  printf0.o ABSOLUTE
    ../clib/microlib/printf/printf.c         0x00000000   Number         0  printf3.o ABSOLUTE
    ../clib/microlib/printf/stubs.s          0x00000000   Number         0  stubs.o ABSOLUTE
    ../clib/microlib/stdio/streams.c         0x00000000   Number         0  stdout.o ABSOLUTE
    ../clib/microlib/string/memcpy.c         0x00000000   Number         0  memcpya.o ABSOLUTE
    ../clib/microlib/string/memcpy.c         0x00000000   Number         0  memcpyb.o ABSOLUTE
    ../clib/microlib/string/memset.c         0x00000000   Number         0  memseta.o ABSOLUTE
    ../clib/microlib/string/strcpy.c         0x00000000   Number         0  strcpy.o ABSOLUTE
    ../clib/microlib/string/strlen.c         0x00000000   Number         0  strlen.o ABSOLUTE
    ../clib/microlib/stubs.s                 0x00000000   Number         0  iusefp.o ABSOLUTE
    ../fplib/microlib/fpadd.c                0x00000000   Number         0  dadd.o ABSOLUTE
    ../fplib/microlib/fpdiv.c                0x00000000   Number         0  ddiv.o ABSOLUTE
    ../fplib/microlib/fpepilogue.c           0x00000000   Number         0  depilogue.o ABSOLUTE
    ../fplib/microlib/fpfix.c                0x00000000   Number         0  dfixul.o ABSOLUTE
    ../fplib/microlib/fpmul.c                0x00000000   Number         0  dmul.o ABSOLUTE
    ..\\core\\core_cm3.c                     0x00000000   Number         0  core_cm3.o ABSOLUTE
    ..\\freertos\\portable\\RVDS\\ARM_CM3\\port.c 0x00000000   Number         0  port.o ABSOLUTE
    ..\core\core_cm3.c                       0x00000000   Number         0  core_cm3.o ABSOLUTE
    ..\core\startup_stm32f2xx.s              0x00000000   Number         0  startup_stm32f2xx.o ABSOLUTE
    ..\core\system_stm32f2xx.c               0x00000000   Number         0  system_stm32f2xx.o ABSOLUTE
    ..\freertos\croutine.c                   0x00000000   Number         0  croutine.o ABSOLUTE
    ..\freertos\event_groups.c               0x00000000   Number         0  event_groups.o ABSOLUTE
    ..\freertos\list.c                       0x00000000   Number         0  list.o ABSOLUTE
    ..\freertos\portable\MemMang\heap_4.c    0x00000000   Number         0  heap_4.o ABSOLUTE
    ..\freertos\portable\RVDS\ARM_CM3\port.c 0x00000000   Number         0  port.o ABSOLUTE
    ..\freertos\queue.c                      0x00000000   Number         0  queue.o ABSOLUTE
    ..\freertos\tasks.c                      0x00000000   Number         0  tasks.o ABSOLUTE
    ..\freertos\timers.c                     0x00000000   Number         0  timers.o ABSOLUTE
    ..\lib\misc.c                            0x00000000   Number         0  misc.o ABSOLUTE
    ..\lib\stm32f2xx_adc.c                   0x00000000   Number         0  stm32f2xx_adc.o ABSOLUTE
    ..\lib\stm32f2xx_can.c                   0x00000000   Number         0  stm32f2xx_can.o ABSOLUTE
    ..\lib\stm32f2xx_crc.c                   0x00000000   Number         0  stm32f2xx_crc.o ABSOLUTE
    ..\lib\stm32f2xx_cryp.c                  0x00000000   Number         0  stm32f2xx_cryp.o ABSOLUTE
    ..\lib\stm32f2xx_dac.c                   0x00000000   Number         0  stm32f2xx_dac.o ABSOLUTE
    ..\lib\stm32f2xx_dbgmcu.c                0x00000000   Number         0  stm32f2xx_dbgmcu.o ABSOLUTE
    ..\lib\stm32f2xx_dcmi.c                  0x00000000   Number         0  stm32f2xx_dcmi.o ABSOLUTE
    ..\lib\stm32f2xx_dma.c                   0x00000000   Number         0  stm32f2xx_dma.o ABSOLUTE
    ..\lib\stm32f2xx_exti.c                  0x00000000   Number         0  stm32f2xx_exti.o ABSOLUTE
    ..\lib\stm32f2xx_flash.c                 0x00000000   Number         0  stm32f2xx_flash.o ABSOLUTE
    ..\lib\stm32f2xx_fsmc.c                  0x00000000   Number         0  stm32f2xx_fsmc.o ABSOLUTE
    ..\lib\stm32f2xx_gpio.c                  0x00000000   Number         0  stm32f2xx_gpio.o ABSOLUTE
    ..\lib\stm32f2xx_hash.c                  0x00000000   Number         0  stm32f2xx_hash.o ABSOLUTE
    ..\lib\stm32f2xx_i2c.c                   0x00000000   Number         0  stm32f2xx_i2c.o ABSOLUTE
    ..\lib\stm32f2xx_iwdg.c                  0x00000000   Number         0  stm32f2xx_iwdg.o ABSOLUTE
    ..\lib\stm32f2xx_pwr.c                   0x00000000   Number         0  stm32f2xx_pwr.o ABSOLUTE
    ..\lib\stm32f2xx_rcc.c                   0x00000000   Number         0  stm32f2xx_rcc.o ABSOLUTE
    ..\lib\stm32f2xx_rng.c                   0x00000000   Number         0  stm32f2xx_rng.o ABSOLUTE
    ..\lib\stm32f2xx_rtc.c                   0x00000000   Number         0  stm32f2xx_rtc.o ABSOLUTE
    ..\lib\stm32f2xx_sdio.c                  0x00000000   Number         0  stm32f2xx_sdio.o ABSOLUTE
    ..\lib\stm32f2xx_spi.c                   0x00000000   Number         0  stm32f2xx_spi.o ABSOLUTE
    ..\lib\stm32f2xx_syscfg.c                0x00000000   Number         0  stm32f2xx_syscfg.o ABSOLUTE
    ..\lib\stm32f2xx_tim.c                   0x00000000   Number         0  stm32f2xx_tim.o ABSOLUTE
    ..\lib\stm32f2xx_usart.c                 0x00000000   Number         0  stm32f2xx_usart.o ABSOLUTE
    ..\lib\stm32f2xx_wwdg.c                  0x00000000   Number         0  stm32f2xx_wwdg.o ABSOLUTE
    ..\user\main.c                           0x00000000   Number         0  main.o ABSOLUTE
    ..\user\uart.c                           0x00000000   Number         0  uart.o ABSOLUTE
    cdrcmple.s                               0x00000000   Number         0  cdrcmple.o ABSOLUTE
    dc.s                                     0x00000000   Number         0  dc.o ABSOLUTE
    handlers.s                               0x00000000   Number         0  handlers.o ABSOLUTE
    init.s                                   0x00000000   Number         0  init.o ABSOLUTE
    RESET                                    0x08000000   Section      388  startup_stm32f2xx.o(RESET)
    .ARM.Collect$$$$00000000                 0x08000184   Section        0  entry.o(.ARM.Collect$$$$00000000)
    .ARM.Collect$$$$00000001                 0x08000184   Section        4  entry2.o(.ARM.Collect$$$$00000001)
    .ARM.Collect$$$$00000004                 0x08000188   Section        4  entry5.o(.ARM.Collect$$$$00000004)
    .ARM.Collect$$$$00000008                 0x0800018c   Section        0  entry7b.o(.ARM.Collect$$$$00000008)
    .ARM.Collect$$$$0000000A                 0x0800018c   Section        0  entry8b.o(.ARM.Collect$$$$0000000A)
    .ARM.Collect$$$$0000000B                 0x0800018c   Section        8  entry9a.o(.ARM.Collect$$$$0000000B)
    .ARM.Collect$$$$0000000D                 0x08000194   Section        0  entry10a.o(.ARM.Collect$$$$0000000D)
    .ARM.Collect$$$$0000000F                 0x08000194   Section        0  entry11a.o(.ARM.Collect$$$$0000000F)
    .ARM.Collect$$$$00002712                 0x08000194   Section        4  entry2.o(.ARM.Collect$$$$00002712)
    __lit__00000000                          0x08000194   Data           4  entry2.o(.ARM.Collect$$$$00002712)
    .emb_text                                0x08000198   Section      162  port.o(.emb_text)
    .text                                    0x0800023c   Section       36  startup_stm32f2xx.o(.text)
    .text                                    0x08000260   Section        0  memseta.o(.text)
    .text                                    0x08000284   Section       36  init.o(.text)
    i.GPIO_Init                              0x080002a8   Section        0  stm32f2xx_gpio.o(i.GPIO_Init)
    i.GPIO_PinAFConfig                       0x08000338   Section        0  stm32f2xx_gpio.o(i.GPIO_PinAFConfig)
    i.GPIO_ResetBits                         0x0800037e   Section        0  stm32f2xx_gpio.o(i.GPIO_ResetBits)
    i.GPIO_SetBits                           0x08000382   Section        0  stm32f2xx_gpio.o(i.GPIO_SetBits)
    i.NVIC_PriorityGroupConfig               0x08000388   Section        0  misc.o(i.NVIC_PriorityGroupConfig)
    i.RCC_AHB1PeriphClockCmd                 0x0800039c   Section        0  stm32f2xx_rcc.o(i.RCC_AHB1PeriphClockCmd)
    i.RCC_APB2PeriphClockCmd                 0x080003bc   Section        0  stm32f2xx_rcc.o(i.RCC_APB2PeriphClockCmd)
    i.RCC_GetClocksFreq                      0x080003dc   Section        0  stm32f2xx_rcc.o(i.RCC_GetClocksFreq)
    i.SetSysClock                            0x08000484   Section        0  system_stm32f2xx.o(i.SetSysClock)
    SetSysClock                              0x08000485   Thumb Code   192  system_stm32f2xx.o(i.SetSysClock)
    i.SysTick_Handler                        0x08000550   Section        0  port.o(i.SysTick_Handler)
    i.SystemInit                             0x08000570   Section        0  system_stm32f2xx.o(i.SystemInit)
    i.USART_Cmd                              0x080005c8   Section        0  stm32f2xx_usart.o(i.USART_Cmd)
    i.USART_Init                             0x080005e0   Section        0  stm32f2xx_usart.o(i.USART_Init)
    i.__scatterload_copy                     0x080006b4   Section       14  handlers.o(i.__scatterload_copy)
    i.__scatterload_null                     0x080006c2   Section        2  handlers.o(i.__scatterload_null)
    i.__scatterload_zeroinit                 0x080006c4   Section       14  handlers.o(i.__scatterload_zeroinit)
    i.delay_ms                               0x080006d2   Section        0  main.o(i.delay_ms)
    delay_ms                                 0x080006d3   Thumb Code    28  main.o(i.delay_ms)
    i.gpio_init                              0x080006f0   Section        0  main.o(i.gpio_init)
    gpio_init                                0x080006f1   Thumb Code    46  main.o(i.gpio_init)
    i.led_task1                              0x08000724   Section        0  main.o(i.led_task1)
    led_task1                                0x08000725   Thumb Code    36  main.o(i.led_task1)
    i.led_task2                              0x0800074c   Section        0  main.o(i.led_task2)
    led_task2                                0x0800074d   Thumb Code    40  main.o(i.led_task2)
    i.led_task3                              0x08000778   Section        0  main.o(i.led_task3)
    led_task3                                0x08000779   Thumb Code    40  main.o(i.led_task3)
    i.main                                   0x080007a4   Section        0  main.o(i.main)
    i.prvAddCurrentTaskToDelayedList         0x080007f4   Section        0  tasks.o(i.prvAddCurrentTaskToDelayedList)
    prvAddCurrentTaskToDelayedList           0x080007f5   Thumb Code    62  tasks.o(i.prvAddCurrentTaskToDelayedList)
    i.prvAllocateTCBAndStack                 0x08000848   Section        0  tasks.o(i.prvAllocateTCBAndStack)
    prvAllocateTCBAndStack                   0x08000849   Thumb Code    66  tasks.o(i.prvAllocateTCBAndStack)
    i.prvCheckTasksWaitingTermination        0x0800088c   Section        0  tasks.o(i.prvCheckTasksWaitingTermination)
    prvCheckTasksWaitingTermination          0x0800088d   Thumb Code    86  tasks.o(i.prvCheckTasksWaitingTermination)
    i.prvDeleteTCB                           0x080008f0   Section        0  tasks.o(i.prvDeleteTCB)
    prvDeleteTCB                             0x080008f1   Thumb Code    18  tasks.o(i.prvDeleteTCB)
    i.prvHeapInit                            0x08000904   Section        0  heap_4.o(i.prvHeapInit)
    prvHeapInit                              0x08000905   Thumb Code    98  heap_4.o(i.prvHeapInit)
    i.prvIdleTask                            0x08000980   Section        0  tasks.o(i.prvIdleTask)
    prvIdleTask                              0x08000981   Thumb Code    20  tasks.o(i.prvIdleTask)
    i.prvInitialiseTCBVariables              0x08000998   Section        0  tasks.o(i.prvInitialiseTCBVariables)
    prvInitialiseTCBVariables                0x08000999   Thumb Code    98  tasks.o(i.prvInitialiseTCBVariables)
    i.prvInitialiseTaskLists                 0x080009fc   Section        0  tasks.o(i.prvInitialiseTaskLists)
    prvInitialiseTaskLists                   0x080009fd   Thumb Code    70  tasks.o(i.prvInitialiseTaskLists)
    i.prvInsertBlockIntoFreeList             0x08000a64   Section        0  heap_4.o(i.prvInsertBlockIntoFreeList)
    prvInsertBlockIntoFreeList               0x08000a65   Thumb Code    96  heap_4.o(i.prvInsertBlockIntoFreeList)
    i.prvResetNextTaskUnblockTime            0x08000acc   Section        0  tasks.o(i.prvResetNextTaskUnblockTime)
    prvResetNextTaskUnblockTime              0x08000acd   Thumb Code    42  tasks.o(i.prvResetNextTaskUnblockTime)
    i.prvTaskExitError                       0x08000b00   Section        0  port.o(i.prvTaskExitError)
    prvTaskExitError                         0x08000b01   Thumb Code    32  port.o(i.prvTaskExitError)
    i.pvPortMalloc                           0x08000b24   Section        0  heap_4.o(i.pvPortMalloc)
    i.pxPortInitialiseStack                  0x08000c38   Section        0  port.o(i.pxPortInitialiseStack)
    i.task_init                              0x08000c58   Section        0  main.o(i.task_init)
    task_init                                0x08000c59   Thumb Code    76  main.o(i.task_init)
    i.uart1_init                             0x08000cc8   Section        0  uart.o(i.uart1_init)
    i.uxListRemove                           0x08000d50   Section        0  list.o(i.uxListRemove)
    i.vListInitialise                        0x08000d78   Section        0  list.o(i.vListInitialise)
    i.vListInitialiseItem                    0x08000d92   Section        0  list.o(i.vListInitialiseItem)
    i.vListInsert                            0x08000d98   Section        0  list.o(i.vListInsert)
    i.vListInsertEnd                         0x08000dcc   Section        0  list.o(i.vListInsertEnd)
    i.vPortEnterCritical                     0x08000de4   Section        0  port.o(i.vPortEnterCritical)
    i.vPortExitCritical                      0x08000e28   Section        0  port.o(i.vPortExitCritical)
    i.vPortFree                              0x08000e54   Section        0  heap_4.o(i.vPortFree)
    i.vPortSetupTimerInterrupt               0x08000ecc   Section        0  port.o(i.vPortSetupTimerInterrupt)
    i.vPortYield                             0x08000ee0   Section        0  port.o(i.vPortYield)
    i.vTaskDelay                             0x08000ef8   Section        0  tasks.o(i.vTaskDelay)
    i.vTaskStartScheduler                    0x08000f68   Section        0  tasks.o(i.vTaskStartScheduler)
    i.vTaskSuspendAll                        0x08000fc8   Section        0  tasks.o(i.vTaskSuspendAll)
    i.vTaskSwitchContext                     0x08000fd8   Section        0  tasks.o(i.vTaskSwitchContext)
    i.xPortStartScheduler                    0x08001058   Section        0  port.o(i.xPortStartScheduler)
    i.xTaskGenericCreate                     0x080010f8   Section        0  tasks.o(i.xTaskGenericCreate)
    i.xTaskIncrementTick                     0x08001230   Section        0  tasks.o(i.xTaskIncrementTick)
    i.xTaskResumeAll                         0x0800136c   Section        0  tasks.o(i.xTaskResumeAll)
    .constdata                               0x08001454   Section       16  stm32f2xx_rcc.o(.constdata)
    APBAHBPrescTable                         0x08001454   Data          16  stm32f2xx_rcc.o(.constdata)
    .data                                    0x20000000   Section       56  tasks.o(.data)
    pxDelayedTaskList                        0x20000004   Data           4  tasks.o(.data)
    pxOverflowDelayedTaskList                0x20000008   Data           4  tasks.o(.data)
    uxTasksDeleted                           0x2000000c   Data           4  tasks.o(.data)
    uxCurrentNumberOfTasks                   0x20000010   Data           4  tasks.o(.data)
    xTickCount                               0x20000014   Data           4  tasks.o(.data)
    uxTopReadyPriority                       0x20000018   Data           4  tasks.o(.data)
    xSchedulerRunning                        0x2000001c   Data           4  tasks.o(.data)
    uxPendedTicks                            0x20000020   Data           4  tasks.o(.data)
    xYieldPending                            0x20000024   Data           4  tasks.o(.data)
    xNumOfOverflows                          0x20000028   Data           4  tasks.o(.data)
    uxTaskNumber                             0x2000002c   Data           4  tasks.o(.data)
    xNextTaskUnblockTime                     0x20000030   Data           4  tasks.o(.data)
    uxSchedulerSuspended                     0x20000034   Data           4  tasks.o(.data)
    .data                                    0x20000038   Section       12  port.o(.data)
    uxCriticalNesting                        0x20000038   Data           4  port.o(.data)
    ucMaxSysCallPriority                     0x2000003c   Data           1  port.o(.data)
    ulMaxPRIGROUPValue                       0x20000040   Data           4  port.o(.data)
    .data                                    0x20000044   Section       24  heap_4.o(.data)
    xStart                                   0x20000044   Data           8  heap_4.o(.data)
    pxEnd                                    0x2000004c   Data           4  heap_4.o(.data)
    xFreeBytesRemaining                      0x20000050   Data           4  heap_4.o(.data)
    xMinimumEverFreeBytesRemaining           0x20000054   Data           4  heap_4.o(.data)
    xBlockAllocatedBit                       0x20000058   Data           4  heap_4.o(.data)
    .bss                                     0x2000005c   Section      220  tasks.o(.bss)
    pxReadyTasksLists                        0x2000005c   Data         120  tasks.o(.bss)
    xDelayedTaskList1                        0x200000d4   Data          20  tasks.o(.bss)
    xDelayedTaskList2                        0x200000e8   Data          20  tasks.o(.bss)
    xPendingReadyList                        0x200000fc   Data          20  tasks.o(.bss)
    xTasksWaitingTermination                 0x20000110   Data          20  tasks.o(.bss)
    xSuspendedTaskList                       0x20000124   Data          20  tasks.o(.bss)
    .bss                                     0x20000138   Section    16384  heap_4.o(.bss)
    ucHeap                                   0x20000138   Data       16384  heap_4.o(.bss)
    STACK                                    0x20004138   Section    65536  startup_stm32f2xx.o(STACK)

    Global Symbols

    Symbol Name                              Value     Ov Type        Size  Object(Section)

    BuildAttributes$$THM_ISAv4$P$D$K$B$S$PE$A:L22UL41UL21$X:L11$S22US41US21$IEEE1$IW$USESV6$~STKCKD$USESV7$~SHL$OSPACE$ROPI$EBA8$MICROLIB$REQ8$PRES8$EABIv2 0x00000000   Number         0  anon$$obj.o ABSOLUTE
    __ARM_use_no_argv                        0x00000000   Number         0  main.o ABSOLUTE
    _printf_a                                0x00000000   Number         0  stubs.o ABSOLUTE
    _printf_c                                0x00000000   Number         0  stubs.o ABSOLUTE
    _printf_charcount                        0x00000000   Number         0  stubs.o ABSOLUTE
    _printf_d                                0x00000000   Number         0  stubs.o ABSOLUTE
    _printf_e                                0x00000000   Number         0  stubs.o ABSOLUTE
    _printf_f                                0x00000000   Number         0  stubs.o ABSOLUTE
    _printf_flags                            0x00000000   Number         0  stubs.o ABSOLUTE
    _printf_fp_dec                           0x00000000   Number         0  stubs.o ABSOLUTE
    _printf_fp_hex                           0x00000000   Number         0  stubs.o ABSOLUTE
    _printf_g                                0x00000000   Number         0  stubs.o ABSOLUTE
    _printf_i                                0x00000000   Number         0  stubs.o ABSOLUTE
    _printf_int_dec                          0x00000000   Number         0  stubs.o ABSOLUTE
    _printf_l                                0x00000000   Number         0  stubs.o ABSOLUTE
    _printf_lc                               0x00000000   Number         0  stubs.o ABSOLUTE
    _printf_ll                               0x00000000   Number         0  stubs.o ABSOLUTE
    _printf_lld                              0x00000000   Number         0  stubs.o ABSOLUTE
    _printf_lli                              0x00000000   Number         0  stubs.o ABSOLUTE
    _printf_llo                              0x00000000   Number         0  stubs.o ABSOLUTE
    _printf_llu                              0x00000000   Number         0  stubs.o ABSOLUTE
    _printf_llx                              0x00000000   Number         0  stubs.o ABSOLUTE
    _printf_longlong_dec                     0x00000000   Number         0  stubs.o ABSOLUTE
    _printf_longlong_hex                     0x00000000   Number         0  stubs.o ABSOLUTE
    _printf_longlong_oct                     0x00000000   Number         0  stubs.o ABSOLUTE
    _printf_ls                               0x00000000   Number         0  stubs.o ABSOLUTE
    _printf_mbtowc                           0x00000000   Number         0  stubs.o ABSOLUTE
    _printf_n                                0x00000000   Number         0  stubs.o ABSOLUTE
    _printf_o                                0x00000000   Number         0  stubs.o ABSOLUTE
    _printf_p                                0x00000000   Number         0  stubs.o ABSOLUTE
    _printf_percent                          0x00000000   Number         0  stubs.o ABSOLUTE
    _printf_pre_padding                      0x00000000   Number         0  stubs.o ABSOLUTE
    _printf_return_value                     0x00000000   Number         0  stubs.o ABSOLUTE
    _printf_s                                0x00000000   Number         0  stubs.o ABSOLUTE
    _printf_sizespec                         0x00000000   Number         0  stubs.o ABSOLUTE
    _printf_str                              0x00000000   Number         0  stubs.o ABSOLUTE
    _printf_truncate_signed                  0x00000000   Number         0  stubs.o ABSOLUTE
    _printf_truncate_unsigned                0x00000000   Number         0  stubs.o ABSOLUTE
    _printf_u                                0x00000000   Number         0  stubs.o ABSOLUTE
    _printf_wc                               0x00000000   Number         0  stubs.o ABSOLUTE
    _printf_wctomb                           0x00000000   Number         0  stubs.o ABSOLUTE
    _printf_widthprec                        0x00000000   Number         0  stubs.o ABSOLUTE
    _printf_x                                0x00000000   Number         0  stubs.o ABSOLUTE
    __cpp_initialize__aeabi_                  - Undefined Weak Reference
    __cxa_finalize                            - Undefined Weak Reference
    __decompress                              - Undefined Weak Reference
    _clock_init                               - Undefined Weak Reference
    _microlib_exit                            - Undefined Weak Reference
    __Vectors_Size                           0x00000184   Number         0  startup_stm32f2xx.o ABSOLUTE
    __Vectors                                0x08000000   Data           4  startup_stm32f2xx.o(RESET)
    __Vectors_End                            0x08000184   Data           0  startup_stm32f2xx.o(RESET)
    __main                                   0x08000185   Thumb Code     0  entry.o(.ARM.Collect$$$$00000000)
    _main_stk                                0x08000185   Thumb Code     0  entry2.o(.ARM.Collect$$$$00000001)
    _main_scatterload                        0x08000189   Thumb Code     0  entry5.o(.ARM.Collect$$$$00000004)
    __main_after_scatterload                 0x0800018d   Thumb Code     0  entry5.o(.ARM.Collect$$$$00000004)
    _main_clock                              0x0800018d   Thumb Code     0  entry7b.o(.ARM.Collect$$$$00000008)
    _main_cpp_init                           0x0800018d   Thumb Code     0  entry8b.o(.ARM.Collect$$$$0000000A)
    _main_init                               0x0800018d   Thumb Code     0  entry9a.o(.ARM.Collect$$$$0000000B)
    __rt_final_cpp                           0x08000195   Thumb Code     0  entry10a.o(.ARM.Collect$$$$0000000D)
    __rt_final_exit                          0x08000195   Thumb Code     0  entry11a.o(.ARM.Collect$$$$0000000F)
    SVC_Handler                              0x08000199   Thumb Code    32  port.o(.emb_text)
    __asm___6_port_c_39a90d8d__prvStartFirstTask 0x080001bd   Thumb Code    28  port.o(.emb_text)
    PendSV_Handler                           0x080001dd   Thumb Code    64  port.o(.emb_text)
    ulPortSetInterruptMask                   0x08000221   Thumb Code    14  port.o(.emb_text)
    vPortClearInterruptMask                  0x0800022f   Thumb Code     6  port.o(.emb_text)
    vPortGetIPSR                             0x08000235   Thumb Code     6  port.o(.emb_text)
    Reset_Handler                            0x0800023d   Thumb Code     8  startup_stm32f2xx.o(.text)
    NMI_Handler                              0x08000245   Thumb Code     2  startup_stm32f2xx.o(.text)
    HardFault_Handler                        0x08000247   Thumb Code     2  startup_stm32f2xx.o(.text)
    MemManage_Handler                        0x08000249   Thumb Code     2  startup_stm32f2xx.o(.text)
    BusFault_Handler                         0x0800024b   Thumb Code     2  startup_stm32f2xx.o(.text)
    UsageFault_Handler                       0x0800024d   Thumb Code     2  startup_stm32f2xx.o(.text)
    DebugMon_Handler                         0x08000251   Thumb Code     2  startup_stm32f2xx.o(.text)
    ADC_IRQHandler                           0x08000257   Thumb Code     0  startup_stm32f2xx.o(.text)
    CAN1_RX0_IRQHandler                      0x08000257   Thumb Code     0  startup_stm32f2xx.o(.text)
    CAN1_RX1_IRQHandler                      0x08000257   Thumb Code     0  startup_stm32f2xx.o(.text)
    CAN1_SCE_IRQHandler                      0x08000257   Thumb Code     0  startup_stm32f2xx.o(.text)
    CAN1_TX_IRQHandler                       0x08000257   Thumb Code     0  startup_stm32f2xx.o(.text)
    CAN2_RX0_IRQHandler                      0x08000257   Thumb Code     0  startup_stm32f2xx.o(.text)
    CAN2_RX1_IRQHandler                      0x08000257   Thumb Code     0  startup_stm32f2xx.o(.text)
    CAN2_SCE_IRQHandler                      0x08000257   Thumb Code     0  startup_stm32f2xx.o(.text)
    CAN2_TX_IRQHandler                       0x08000257   Thumb Code     0  startup_stm32f2xx.o(.text)
    CRYP_IRQHandler                          0x08000257   Thumb Code     0  startup_stm32f2xx.o(.text)
    DCMI_IRQHandler                          0x08000257   Thumb Code     0  startup_stm32f2xx.o(.text)
    DMA1_Stream0_IRQHandler                  0x08000257   Thumb Code     0  startup_stm32f2xx.o(.text)
    DMA1_Stream1_IRQHandler                  0x08000257   Thumb Code     0  startup_stm32f2xx.o(.text)
    DMA1_Stream2_IRQHandler                  0x08000257   Thumb Code     0  startup_stm32f2xx.o(.text)
    DMA1_Stream3_IRQHandler                  0x08000257   Thumb Code     0  startup_stm32f2xx.o(.text)
    DMA1_Stream4_IRQHandler                  0x08000257   Thumb Code     0  startup_stm32f2xx.o(.text)
    DMA1_Stream5_IRQHandler                  0x08000257   Thumb Code     0  startup_stm32f2xx.o(.text)
    DMA1_Stream6_IRQHandler                  0x08000257   Thumb Code     0  startup_stm32f2xx.o(.text)
    DMA1_Stream7_IRQHandler                  0x08000257   Thumb Code     0  startup_stm32f2xx.o(.text)
    DMA2_Stream0_IRQHandler                  0x08000257   Thumb Code     0  startup_stm32f2xx.o(.text)
    DMA2_Stream1_IRQHandler                  0x08000257   Thumb Code     0  startup_stm32f2xx.o(.text)
    DMA2_Stream2_IRQHandler                  0x08000257   Thumb Code     0  startup_stm32f2xx.o(.text)
    DMA2_Stream3_IRQHandler                  0x08000257   Thumb Code     0  startup_stm32f2xx.o(.text)
    DMA2_Stream4_IRQHandler                  0x08000257   Thumb Code     0  startup_stm32f2xx.o(.text)
    DMA2_Stream5_IRQHandler                  0x08000257   Thumb Code     0  startup_stm32f2xx.o(.text)
    DMA2_Stream6_IRQHandler                  0x08000257   Thumb Code     0  startup_stm32f2xx.o(.text)
    DMA2_Stream7_IRQHandler                  0x08000257   Thumb Code     0  startup_stm32f2xx.o(.text)
    ETH_IRQHandler                           0x08000257   Thumb Code     0  startup_stm32f2xx.o(.text)
    ETH_WKUP_IRQHandler                      0x08000257   Thumb Code     0  startup_stm32f2xx.o(.text)
    EXTI0_IRQHandler                         0x08000257   Thumb Code     0  startup_stm32f2xx.o(.text)
    EXTI15_10_IRQHandler                     0x08000257   Thumb Code     0  startup_stm32f2xx.o(.text)
    EXTI1_IRQHandler                         0x08000257   Thumb Code     0  startup_stm32f2xx.o(.text)
    EXTI2_IRQHandler                         0x08000257   Thumb Code     0  startup_stm32f2xx.o(.text)
    EXTI3_IRQHandler                         0x08000257   Thumb Code     0  startup_stm32f2xx.o(.text)
    EXTI4_IRQHandler                         0x08000257   Thumb Code     0  startup_stm32f2xx.o(.text)
    EXTI9_5_IRQHandler                       0x08000257   Thumb Code     0  startup_stm32f2xx.o(.text)
    FLASH_IRQHandler                         0x08000257   Thumb Code     0  startup_stm32f2xx.o(.text)
    FSMC_IRQHandler                          0x08000257   Thumb Code     0  startup_stm32f2xx.o(.text)
    HASH_RNG_IRQHandler                      0x08000257   Thumb Code     0  startup_stm32f2xx.o(.text)
    I2C1_ER_IRQHandler                       0x08000257   Thumb Code     0  startup_stm32f2xx.o(.text)
    I2C1_EV_IRQHandler                       0x08000257   Thumb Code     0  startup_stm32f2xx.o(.text)
    I2C2_ER_IRQHandler                       0x08000257   Thumb Code     0  startup_stm32f2xx.o(.text)
    I2C2_EV_IRQHandler                       0x08000257   Thumb Code     0  startup_stm32f2xx.o(.text)
    I2C3_ER_IRQHandler                       0x08000257   Thumb Code     0  startup_stm32f2xx.o(.text)
    I2C3_EV_IRQHandler                       0x08000257   Thumb Code     0  startup_stm32f2xx.o(.text)
    OTG_FS_IRQHandler                        0x08000257   Thumb Code     0  startup_stm32f2xx.o(.text)
    OTG_FS_WKUP_IRQHandler                   0x08000257   Thumb Code     0  startup_stm32f2xx.o(.text)
    OTG_HS_EP1_IN_IRQHandler                 0x08000257   Thumb Code     0  startup_stm32f2xx.o(.text)
    OTG_HS_EP1_OUT_IRQHandler                0x08000257   Thumb Code     0  startup_stm32f2xx.o(.text)
    OTG_HS_IRQHandler                        0x08000257   Thumb Code     0  startup_stm32f2xx.o(.text)
    OTG_HS_WKUP_IRQHandler                   0x08000257   Thumb Code     0  startup_stm32f2xx.o(.text)
    PVD_IRQHandler                           0x08000257   Thumb Code     0  startup_stm32f2xx.o(.text)
    RCC_IRQHandler                           0x08000257   Thumb Code     0  startup_stm32f2xx.o(.text)
    RTC_Alarm_IRQHandler                     0x08000257   Thumb Code     0  startup_stm32f2xx.o(.text)
    RTC_WKUP_IRQHandler                      0x08000257   Thumb Code     0  startup_stm32f2xx.o(.text)
    SDIO_IRQHandler                          0x08000257   Thumb Code     0  startup_stm32f2xx.o(.text)
    SPI1_IRQHandler                          0x08000257   Thumb Code     0  startup_stm32f2xx.o(.text)
    SPI2_IRQHandler                          0x08000257   Thumb Code     0  startup_stm32f2xx.o(.text)
    SPI3_IRQHandler                          0x08000257   Thumb Code     0  startup_stm32f2xx.o(.text)
    TAMP_STAMP_IRQHandler                    0x08000257   Thumb Code     0  startup_stm32f2xx.o(.text)
    TIM1_BRK_TIM9_IRQHandler                 0x08000257   Thumb Code     0  startup_stm32f2xx.o(.text)
    TIM1_CC_IRQHandler                       0x08000257   Thumb Code     0  startup_stm32f2xx.o(.text)
    TIM1_TRG_COM_TIM11_IRQHandler            0x08000257   Thumb Code     0  startup_stm32f2xx.o(.text)
    TIM1_UP_TIM10_IRQHandler                 0x08000257   Thumb Code     0  startup_stm32f2xx.o(.text)
    TIM2_IRQHandler                          0x08000257   Thumb Code     0  startup_stm32f2xx.o(.text)
    TIM3_IRQHandler                          0x08000257   Thumb Code     0  startup_stm32f2xx.o(.text)
    TIM4_IRQHandler                          0x08000257   Thumb Code     0  startup_stm32f2xx.o(.text)
    TIM5_IRQHandler                          0x08000257   Thumb Code     0  startup_stm32f2xx.o(.text)
    TIM6_DAC_IRQHandler                      0x08000257   Thumb Code     0  startup_stm32f2xx.o(.text)
    TIM7_IRQHandler                          0x08000257   Thumb Code     0  startup_stm32f2xx.o(.text)
    TIM8_BRK_TIM12_IRQHandler                0x08000257   Thumb Code     0  startup_stm32f2xx.o(.text)
    TIM8_CC_IRQHandler                       0x08000257   Thumb Code     0  startup_stm32f2xx.o(.text)
    TIM8_TRG_COM_TIM14_IRQHandler            0x08000257   Thumb Code     0  startup_stm32f2xx.o(.text)
    TIM8_UP_TIM13_IRQHandler                 0x08000257   Thumb Code     0  startup_stm32f2xx.o(.text)
    UART4_IRQHandler                         0x08000257   Thumb Code     0  startup_stm32f2xx.o(.text)
    UART5_IRQHandler                         0x08000257   Thumb Code     0  startup_stm32f2xx.o(.text)
    USART1_IRQHandler                        0x08000257   Thumb Code     0  startup_stm32f2xx.o(.text)
    USART2_IRQHandler                        0x08000257   Thumb Code     0  startup_stm32f2xx.o(.text)
    USART3_IRQHandler                        0x08000257   Thumb Code     0  startup_stm32f2xx.o(.text)
    USART6_IRQHandler                        0x08000257   Thumb Code     0  startup_stm32f2xx.o(.text)
    WWDG_IRQHandler                          0x08000257   Thumb Code     0  startup_stm32f2xx.o(.text)
    __aeabi_memset                           0x08000261   Thumb Code    14  memseta.o(.text)
    __aeabi_memset4                          0x08000261   Thumb Code     0  memseta.o(.text)
    __aeabi_memset8                          0x08000261   Thumb Code     0  memseta.o(.text)
    __aeabi_memclr                           0x0800026f   Thumb Code     4  memseta.o(.text)
    __aeabi_memclr4                          0x0800026f   Thumb Code     0  memseta.o(.text)
    __aeabi_memclr8                          0x0800026f   Thumb Code     0  memseta.o(.text)
    _memset$wrapper                          0x08000273   Thumb Code    18  memseta.o(.text)
    __scatterload                            0x08000285   Thumb Code    28  init.o(.text)
    __scatterload_rt2                        0x08000285   Thumb Code     0  init.o(.text)
    GPIO_Init                                0x080002a9   Thumb Code   144  stm32f2xx_gpio.o(i.GPIO_Init)
    GPIO_PinAFConfig                         0x08000339   Thumb Code    70  stm32f2xx_gpio.o(i.GPIO_PinAFConfig)
    GPIO_ResetBits                           0x0800037f   Thumb Code     4  stm32f2xx_gpio.o(i.GPIO_ResetBits)
    GPIO_SetBits                             0x08000383   Thumb Code     4  stm32f2xx_gpio.o(i.GPIO_SetBits)
    NVIC_PriorityGroupConfig                 0x08000389   Thumb Code    10  misc.o(i.NVIC_PriorityGroupConfig)
    RCC_AHB1PeriphClockCmd                   0x0800039d   Thumb Code    26  stm32f2xx_rcc.o(i.RCC_AHB1PeriphClockCmd)
    RCC_APB2PeriphClockCmd                   0x080003bd   Thumb Code    26  stm32f2xx_rcc.o(i.RCC_APB2PeriphClockCmd)
    RCC_GetClocksFreq                        0x080003dd   Thumb Code   148  stm32f2xx_rcc.o(i.RCC_GetClocksFreq)
    SysTick_Handler                          0x08000551   Thumb Code    28  port.o(i.SysTick_Handler)
    SystemInit                               0x08000571   Thumb Code    74  system_stm32f2xx.o(i.SystemInit)
    USART_Cmd                                0x080005c9   Thumb Code    24  stm32f2xx_usart.o(i.USART_Cmd)
    USART_Init                               0x080005e1   Thumb Code   204  stm32f2xx_usart.o(i.USART_Init)
    __scatterload_copy                       0x080006b5   Thumb Code    14  handlers.o(i.__scatterload_copy)
    __scatterload_null                       0x080006c3   Thumb Code     2  handlers.o(i.__scatterload_null)
    __scatterload_zeroinit                   0x080006c5   Thumb Code    14  handlers.o(i.__scatterload_zeroinit)
    main                                     0x080007a5   Thumb Code    76  main.o(i.main)
    pvPortMalloc                             0x08000b25   Thumb Code   254  heap_4.o(i.pvPortMalloc)
    pxPortInitialiseStack                    0x08000c39   Thumb Code    26  port.o(i.pxPortInitialiseStack)
    uart1_init                               0x08000cc9   Thumb Code   128  uart.o(i.uart1_init)
    uxListRemove                             0x08000d51   Thumb Code    40  list.o(i.uxListRemove)
    vListInitialise                          0x08000d79   Thumb Code    26  list.o(i.vListInitialise)
    vListInitialiseItem                      0x08000d93   Thumb Code     6  list.o(i.vListInitialiseItem)
    vListInsert                              0x08000d99   Thumb Code    52  list.o(i.vListInsert)
    vListInsertEnd                           0x08000dcd   Thumb Code    24  list.o(i.vListInsertEnd)
    vPortEnterCritical                       0x08000de5   Thumb Code    58  port.o(i.vPortEnterCritical)
    vPortExitCritical                        0x08000e29   Thumb Code    40  port.o(i.vPortExitCritical)
    vPortFree                                0x08000e55   Thumb Code   112  heap_4.o(i.vPortFree)
    vPortSetupTimerInterrupt                 0x08000ecd   Thumb Code    14  port.o(i.vPortSetupTimerInterrupt)
    vPortYield                               0x08000ee1   Thumb Code    18  port.o(i.vPortYield)
    vTaskDelay                               0x08000ef9   Thumb Code    94  tasks.o(i.vTaskDelay)
    vTaskStartScheduler                      0x08000f69   Thumb Code    70  tasks.o(i.vTaskStartScheduler)
    vTaskSuspendAll                          0x08000fc9   Thumb Code    12  tasks.o(i.vTaskSuspendAll)
    vTaskSwitchContext                       0x08000fd9   Thumb Code   106  tasks.o(i.vTaskSwitchContext)
    xPortStartScheduler                      0x08001059   Thumb Code   140  port.o(i.xPortStartScheduler)
    xTaskGenericCreate                       0x080010f9   Thumb Code   288  tasks.o(i.xTaskGenericCreate)
    xTaskIncrementTick                       0x08001231   Thumb Code   272  tasks.o(i.xTaskIncrementTick)
    xTaskResumeAll                           0x0800136d   Thumb Code   200  tasks.o(i.xTaskResumeAll)
    Region$$Table$$Base                      0x08001464   Number         0  anon$$obj.o(Region$$Table)
    Region$$Table$$Limit                     0x08001484   Number         0  anon$$obj.o(Region$$Table)
    pxCurrentTCB                             0x20000000   Data           4  tasks.o(.data)
    __initial_sp                             0x20014138   Data           0  startup_stm32f2xx.o(STACK)



==============================================================================

Memory Map of the image

  Image Entry point : 0x08000185

  Load Region LR_IROM1 (Base: 0x08000000, Size: 0x000014e0, Max: 0x00100000, ABSOLUTE)

    Execution Region ER_IROM1 (Base: 0x08000000, Size: 0x00001484, Max: 0x00100000, ABSOLUTE)

    Base Addr    Size         Type   Attr      Idx    E Section Name        Object

    0x08000000   0x00000184   Data   RO          254    RESET               startup_stm32f2xx.o
    0x08000184   0x00000000   Code   RO         4457  * .ARM.Collect$$$$00000000  mc_w.l(entry.o)
    0x08000184   0x00000004   Code   RO         4731    .ARM.Collect$$$$00000001  mc_w.l(entry2.o)
    0x08000188   0x00000004   Code   RO         4734    .ARM.Collect$$$$00000004  mc_w.l(entry5.o)
    0x0800018c   0x00000000   Code   RO         4736    .ARM.Collect$$$$00000008  mc_w.l(entry7b.o)
    0x0800018c   0x00000000   Code   RO         4738    .ARM.Collect$$$$0000000A  mc_w.l(entry8b.o)
    0x0800018c   0x00000008   Code   RO         4739    .ARM.Collect$$$$0000000B  mc_w.l(entry9a.o)
    0x08000194   0x00000000   Code   RO         4741    .ARM.Collect$$$$0000000D  mc_w.l(entry10a.o)
    0x08000194   0x00000000   Code   RO         4743    .ARM.Collect$$$$0000000F  mc_w.l(entry11a.o)
    0x08000194   0x00000004   Code   RO         4732    .ARM.Collect$$$$00002712  mc_w.l(entry2.o)
    0x08000198   0x000000a2   Code   RO         4337    .emb_text           port.o
    0x0800023a   0x00000002   PAD
    0x0800023c   0x00000024   Code   RO          255    .text               startup_stm32f2xx.o
    0x08000260   0x00000024   Code   RO         4462    .text               mc_w.l(memseta.o)
    0x08000284   0x00000024   Code   RO         4761    .text               mc_w.l(init.o)
    0x080002a8   0x00000090   Code   RO         1519    i.GPIO_Init         stm32f2xx_gpio.o
    0x08000338   0x00000046   Code   RO         1520    i.GPIO_PinAFConfig  stm32f2xx_gpio.o
    0x0800037e   0x00000004   Code   RO         1526    i.GPIO_ResetBits    stm32f2xx_gpio.o
    0x08000382   0x00000004   Code   RO         1527    i.GPIO_SetBits      stm32f2xx_gpio.o
    0x08000386   0x00000002   PAD
    0x08000388   0x00000014   Code   RO          260    i.NVIC_PriorityGroupConfig  misc.o
    0x0800039c   0x00000020   Code   RO         2010    i.RCC_AHB1PeriphClockCmd  stm32f2xx_rcc.o
    0x080003bc   0x00000020   Code   RO         2022    i.RCC_APB2PeriphClockCmd  stm32f2xx_rcc.o
    0x080003dc   0x000000a8   Code   RO         2031    i.RCC_GetClocksFreq  stm32f2xx_rcc.o
    0x08000484   0x000000cc   Code   RO          223    i.SetSysClock       system_stm32f2xx.o
    0x08000550   0x00000020   Code   RO         4338    i.SysTick_Handler   port.o
    0x08000570   0x00000058   Code   RO          225    i.SystemInit        system_stm32f2xx.o
    0x080005c8   0x00000018   Code   RO         3504    i.USART_Cmd         stm32f2xx_usart.o
    0x080005e0   0x000000d4   Code   RO         3511    i.USART_Init        stm32f2xx_usart.o
    0x080006b4   0x0000000e   Code   RO         4773    i.__scatterload_copy  mc_w.l(handlers.o)
    0x080006c2   0x00000002   Code   RO         4774    i.__scatterload_null  mc_w.l(handlers.o)
    0x080006c4   0x0000000e   Code   RO         4775    i.__scatterload_zeroinit  mc_w.l(handlers.o)
    0x080006d2   0x0000001c   Code   RO            1    i.delay_ms          main.o
    0x080006ee   0x00000002   PAD
    0x080006f0   0x00000034   Code   RO            2    i.gpio_init         main.o
    0x08000724   0x00000028   Code   RO            3    i.led_task1         main.o
    0x0800074c   0x0000002c   Code   RO            4    i.led_task2         main.o
    0x08000778   0x0000002c   Code   RO            5    i.led_task3         main.o
    0x080007a4   0x00000050   Code   RO            6    i.main              main.o
    0x080007f4   0x00000054   Code   RO         3753    i.prvAddCurrentTaskToDelayedList  tasks.o
    0x08000848   0x00000042   Code   RO         3754    i.prvAllocateTCBAndStack  tasks.o
    0x0800088a   0x00000002   PAD
    0x0800088c   0x00000064   Code   RO         3755    i.prvCheckTasksWaitingTermination  tasks.o
    0x080008f0   0x00000012   Code   RO         3756    i.prvDeleteTCB      tasks.o
    0x08000902   0x00000002   PAD
    0x08000904   0x0000007c   Code   RO         4408    i.prvHeapInit       heap_4.o
    0x08000980   0x00000018   Code   RO         3757    i.prvIdleTask       tasks.o
    0x08000998   0x00000062   Code   RO         3758    i.prvInitialiseTCBVariables  tasks.o
    0x080009fa   0x00000002   PAD
    0x080009fc   0x00000068   Code   RO         3759    i.prvInitialiseTaskLists  tasks.o
    0x08000a64   0x00000068   Code   RO         4409    i.prvInsertBlockIntoFreeList  heap_4.o
    0x08000acc   0x00000034   Code   RO         3761    i.prvResetNextTaskUnblockTime  tasks.o
    0x08000b00   0x00000024   Code   RO         4339    i.prvTaskExitError  port.o
    0x08000b24   0x00000114   Code   RO         4410    i.pvPortMalloc      heap_4.o
    0x08000c38   0x00000020   Code   RO         4340    i.pxPortInitialiseStack  port.o
    0x08000c58   0x00000070   Code   RO            7    i.task_init         main.o
    0x08000cc8   0x00000088   Code   RO          191    i.uart1_init        uart.o
    0x08000d50   0x00000028   Code   RO         4218    i.uxListRemove      list.o
    0x08000d78   0x0000001a   Code   RO         4219    i.vListInitialise   list.o
    0x08000d92   0x00000006   Code   RO         4220    i.vListInitialiseItem  list.o
    0x08000d98   0x00000034   Code   RO         4221    i.vListInsert       list.o
    0x08000dcc   0x00000018   Code   RO         4222    i.vListInsertEnd    list.o
    0x08000de4   0x00000044   Code   RO         4342    i.vPortEnterCritical  port.o
    0x08000e28   0x0000002c   Code   RO         4343    i.vPortExitCritical  port.o
    0x08000e54   0x00000078   Code   RO         4411    i.vPortFree         heap_4.o
    0x08000ecc   0x00000014   Code   RO         4344    i.vPortSetupTimerInterrupt  port.o
    0x08000ee0   0x00000018   Code   RO         4346    i.vPortYield        port.o
    0x08000ef8   0x00000070   Code   RO         3773    i.vTaskDelay        tasks.o
    0x08000f68   0x00000060   Code   RO         3787    i.vTaskStartScheduler  tasks.o
    0x08000fc8   0x00000010   Code   RO         3789    i.vTaskSuspendAll   tasks.o
    0x08000fd8   0x00000080   Code   RO         3790    i.vTaskSwitchContext  tasks.o
    0x08001058   0x000000a0   Code   RO         4347    i.xPortStartScheduler  port.o
    0x080010f8   0x00000138   Code   RO         3792    i.xTaskGenericCreate  tasks.o
    0x08001230   0x0000013c   Code   RO         3798    i.xTaskIncrementTick  tasks.o
    0x0800136c   0x000000e8   Code   RO         3804    i.xTaskResumeAll    tasks.o
    0x08001454   0x00000010   Data   RO         2054    .constdata          stm32f2xx_rcc.o
    0x08001464   0x00000020   Data   RO         4771    Region$$Table       anon$$obj.o


    Execution Region RW_IRAM1 (Base: 0x20000000, Size: 0x00014138, Max: 0x00020000, ABSOLUTE)

    Base Addr    Size         Type   Attr      Idx    E Section Name        Object

    0x20000000   0x00000038   Data   RW         3807    .data               tasks.o
    0x20000038   0x0000000c   Data   RW         4348    .data               port.o
    0x20000044   0x00000018   Data   RW         4416    .data               heap_4.o
    0x2000005c   0x000000dc   Zero   RW         3806    .bss                tasks.o
    0x20000138   0x00004000   Zero   RW         4415    .bss                heap_4.o
    0x20004138   0x00010000   Zero   RW          252    STACK               startup_stm32f2xx.o


==============================================================================

Image component sizes


      Code (inc. data)   RO Data    RW Data    ZI Data      Debug   Object Name

         0          0          0          0          0         32   core_cm3.o
       624         64          0         24      16384       3635   heap_4.o
       148          0          0          0          0       2814   list.o
       400         58          0          0          0     261214   main.o
        20         10          0          0          0        447   misc.o
       578         72          0         12          0       6777   port.o
        36          8        388          0      65536        756   startup_stm32f2xx.o
       222          0          0          0          0       2483   stm32f2xx_gpio.o
       232         32         16          0          0       4062   stm32f2xx_rcc.o
       236          8          0          0          0       1821   stm32f2xx_usart.o
       292         26          0          0          0       1345   system_stm32f2xx.o
      1758        254          0         56        220      12164   tasks.o
         0          0          0          0          0       1452   timers.o
       136          8          0          0          0        573   uart.o

    ----------------------------------------------------------------------
      4694        540        436         92      82140     299575   Object Totals
         0          0         32          0          0          0   (incl. Generated)
        12          0          0          0          0          0   (incl. Padding)

    ----------------------------------------------------------------------

      Code (inc. data)   RO Data    RW Data    ZI Data      Debug   Library Member Name

         0          0          0          0          0          0   entry.o
         0          0          0          0          0          0   entry10a.o
         0          0          0          0          0          0   entry11a.o
         8          4          0          0          0          0   entry2.o
         4          0          0          0          0          0   entry5.o
         0          0          0          0          0          0   entry7b.o
         0          0          0          0          0          0   entry8b.o
         8          4          0          0          0          0   entry9a.o
        30          0          0          0          0          0   handlers.o
        36          8          0          0          0         68   init.o
        36          0          0          0          0        108   memseta.o

    ----------------------------------------------------------------------
       122         16          0          0          0        176   Library Totals
         0          0          0          0          0          0   (incl. Padding)

    ----------------------------------------------------------------------

      Code (inc. data)   RO Data    RW Data    ZI Data      Debug   Library Name

       122         16          0          0          0        176   mc_w.l

    ----------------------------------------------------------------------
       122         16          0          0          0        176   Library Totals

    ----------------------------------------------------------------------

==============================================================================


      Code (inc. data)   RO Data    RW Data    ZI Data      Debug   

      4816        556        436         92      82140     297303   Grand Totals
      4816        556        436         92      82140     297303   ELF Image Totals
      4816        556        436         92          0          0   ROM Totals

==============================================================================

    Total RO  Size (Code + RO Data)                 5252 (   5.13kB)
    Total RW  Size (RW Data + ZI Data)             82232 (  80.30kB)
    Total ROM Size (Code + RO Data + RW Data)       5344 (   5.22kB)

==============================================================================

