Component: ARM Compiler 5.05 update 1 (build 106) Tool: armlink [4d0efa]

==============================================================================

Section Cross References

    main.o(i.gpio_test) refers to stm32f2xx_rcc.o(i.RCC_AHB1PeriphClockCmd) for RCC_AHB1PeriphClockCmd
    main.o(i.gpio_test) refers to stm32f2xx_gpio.o(i.GPIO_Init) for GPIO_Init
    main.o(i.gpio_test) refers to stm32f2xx_gpio.o(i.GPIO_SetBits) for GPIO_SetBits
    main.o(i.gpio_test) refers to printfb.o(i.__0printf$bare) for __2printf
    main.o(i.gpio_test) refers to main.o(i.delay_ms) for delay_ms
    main.o(i.gpio_test) refers to stm32f2xx_gpio.o(i.GPIO_ResetBits) for GPIO_ResetBits
    main.o(i.main) refers to uart.o(i.uart1_init) for uart1_init
    main.o(i.main) refers to main.o(i.gpio_test) for gpio_test
    uart.o(i.uart1_init) refers to stm32f2xx_rcc.o(i.RCC_AHB1PeriphClockCmd) for RCC_AHB1PeriphClockCmd
    uart.o(i.uart1_init) refers to stm32f2xx_rcc.o(i.RCC_APB2PeriphClockCmd) for RCC_APB2PeriphClockCmd
    uart.o(i.uart1_init) refers to stm32f2xx_gpio.o(i.GPIO_Init) for GPIO_Init
    uart.o(i.uart1_init) refers to stm32f2xx_gpio.o(i.GPIO_PinAFConfig) for GPIO_PinAFConfig
    uart.o(i.uart1_init) refers to stm32f2xx_usart.o(i.USART_Init) for USART_Init
    uart.o(i.uart1_init) refers to stm32f2xx_usart.o(i.USART_Cmd) for USART_Cmd
    uart.o(i.uart1_init) refers to stm32f2xx_usart.o(i.USART_ClearFlag) for USART_ClearFlag
    system_stm32f2xx.o(i.SystemInit) refers to system_stm32f2xx.o(i.SetSysClock) for SetSysClock
    startup_stm32f2xx.o(RESET) refers to startup_stm32f2xx.o(STACK) for __initial_sp
    startup_stm32f2xx.o(RESET) refers to startup_stm32f2xx.o(.text) for Reset_Handler
    startup_stm32f2xx.o(.text) refers to system_stm32f2xx.o(i.SystemInit) for SystemInit
    startup_stm32f2xx.o(.text) refers to entry.o(.ARM.Collect$$$$00000000) for __main
    stm32f2xx_adc.o(i.ADC_DeInit) refers to stm32f2xx_rcc.o(i.RCC_APB2PeriphResetCmd) for RCC_APB2PeriphResetCmd
    stm32f2xx_can.o(i.CAN_DeInit) refers to stm32f2xx_rcc.o(i.RCC_APB1PeriphResetCmd) for RCC_APB1PeriphResetCmd
    stm32f2xx_can.o(i.CAN_GetITStatus) refers to stm32f2xx_can.o(i.CheckITStatus) for CheckITStatus
    stm32f2xx_can.o(i.CAN_Receive) refers to stm32f2xx_can.o(i.CAN_FIFORelease) for CAN_FIFORelease
    stm32f2xx_cryp.o(i.CRYP_DeInit) refers to stm32f2xx_rcc.o(i.RCC_AHB2PeriphResetCmd) for RCC_AHB2PeriphResetCmd
    stm32f2xx_dac.o(i.DAC_DeInit) refers to stm32f2xx_rcc.o(i.RCC_APB1PeriphResetCmd) for RCC_APB1PeriphResetCmd
    stm32f2xx_flash.o(i.FLASH_EraseAllSectors) refers to stm32f2xx_flash.o(i.FLASH_WaitForLastOperation) for FLASH_WaitForLastOperation
    stm32f2xx_flash.o(i.FLASH_EraseSector) refers to stm32f2xx_flash.o(i.FLASH_WaitForLastOperation) for FLASH_WaitForLastOperation
    stm32f2xx_flash.o(i.FLASH_OB_Launch) refers to stm32f2xx_flash.o(i.FLASH_WaitForLastOperation) for FLASH_WaitForLastOperation
    stm32f2xx_flash.o(i.FLASH_OB_RDPConfig) refers to stm32f2xx_flash.o(i.FLASH_WaitForLastOperation) for FLASH_WaitForLastOperation
    stm32f2xx_flash.o(i.FLASH_OB_UserConfig) refers to stm32f2xx_flash.o(i.FLASH_WaitForLastOperation) for FLASH_WaitForLastOperation
    stm32f2xx_flash.o(i.FLASH_OB_WRPConfig) refers to stm32f2xx_flash.o(i.FLASH_WaitForLastOperation) for FLASH_WaitForLastOperation
    stm32f2xx_flash.o(i.FLASH_ProgramByte) refers to stm32f2xx_flash.o(i.FLASH_WaitForLastOperation) for FLASH_WaitForLastOperation
    stm32f2xx_flash.o(i.FLASH_ProgramDoubleWord) refers to stm32f2xx_flash.o(i.FLASH_WaitForLastOperation) for FLASH_WaitForLastOperation
    stm32f2xx_flash.o(i.FLASH_ProgramHalfWord) refers to stm32f2xx_flash.o(i.FLASH_WaitForLastOperation) for FLASH_WaitForLastOperation
    stm32f2xx_flash.o(i.FLASH_ProgramOTP) refers to stm32f2xx_flash.o(i.FLASH_WaitForLastOperation) for FLASH_WaitForLastOperation
    stm32f2xx_flash.o(i.FLASH_ProgramWord) refers to stm32f2xx_flash.o(i.FLASH_WaitForLastOperation) for FLASH_WaitForLastOperation
    stm32f2xx_flash.o(i.FLASH_WaitForLastOperation) refers to stm32f2xx_flash.o(i.FLASH_GetStatus) for FLASH_GetStatus
    stm32f2xx_gpio.o(i.GPIO_DeInit) refers to stm32f2xx_rcc.o(i.RCC_AHB1PeriphResetCmd) for RCC_AHB1PeriphResetCmd
    stm32f2xx_hash.o(i.HASH_DeInit) refers to stm32f2xx_rcc.o(i.RCC_AHB2PeriphResetCmd) for RCC_AHB2PeriphResetCmd
    stm32f2xx_i2c.o(i.I2C_DeInit) refers to stm32f2xx_rcc.o(i.RCC_APB1PeriphResetCmd) for RCC_APB1PeriphResetCmd
    stm32f2xx_i2c.o(i.I2C_Init) refers to stm32f2xx_rcc.o(i.RCC_GetClocksFreq) for RCC_GetClocksFreq
    stm32f2xx_pwr.o(i.PWR_DeInit) refers to stm32f2xx_rcc.o(i.RCC_APB1PeriphResetCmd) for RCC_APB1PeriphResetCmd
    stm32f2xx_rcc.o(i.RCC_GetClocksFreq) refers to stm32f2xx_rcc.o(.constdata) for APBAHBPrescTable
    stm32f2xx_rcc.o(i.RCC_WaitForHSEStartUp) refers to stm32f2xx_rcc.o(i.RCC_GetFlagStatus) for RCC_GetFlagStatus
[...]
    stm32f2xx_rtc.o(i.RTC_OutputConfig) refers to stm32f2xx_rtc.o(i.RTC_WriteProtectionCmd) for RTC_WriteProtectionCmd
    stm32f2xx_rtc.o(i.RTC_RefClockCmd) refers to stm32f2xx_rtc.o(i.RTC_WriteProtectionCmd) for RTC_WriteProtectionCmd
    stm32f2xx_rtc.o(i.RTC_RefClockCmd) refers to stm32f2xx_rtc.o(i.RTC_EnterInitMode) for RTC_EnterInitMode
    stm32f2xx_rtc.o(i.RTC_RefClockCmd) refers to stm32f2xx_rtc.o(i.RTC_ExitInitMode) for RTC_ExitInitMode
    stm32f2xx_rtc.o(i.RTC_SetAlarm) refers to stm32f2xx_rtc.o(i.RTC_Bcd2ToByte) for RTC_Bcd2ToByte
    stm32f2xx_rtc.o(i.RTC_SetAlarm) refers to stm32f2xx_rtc.o(i.RTC_ByteToBcd2) for RTC_ByteToBcd2
    stm32f2xx_rtc.o(i.RTC_SetAlarm) refers to stm32f2xx_rtc.o(i.RTC_WriteProtectionCmd) for RTC_WriteProtectionCmd
    stm32f2xx_rtc.o(i.RTC_SetDate) refers to stm32f2xx_rtc.o(i.RTC_Bcd2ToByte) for RTC_Bcd2ToByte
    stm32f2xx_rtc.o(i.RTC_SetDate) refers to stm32f2xx_rtc.o(i.RTC_ByteToBcd2) for RTC_ByteToBcd2
    stm32f2xx_rtc.o(i.RTC_SetDate) refers to stm32f2xx_rtc.o(i.RTC_WriteProtectionCmd) for RTC_WriteProtectionCmd
    stm32f2xx_rtc.o(i.RTC_SetDate) refers to stm32f2xx_rtc.o(i.RTC_EnterInitMode) for RTC_EnterInitMode
    stm32f2xx_rtc.o(i.RTC_SetDate) refers to stm32f2xx_rtc.o(i.RTC_ExitInitMode) for RTC_ExitInitMode
    stm32f2xx_rtc.o(i.RTC_SetDate) refers to stm32f2xx_rtc.o(i.RTC_WaitForSynchro) for RTC_WaitForSynchro
    stm32f2xx_rtc.o(i.RTC_SetTime) refers to stm32f2xx_rtc.o(i.RTC_Bcd2ToByte) for RTC_Bcd2ToByte
    stm32f2xx_rtc.o(i.RTC_SetTime) refers to stm32f2xx_rtc.o(i.RTC_ByteToBcd2) for RTC_ByteToBcd2
    stm32f2xx_rtc.o(i.RTC_SetTime) refers to stm32f2xx_rtc.o(i.RTC_WriteProtectionCmd) for RTC_WriteProtectionCmd
    stm32f2xx_rtc.o(i.RTC_SetTime) refers to stm32f2xx_rtc.o(i.RTC_EnterInitMode) for RTC_EnterInitMode
    stm32f2xx_rtc.o(i.RTC_SetTime) refers to stm32f2xx_rtc.o(i.RTC_ExitInitMode) for RTC_ExitInitMode
    stm32f2xx_rtc.o(i.RTC_SetTime) refers to stm32f2xx_rtc.o(i.RTC_WaitForSynchro) for RTC_WaitForSynchro
    stm32f2xx_rtc.o(i.RTC_SetWakeUpCounter) refers to stm32f2xx_rtc.o(i.RTC_WriteProtectionCmd) for RTC_WriteProtectionCmd
    stm32f2xx_rtc.o(i.RTC_TimeStampCmd) refers to stm32f2xx_rtc.o(i.RTC_WriteProtectionCmd) for RTC_WriteProtectionCmd
    stm32f2xx_rtc.o(i.RTC_WakeUpClockConfig) refers to stm32f2xx_rtc.o(i.RTC_WriteProtectionCmd) for RTC_WriteProtectionCmd
    stm32f2xx_rtc.o(i.RTC_WakeUpCmd) refers to stm32f2xx_rtc.o(i.RTC_WriteProtectionCmd) for RTC_WriteProtectionCmd
    stm32f2xx_sdio.o(i.SDIO_DeInit) refers to stm32f2xx_rcc.o(i.RCC_APB2PeriphResetCmd) for RCC_APB2PeriphResetCmd
    stm32f2xx_spi.o(i.SPI_I2S_DeInit) refers to stm32f2xx_rcc.o(i.RCC_APB2PeriphResetCmd) for RCC_APB2PeriphResetCmd
    stm32f2xx_spi.o(i.SPI_I2S_DeInit) refers to stm32f2xx_rcc.o(i.RCC_APB1PeriphResetCmd) for RCC_APB1PeriphResetCmd
    stm32f2xx_syscfg.o(i.SYSCFG_DeInit) refers to stm32f2xx_rcc.o(i.RCC_APB2PeriphResetCmd) for RCC_APB2PeriphResetCmd
    stm32f2xx_tim.o(i.TIM_DeInit) refers to stm32f2xx_rcc.o(i.RCC_APB2PeriphResetCmd) for RCC_APB2PeriphResetCmd
    stm32f2xx_tim.o(i.TIM_DeInit) refers to stm32f2xx_rcc.o(i.RCC_APB1PeriphResetCmd) for RCC_APB1PeriphResetCmd
    stm32f2xx_tim.o(i.TIM_ETRClockMode1Config) refers to stm32f2xx_tim.o(i.TIM_ETRConfig) for TIM_ETRConfig
    stm32f2xx_tim.o(i.TIM_ETRClockMode2Config) refers to stm32f2xx_tim.o(i.TIM_ETRConfig) for TIM_ETRConfig
    stm32f2xx_tim.o(i.TIM_ICInit) refers to stm32f2xx_tim.o(i.TI1_Config) for TI1_Config
    stm32f2xx_tim.o(i.TIM_ICInit) refers to stm32f2xx_tim.o(i.TIM_SetIC1Prescaler) for TIM_SetIC1Prescaler
    stm32f2xx_tim.o(i.TIM_ICInit) refers to stm32f2xx_tim.o(i.TI2_Config) for TI2_Config
    stm32f2xx_tim.o(i.TIM_ICInit) refers to stm32f2xx_tim.o(i.TIM_SetIC2Prescaler) for TIM_SetIC2Prescaler
    stm32f2xx_tim.o(i.TIM_ICInit) refers to stm32f2xx_tim.o(i.TI3_Config) for TI3_Config
    stm32f2xx_tim.o(i.TIM_ICInit) refers to stm32f2xx_tim.o(i.TIM_SetIC3Prescaler) for TIM_SetIC3Prescaler
    stm32f2xx_tim.o(i.TIM_ICInit) refers to stm32f2xx_tim.o(i.TI4_Config) for TI4_Config
    stm32f2xx_tim.o(i.TIM_ICInit) refers to stm32f2xx_tim.o(i.TIM_SetIC4Prescaler) for TIM_SetIC4Prescaler
    stm32f2xx_tim.o(i.TIM_ITRxExternalClockConfig) refers to stm32f2xx_tim.o(i.TIM_SelectInputTrigger) for TIM_SelectInputTrigger
    stm32f2xx_tim.o(i.TIM_PWMIConfig) refers to stm32f2xx_tim.o(i.TI1_Config) for TI1_Config
    stm32f2xx_tim.o(i.TIM_PWMIConfig) refers to stm32f2xx_tim.o(i.TIM_SetIC1Prescaler) for TIM_SetIC1Prescaler
    stm32f2xx_tim.o(i.TIM_PWMIConfig) refers to stm32f2xx_tim.o(i.TI2_Config) for TI2_Config
    stm32f2xx_tim.o(i.TIM_PWMIConfig) refers to stm32f2xx_tim.o(i.TIM_SetIC2Prescaler) for TIM_SetIC2Prescaler
    stm32f2xx_tim.o(i.TIM_TIxExternalClockConfig) refers to stm32f2xx_tim.o(i.TI2_Config) for TI2_Config
    stm32f2xx_tim.o(i.TIM_TIxExternalClockConfig) refers to stm32f2xx_tim.o(i.TI1_Config) for TI1_Config
    stm32f2xx_tim.o(i.TIM_TIxExternalClockConfig) refers to stm32f2xx_tim.o(i.TIM_SelectInputTrigger) for TIM_SelectInputTrigger
    stm32f2xx_usart.o(i.USART_DeInit) refers to stm32f2xx_rcc.o(i.RCC_APB2PeriphResetCmd) for RCC_APB2PeriphResetCmd
    stm32f2xx_usart.o(i.USART_DeInit) refers to stm32f2xx_rcc.o(i.RCC_APB1PeriphResetCmd) for RCC_APB1PeriphResetCmd
    stm32f2xx_usart.o(i.USART_Init) refers to stm32f2xx_rcc.o(i.RCC_GetClocksFreq) for RCC_GetClocksFreq
    stm32f2xx_wwdg.o(i.WWDG_DeInit) refers to stm32f2xx_rcc.o(i.RCC_APB1PeriphResetCmd) for RCC_APB1PeriphResetCmd
    entry.o(.ARM.Collect$$$$00000000) refers (Special) to entry10a.o(.ARM.Collect$$$$0000000D) for __rt_final_cpp
    entry.o(.ARM.Collect$$$$00000000) refers (Special) to entry11a.o(.ARM.Collect$$$$0000000F) for __rt_final_exit
    entry.o(.ARM.Collect$$$$00000000) refers (Special) to entry7b.o(.ARM.Collect$$$$00000008) for _main_clock
    entry.o(.ARM.Collect$$$$00000000) refers (Special) to entry8b.o(.ARM.Collect$$$$0000000A) for _main_cpp_init
    entry.o(.ARM.Collect$$$$00000000) refers (Special) to entry9a.o(.ARM.Collect$$$$0000000B) for _main_init
    entry.o(.ARM.Collect$$$$00000000) refers (Special) to entry5.o(.ARM.Collect$$$$00000004) for _main_scatterload
    entry.o(.ARM.Collect$$$$00000000) refers (Special) to entry2.o(.ARM.Collect$$$$00000001) for _main_stk
    printfb.o(i.__0fprintf$bare) refers to printfb.o(i._printf_core) for _printf_core
    printfb.o(i.__0fprintf$bare) refers to uart.o(i.fputc) for fputc
    printfb.o(i.__0printf$bare) refers to printfb.o(i._printf_core) for _printf_core
    printfb.o(i.__0printf$bare) refers to uart.o(i.fputc) for fputc
    printfb.o(i.__0printf$bare) refers to stdout.o(.data) for __stdout
    printfb.o(i.__0snprintf$bare) refers to printfb.o(i._printf_core) for _printf_core
    printfb.o(i.__0snprintf$bare) refers to printfb.o(i._snputc) for _snputc
    printfb.o(i.__0sprintf$bare) refers to printfb.o(i._printf_core) for _printf_core
    printfb.o(i.__0sprintf$bare) refers to printfb.o(i._sputc) for _sputc
    printfb.o(i.__0vfprintf$bare) refers to printfb.o(i._printf_core) for _printf_core
    printfb.o(i.__0vfprintf$bare) refers to uart.o(i.fputc) for fputc
    printfb.o(i.__0vprintf$bare) refers to printfb.o(i._printf_core) for _printf_core
    printfb.o(i.__0vprintf$bare) refers to uart.o(i.fputc) for fputc
    printfb.o(i.__0vprintf$bare) refers to stdout.o(.data) for __stdout
    printfb.o(i.__0vsnprintf$bare) refers to printfb.o(i._printf_core) for _printf_core
    printfb.o(i.__0vsnprintf$bare) refers to printfb.o(i._snputc) for _snputc
    printfb.o(i.__0vsprintf$bare) refers to printfb.o(i._printf_core) for _printf_core
    printfb.o(i.__0vsprintf$bare) refers to printfb.o(i._sputc) for _sputc
    printf0.o(i.__0fprintf$0) refers to printf0.o(i._printf_core) for _printf_core
    printf0.o(i.__0fprintf$0) refers to uart.o(i.fputc) for fputc
    printf0.o(i.__0printf$0) refers to printf0.o(i._printf_core) for _printf_core
    printf0.o(i.__0printf$0) refers to uart.o(i.fputc) for fputc
    printf0.o(i.__0printf$0) refers to stdout.o(.data) for __stdout
    printf0.o(i.__0snprintf$0) refers to printf0.o(i._printf_core) for _printf_core
    printf0.o(i.__0snprintf$0) refers to printf0.o(i._snputc) for _snputc
    printf0.o(i.__0sprintf$0) refers to printf0.o(i._printf_core) for _printf_core
    printf0.o(i.__0sprintf$0) refers to printf0.o(i._sputc) for _sputc
    printf0.o(i.__0vfprintf$0) refers to printf0.o(i._printf_core) for _printf_core
    printf0.o(i.__0vfprintf$0) refers to uart.o(i.fputc) for fputc
    printf0.o(i.__0vprintf$0) refers to printf0.o(i._printf_core) for _printf_core
    printf0.o(i.__0vprintf$0) refers to uart.o(i.fputc) for fputc
    printf0.o(i.__0vprintf$0) refers to stdout.o(.data) for __stdout
    printf0.o(i.__0vsnprintf$0) refers to printf0.o(i._printf_core) for _printf_core
    printf0.o(i.__0vsnprintf$0) refers to printf0.o(i._snputc) for _snputc
    printf0.o(i.__0vsprintf$0) refers to printf0.o(i._printf_core) for _printf_core
    printf0.o(i.__0vsprintf$0) refers to printf0.o(i._sputc) for _sputc
    printf1.o(i.__0fprintf$1) refers to printf1.o(i._printf_core) for _printf_core
    printf1.o(i.__0fprintf$1) refers to uart.o(i.fputc) for fputc
    printf1.o(i.__0printf$1) refers to printf1.o(i._printf_core) for _printf_core
    printf1.o(i.__0printf$1) refers to uart.o(i.fputc) for fputc
    printf1.o(i.__0printf$1) refers to stdout.o(.data) for __stdout
    printf1.o(i.__0snprintf$1) refers to printf1.o(i._printf_core) for _printf_core
    printf1.o(i.__0snprintf$1) refers to printf1.o(i._snputc) for _snputc
    printf1.o(i.__0sprintf$1) refers to printf1.o(i._printf_core) for _printf_core
    printf1.o(i.__0sprintf$1) refers to printf1.o(i._sputc) for _sputc
    printf1.o(i.__0vfprintf$1) refers to printf1.o(i._printf_core) for _printf_core
    printf1.o(i.__0vfprintf$1) refers to uart.o(i.fputc) for fputc
    printf1.o(i.__0vprintf$1) refers to printf1.o(i._printf_core) for _printf_core
    printf1.o(i.__0vprintf$1) refers to uart.o(i.fputc) for fputc
    printf1.o(i.__0vprintf$1) refers to stdout.o(.data) for __stdout
    printf1.o(i.__0vsnprintf$1) refers to printf1.o(i._printf_core) for _printf_core
    printf1.o(i.__0vsnprintf$1) refers to printf1.o(i._snputc) for _snputc
    printf1.o(i.__0vsprintf$1) refers to printf1.o(i._printf_core) for _printf_core
    printf1.o(i.__0vsprintf$1) refers to printf1.o(i._sputc) for _sputc
    printf1.o(i._printf_core) refers to uidiv.o(.text) for __aeabi_uidivmod
    printf2.o(i.__0fprintf$2) refers to printf2.o(i._printf_core) for _printf_core
    printf2.o(i.__0fprintf$2) refers to uart.o(i.fputc) for fputc
    printf2.o(i.__0printf$2) refers to printf2.o(i._printf_core) for _printf_core
    printf2.o(i.__0printf$2) refers to uart.o(i.fputc) for fputc
    printf2.o(i.__0printf$2) refers to stdout.o(.data) for __stdout
    printf2.o(i.__0snprintf$2) refers to printf2.o(i._printf_core) for _printf_core
    printf2.o(i.__0snprintf$2) refers to printf2.o(i._snputc) for _snputc
    printf2.o(i.__0sprintf$2) refers to printf2.o(i._printf_core) for _printf_core
    printf2.o(i.__0sprintf$2) refers to printf2.o(i._sputc) for _sputc
    printf2.o(i.__0vfprintf$2) refers to printf2.o(i._printf_core) for _printf_core
    printf2.o(i.__0vfprintf$2) refers to uart.o(i.fputc) for fputc
    printf2.o(i.__0vprintf$2) refers to printf2.o(i._printf_core) for _printf_core
    printf2.o(i.__0vprintf$2) refers to uart.o(i.fputc) for fputc
    printf2.o(i.__0vprintf$2) refers to stdout.o(.data) for __stdout
    printf2.o(i.__0vsnprintf$2) refers to printf2.o(i._printf_core) for _printf_core
    printf2.o(i.__0vsnprintf$2) refers to printf2.o(i._snputc) for _snputc
    printf2.o(i.__0vsprintf$2) refers to printf2.o(i._printf_core) for _printf_core
    printf2.o(i.__0vsprintf$2) refers to printf2.o(i._sputc) for _sputc
    printf3.o(i.__0fprintf$3) refers to printf3.o(i._printf_core) for _printf_core
    printf3.o(i.__0fprintf$3) refers to uart.o(i.fputc) for fputc
    printf3.o(i.__0printf$3) refers to printf3.o(i._printf_core) for _printf_core
    printf3.o(i.__0printf$3) refers to uart.o(i.fputc) for fputc
    printf3.o(i.__0printf$3) refers to stdout.o(.data) for __stdout
    printf3.o(i.__0snprintf$3) refers to printf3.o(i._printf_core) for _printf_core
    printf3.o(i.__0snprintf$3) refers to printf3.o(i._snputc) for _snputc
    printf3.o(i.__0sprintf$3) refers to printf3.o(i._printf_core) for _printf_core
    printf3.o(i.__0sprintf$3) refers to printf3.o(i._sputc) for _sputc
    printf3.o(i.__0vfprintf$3) refers to printf3.o(i._printf_core) for _printf_core
    printf3.o(i.__0vfprintf$3) refers to uart.o(i.fputc) for fputc
    printf3.o(i.__0vprintf$3) refers to printf3.o(i._printf_core) for _printf_core
    printf3.o(i.__0vprintf$3) refers to uart.o(i.fputc) for fputc
    printf3.o(i.__0vprintf$3) refers to stdout.o(.data) for __stdout
    printf3.o(i.__0vsnprintf$3) refers to printf3.o(i._printf_core) for _printf_core
    printf3.o(i.__0vsnprintf$3) refers to printf3.o(i._snputc) for _snputc
    printf3.o(i.__0vsprintf$3) refers to printf3.o(i._printf_core) for _printf_core
    printf3.o(i.__0vsprintf$3) refers to printf3.o(i._sputc) for _sputc
    printf3.o(i._printf_core) refers to uidiv.o(.text) for __aeabi_uidivmod
    printf4.o(i.__0fprintf$4) refers to printf4.o(i._printf_core) for _printf_core
    printf4.o(i.__0fprintf$4) refers to uart.o(i.fputc) for fputc
    printf4.o(i.__0printf$4) refers to printf4.o(i._printf_core) for _printf_core
    printf4.o(i.__0printf$4) refers to uart.o(i.fputc) for fputc
    printf4.o(i.__0printf$4) refers to stdout.o(.data) for __stdout
    printf4.o(i.__0snprintf$4) refers to printf4.o(i._printf_core) for _printf_core
    printf4.o(i.__0snprintf$4) refers to printf4.o(i._snputc) for _snputc
    printf4.o(i.__0sprintf$4) refers to printf4.o(i._printf_core) for _printf_core
    printf4.o(i.__0sprintf$4) refers to printf4.o(i._sputc) for _sputc
    printf4.o(i.__0vfprintf$4) refers to printf4.o(i._printf_core) for _printf_core
    printf4.o(i.__0vfprintf$4) refers to uart.o(i.fputc) for fputc
    printf4.o(i.__0vprintf$4) refers to printf4.o(i._printf_core) for _printf_core
    printf4.o(i.__0vprintf$4) refers to uart.o(i.fputc) for fputc
    printf4.o(i.__0vprintf$4) refers to stdout.o(.data) for __stdout
    printf4.o(i.__0vsnprintf$4) refers to printf4.o(i._printf_core) for _printf_core
    printf4.o(i.__0vsnprintf$4) refers to printf4.o(i._snputc) for _snputc
    printf4.o(i.__0vsprintf$4) refers to printf4.o(i._printf_core) for _printf_core
    printf4.o(i.__0vsprintf$4) refers to printf4.o(i._sputc) for _sputc
    printf4.o(i._printf_core) refers to uldiv.o(.text) for __aeabi_uldivmod
    printf5.o(i.__0fprintf$5) refers to printf5.o(i._printf_core) for _printf_core
    printf5.o(i.__0fprintf$5) refers to uart.o(i.fputc) for fputc
    printf5.o(i.__0printf$5) refers to printf5.o(i._printf_core) for _printf_core
    printf5.o(i.__0printf$5) refers to uart.o(i.fputc) for fputc
    printf5.o(i.__0printf$5) refers to stdout.o(.data) for __stdout
    printf5.o(i.__0snprintf$5) refers to printf5.o(i._printf_core) for _printf_core
    printf5.o(i.__0snprintf$5) refers to printf5.o(i._snputc) for _snputc
    printf5.o(i.__0sprintf$5) refers to printf5.o(i._printf_core) for _printf_core
    printf5.o(i.__0sprintf$5) refers to printf5.o(i._sputc) for _sputc
    printf5.o(i.__0vfprintf$5) refers to printf5.o(i._printf_core) for _printf_core
    printf5.o(i.__0vfprintf$5) refers to uart.o(i.fputc) for fputc
    printf5.o(i.__0vprintf$5) refers to printf5.o(i._printf_core) for _printf_core
    printf5.o(i.__0vprintf$5) refers to uart.o(i.fputc) for fputc
    printf5.o(i.__0vprintf$5) refers to stdout.o(.data) for __stdout
    printf5.o(i.__0vsnprintf$5) refers to printf5.o(i._printf_core) for _printf_core
    printf5.o(i.__0vsnprintf$5) refers to printf5.o(i._snputc) for _snputc
    printf5.o(i.__0vsprintf$5) refers to printf5.o(i._printf_core) for _printf_core
    printf5.o(i.__0vsprintf$5) refers to printf5.o(i._sputc) for _sputc
    printf5.o(i._printf_core) refers to uldiv.o(.text) for __aeabi_uldivmod
    printf6.o(i.__0fprintf$6) refers to printf6.o(i._printf_core) for _printf_core
    printf6.o(i.__0fprintf$6) refers to uart.o(i.fputc) for fputc
    printf6.o(i.__0printf$6) refers to printf6.o(i._printf_core) for _printf_core
    printf6.o(i.__0printf$6) refers to uart.o(i.fputc) for fputc
    printf6.o(i.__0printf$6) refers to stdout.o(.data) for __stdout
    printf6.o(i.__0snprintf$6) refers to printf6.o(i._printf_core) for _printf_core
    printf6.o(i.__0snprintf$6) refers to printf6.o(i._snputc) for _snputc
    printf6.o(i.__0sprintf$6) refers to printf6.o(i._printf_core) for _printf_core
    printf6.o(i.__0sprintf$6) refers to printf6.o(i._sputc) for _sputc
    printf6.o(i.__0vfprintf$6) refers to printf6.o(i._printf_core) for _printf_core
    printf6.o(i.__0vfprintf$6) refers to uart.o(i.fputc) for fputc
    printf6.o(i.__0vprintf$6) refers to printf6.o(i._printf_core) for _printf_core
    printf6.o(i.__0vprintf$6) refers to uart.o(i.fputc) for fputc
    printf6.o(i.__0vprintf$6) refers to stdout.o(.data) for __stdout
    printf6.o(i.__0vsnprintf$6) refers to printf6.o(i._printf_core) for _printf_core
    printf6.o(i.__0vsnprintf$6) refers to printf6.o(i._snputc) for _snputc
    printf6.o(i.__0vsprintf$6) refers to printf6.o(i._printf_core) for _printf_core
    printf6.o(i.__0vsprintf$6) refers to printf6.o(i._sputc) for _sputc
    printf6.o(i._printf_core) refers to printf6.o(i._printf_pre_padding) for _printf_pre_padding
    printf6.o(i._printf_core) refers to uidiv.o(.text) for __aeabi_uidivmod
    printf6.o(i._printf_core) refers to printf6.o(i._printf_post_padding) for _printf_post_padding
    printf7.o(i.__0fprintf$7) refers to printf7.o(i._printf_core) for _printf_core
    printf7.o(i.__0fprintf$7) refers to uart.o(i.fputc) for fputc
    printf7.o(i.__0printf$7) refers to printf7.o(i._printf_core) for _printf_core
    printf7.o(i.__0printf$7) refers to uart.o(i.fputc) for fputc
    printf7.o(i.__0printf$7) refers to stdout.o(.data) for __stdout
    printf7.o(i.__0snprintf$7) refers to printf7.o(i._printf_core) for _printf_core
    printf7.o(i.__0snprintf$7) refers to printf7.o(i._snputc) for _snputc
    printf7.o(i.__0sprintf$7) refers to printf7.o(i._printf_core) for _printf_core
    printf7.o(i.__0sprintf$7) refers to printf7.o(i._sputc) for _sputc
    printf7.o(i.__0vfprintf$7) refers to printf7.o(i._printf_core) for _printf_core
    printf7.o(i.__0vfprintf$7) refers to uart.o(i.fputc) for fputc
    printf7.o(i.__0vprintf$7) refers to printf7.o(i._printf_core) for _printf_core
    printf7.o(i.__0vprintf$7) refers to uart.o(i.fputc) for fputc
    printf7.o(i.__0vprintf$7) refers to stdout.o(.data) for __stdout
    printf7.o(i.__0vsnprintf$7) refers to printf7.o(i._printf_core) for _printf_core
    printf7.o(i.__0vsnprintf$7) refers to printf7.o(i._snputc) for _snputc
    printf7.o(i.__0vsprintf$7) refers to printf7.o(i._printf_core) for _printf_core
    printf7.o(i.__0vsprintf$7) refers to printf7.o(i._sputc) for _sputc
    printf7.o(i._printf_core) refers to printf7.o(i._printf_pre_padding) for _printf_pre_padding
    printf7.o(i._printf_core) refers to uldiv.o(.text) for __aeabi_uldivmod
    printf7.o(i._printf_core) refers to printf7.o(i._printf_post_padding) for _printf_post_padding
    printf8.o(i.__0fprintf$8) refers to printf8.o(i._printf_core) for _printf_core
    printf8.o(i.__0fprintf$8) refers to uart.o(i.fputc) for fputc
    printf8.o(i.__0printf$8) refers to printf8.o(i._printf_core) for _printf_core
    printf8.o(i.__0printf$8) refers to uart.o(i.fputc) for fputc
    printf8.o(i.__0printf$8) refers to stdout.o(.data) for __stdout
    printf8.o(i.__0snprintf$8) refers to printf8.o(i._printf_core) for _printf_core
    printf8.o(i.__0snprintf$8) refers to printf8.o(i._snputc) for _snputc
    printf8.o(i.__0sprintf$8) refers to printf8.o(i._printf_core) for _printf_core
    printf8.o(i.__0sprintf$8) refers to printf8.o(i._sputc) for _sputc
    printf8.o(i.__0vfprintf$8) refers to printf8.o(i._printf_core) for _printf_core
    printf8.o(i.__0vfprintf$8) refers to uart.o(i.fputc) for fputc
    printf8.o(i.__0vprintf$8) refers to printf8.o(i._printf_core) for _printf_core
    printf8.o(i.__0vprintf$8) refers to uart.o(i.fputc) for fputc
    printf8.o(i.__0vprintf$8) refers to stdout.o(.data) for __stdout
    printf8.o(i.__0vsnprintf$8) refers to printf8.o(i._printf_core) for _printf_core
    printf8.o(i.__0vsnprintf$8) refers to printf8.o(i._snputc) for _snputc
    printf8.o(i.__0vsprintf$8) refers to printf8.o(i._printf_core) for _printf_core
    printf8.o(i.__0vsprintf$8) refers to printf8.o(i._sputc) for _sputc
    printf8.o(i._printf_core) refers to printf8.o(i._printf_pre_padding) for _printf_pre_padding
    printf8.o(i._printf_core) refers to uldiv.o(.text) for __aeabi_uldivmod
    printf8.o(i._printf_core) refers to printf8.o(i._printf_post_padding) for _printf_post_padding
    printfa.o(i.__0fprintf) refers (Special) to iusefp.o(.text) for __I$use$fp
    printfa.o(i.__0fprintf) refers to printfa.o(i._printf_core) for _printf_core
    printfa.o(i.__0fprintf) refers to uart.o(i.fputc) for fputc
    printfa.o(i.__0printf) refers (Special) to iusefp.o(.text) for __I$use$fp
    printfa.o(i.__0printf) refers to printfa.o(i._printf_core) for _printf_core
    printfa.o(i.__0printf) refers to uart.o(i.fputc) for fputc
    printfa.o(i.__0printf) refers to stdout.o(.data) for __stdout
    printfa.o(i.__0snprintf) refers (Special) to iusefp.o(.text) for __I$use$fp
    printfa.o(i.__0snprintf) refers to printfa.o(i._printf_core) for _printf_core
    printfa.o(i.__0snprintf) refers to printfa.o(i._snputc) for _snputc
    printfa.o(i.__0sprintf) refers (Special) to iusefp.o(.text) for __I$use$fp
    printfa.o(i.__0sprintf) refers to printfa.o(i._printf_core) for _printf_core
    printfa.o(i.__0sprintf) refers to printfa.o(i._sputc) for _sputc
    printfa.o(i.__0vfprintf) refers (Special) to iusefp.o(.text) for __I$use$fp
    printfa.o(i.__0vfprintf) refers to printfa.o(i._printf_core) for _printf_core
    printfa.o(i.__0vfprintf) refers to uart.o(i.fputc) for fputc
    printfa.o(i.__0vprintf) refers (Special) to iusefp.o(.text) for __I$use$fp
    printfa.o(i.__0vprintf) refers to printfa.o(i._printf_core) for _printf_core
    printfa.o(i.__0vprintf) refers to uart.o(i.fputc) for fputc
    printfa.o(i.__0vprintf) refers to stdout.o(.data) for __stdout
    printfa.o(i.__0vsnprintf) refers (Special) to iusefp.o(.text) for __I$use$fp
    printfa.o(i.__0vsnprintf) refers to printfa.o(i._printf_core) for _printf_core
    printfa.o(i.__0vsnprintf) refers to printfa.o(i._snputc) for _snputc
    printfa.o(i.__0vsprintf) refers (Special) to iusefp.o(.text) for __I$use$fp
    printfa.o(i.__0vsprintf) refers to printfa.o(i._printf_core) for _printf_core
    printfa.o(i.__0vsprintf) refers to printfa.o(i._sputc) for _sputc
    printfa.o(i._fp_digits) refers (Special) to iusefp.o(.text) for __I$use$fp
    printfa.o(i._fp_digits) refers to dmul.o(.text) for __aeabi_dmul
    printfa.o(i._fp_digits) refers to ddiv.o(.text) for __aeabi_ddiv
    printfa.o(i._fp_digits) refers to cdrcmple.o(.text) for __aeabi_cdrcmple
    printfa.o(i._fp_digits) refers to dadd.o(.text) for __aeabi_dadd
    printfa.o(i._fp_digits) refers to dfixul.o(.text) for __aeabi_d2ulz
    printfa.o(i._fp_digits) refers to uldiv.o(.text) for __aeabi_uldivmod
    printfa.o(i._printf_core) refers (Special) to iusefp.o(.text) for __I$use$fp
    printfa.o(i._printf_core) refers to printfa.o(i._printf_pre_padding) for _printf_pre_padding
    printfa.o(i._printf_core) refers to uldiv.o(.text) for __aeabi_uldivmod
    printfa.o(i._printf_core) refers to printfa.o(i._printf_post_padding) for _printf_post_padding
    printfa.o(i._printf_core) refers to printfa.o(i._fp_digits) for _fp_digits
    printfa.o(i._printf_core) refers to uidiv.o(.text) for __aeabi_uidivmod
    printfa.o(i._printf_post_padding) refers (Special) to iusefp.o(.text) for __I$use$fp
    printfa.o(i._printf_pre_padding) refers (Special) to iusefp.o(.text) for __I$use$fp
    printfa.o(i._snputc) refers (Special) to iusefp.o(.text) for __I$use$fp
    printfa.o(i._sputc) refers (Special) to iusefp.o(.text) for __I$use$fp
    entry2.o(.ARM.Collect$$$$00000001) refers to entry2.o(.ARM.Collect$$$$00002712) for __lit__00000000
    entry2.o(.ARM.Collect$$$$00002712) refers to startup_stm32f2xx.o(STACK) for __initial_sp
    entry2.o(__vectab_stack_and_reset_area) refers to startup_stm32f2xx.o(STACK) for __initial_sp
    entry2.o(__vectab_stack_and_reset_area) refers to entry.o(.ARM.Collect$$$$00000000) for __main
    entry5.o(.ARM.Collect$$$$00000004) refers to init.o(.text) for __scatterload
    entry9a.o(.ARM.Collect$$$$0000000B) refers to main.o(i.main) for main
    entry9b.o(.ARM.Collect$$$$0000000C) refers to main.o(i.main) for main
    uldiv.o(.text) refers to llushr.o(.text) for __aeabi_llsr
    uldiv.o(.text) refers to llshl.o(.text) for __aeabi_llsl
    dadd.o(.text) refers to llshl.o(.text) for __aeabi_llsl
    dadd.o(.text) refers to llsshr.o(.text) for __aeabi_lasr
    dadd.o(.text) refers to depilogue.o(.text) for _double_epilogue
    dmul.o(.text) refers to depilogue.o(.text) for _double_epilogue
    ddiv.o(.text) refers to depilogue.o(.text) for _double_round
    dfixul.o(.text) refers to llushr.o(.text) for __aeabi_llsr
    dfixul.o(.text) refers to llshl.o(.text) for __aeabi_llsl
    init.o(.text) refers to entry5.o(.ARM.Collect$$$$00000004) for __main_after_scatterload
    depilogue.o(.text) refers to llshl.o(.text) for __aeabi_llsl
    depilogue.o(.text) refers to llushr.o(.text) for __aeabi_llsr


==============================================================================

Removing Unused input sections from the image.

    Removing core_cm3.o(.emb_text), (32 bytes).
    Removing system_stm32f2xx.o(i.SystemCoreClockUpdate), (2 bytes).
    Removing system_stm32f2xx.o(.data), (4 bytes).
    Removing startup_stm32f2xx.o(HEAP), (512 bytes).
    Removing misc.o(i.NVIC_Init), (112 bytes).
    Removing misc.o(i.NVIC_PriorityGroupConfig), (20 bytes).
    Removing misc.o(i.NVIC_SetVectorTable), (20 bytes).
    Removing misc.o(i.NVIC_SystemLPConfig), (32 bytes).
    Removing misc.o(i.SysTick_CLKSourceConfig), (40 bytes).
    Removing stm32f2xx_adc.o(i.ADC_AnalogWatchdogCmd), (20 bytes).
    Removing stm32f2xx_adc.o(i.ADC_AnalogWatchdogSingleChannelConfig), (16 bytes).
    Removing stm32f2xx_adc.o(i.ADC_AnalogWatchdogThresholdsConfig), (6 bytes).
    Removing stm32f2xx_adc.o(i.ADC_AutoInjectedConvCmd), (22 bytes).
    Removing stm32f2xx_adc.o(i.ADC_ClearFlag), (6 bytes).
    Removing stm32f2xx_adc.o(i.ADC_ClearITPendingBit), (10 bytes).
    Removing stm32f2xx_adc.o(i.ADC_Cmd), (22 bytes).
    Removing stm32f2xx_adc.o(i.ADC_CommonInit), (48 bytes).
    Removing stm32f2xx_adc.o(i.ADC_CommonStructInit), (12 bytes).
    Removing stm32f2xx_adc.o(i.ADC_ContinuousModeCmd), (22 bytes).
    Removing stm32f2xx_adc.o(i.ADC_DMACmd), (22 bytes).
    Removing stm32f2xx_adc.o(i.ADC_DMARequestAfterLastTransferCmd), (22 bytes).
    Removing stm32f2xx_adc.o(i.ADC_DeInit), (22 bytes).
    Removing stm32f2xx_adc.o(i.ADC_DiscModeChannelCountConfig), (24 bytes).
    Removing stm32f2xx_adc.o(i.ADC_DiscModeCmd), (22 bytes).
    Removing stm32f2xx_adc.o(i.ADC_EOCOnEachRegularChannelCmd), (22 bytes).
    Removing stm32f2xx_adc.o(i.ADC_ExternalTrigInjectedConvConfig), (16 bytes).
    Removing stm32f2xx_adc.o(i.ADC_ExternalTrigInjectedConvEdgeConfig), (16 bytes).
    Removing stm32f2xx_adc.o(i.ADC_GetConversionValue), (8 bytes).
    Removing stm32f2xx_adc.o(i.ADC_GetFlagStatus), (18 bytes).
    Removing stm32f2xx_adc.o(i.ADC_GetITStatus), (38 bytes).
    Removing stm32f2xx_adc.o(i.ADC_GetInjectedConversionValue), (28 bytes).
    Removing stm32f2xx_adc.o(i.ADC_GetMultiModeConversionValue), (12 bytes).
    Removing stm32f2xx_adc.o(i.ADC_GetSoftwareStartConvStatus), (20 bytes).
    Removing stm32f2xx_adc.o(i.ADC_GetSoftwareStartInjectedConvCmdStatus), (20 bytes).
    Removing stm32f2xx_adc.o(i.ADC_ITConfig), (32 bytes).
    Removing stm32f2xx_adc.o(i.ADC_Init), (84 bytes).
    Removing stm32f2xx_adc.o(i.ADC_InjectedChannelConfig), (130 bytes).
    Removing stm32f2xx_adc.o(i.ADC_InjectedDiscModeCmd), (22 bytes).
    Removing stm32f2xx_adc.o(i.ADC_InjectedSequencerLengthConfig), (24 bytes).
    Removing stm32f2xx_adc.o(i.ADC_MultiModeDMARequestAfterLastTransferCmd), (44 bytes).
    Removing stm32f2xx_adc.o(i.ADC_RegularChannelConfig), (184 bytes).
    Removing stm32f2xx_adc.o(i.ADC_SetInjectedOffset), (20 bytes).
    Removing stm32f2xx_adc.o(i.ADC_SoftwareStartConv), (10 bytes).
    Removing stm32f2xx_adc.o(i.ADC_SoftwareStartInjectedConv), (10 bytes).
    Removing stm32f2xx_adc.o(i.ADC_StructInit), (20 bytes).
    Removing stm32f2xx_adc.o(i.ADC_TempSensorVrefintCmd), (44 bytes).
    Removing stm32f2xx_adc.o(i.ADC_VBATCmd), (44 bytes).
    Removing stm32f2xx_can.o(i.CAN_CancelTransmit), (48 bytes).
    Removing stm32f2xx_can.o(i.CAN_ClearFlag), (56 bytes).
    Removing stm32f2xx_can.o(i.CAN_ClearITPendingBit), (168 bytes).
    Removing stm32f2xx_can.o(i.CAN_DBGFreeze), (22 bytes).
    Removing stm32f2xx_can.o(i.CAN_DeInit), (56 bytes).
    Removing stm32f2xx_can.o(i.CAN_FIFORelease), (22 bytes).
    Removing stm32f2xx_can.o(i.CAN_FilterInit), (264 bytes).
    Removing stm32f2xx_can.o(i.CAN_GetFlagStatus), (120 bytes).
    Removing stm32f2xx_can.o(i.CAN_GetITStatus), (300 bytes).
    Removing stm32f2xx_can.o(i.CAN_ITConfig), (18 bytes).
    Removing stm32f2xx_can.o(i.CAN_Init), (276 bytes).
    Removing stm32f2xx_can.o(i.CAN_MessagePending), (30 bytes).
    Removing stm32f2xx_can.o(i.CAN_Receive), (234 bytes).
    Removing stm32f2xx_can.o(i.CAN_SlaveStartBank), (52 bytes).
    Removing stm32f2xx_can.o(i.CAN_Sleep), (30 bytes).
    Removing stm32f2xx_can.o(i.CAN_StructInit), (32 bytes).
    Removing stm32f2xx_can.o(i.CAN_Transmit), (294 bytes).
    Removing stm32f2xx_can.o(i.CAN_TransmitStatus), (142 bytes).
    Removing stm32f2xx_can.o(i.CAN_WakeUp), (48 bytes).
    Removing stm32f2xx_can.o(i.CheckITStatus), (18 bytes).
    Removing stm32f2xx_crc.o(i.CRC_CalcBlockCRC), (36 bytes).
    Removing stm32f2xx_crc.o(i.CRC_CalcCRC), (16 bytes).
    Removing stm32f2xx_crc.o(i.CRC_GetCRC), (12 bytes).
    Removing stm32f2xx_crc.o(i.CRC_GetIDRegister), (12 bytes).
    Removing stm32f2xx_crc.o(i.CRC_ResetDR), (12 bytes).
    Removing stm32f2xx_crc.o(i.CRC_SetIDRegister), (12 bytes).
    Removing stm32f2xx_cryp.o(i.CRYP_Cmd), (36 bytes).
    Removing stm32f2xx_cryp.o(i.CRYP_DMACmd), (36 bytes).
    Removing stm32f2xx_cryp.o(i.CRYP_DataIn), (12 bytes).
    Removing stm32f2xx_cryp.o(i.CRYP_DataOut), (12 bytes).
    Removing stm32f2xx_cryp.o(i.CRYP_DeInit), (20 bytes).
    Removing stm32f2xx_cryp.o(i.CRYP_FIFOFlush), (20 bytes).
    Removing stm32f2xx_cryp.o(i.CRYP_GetFlagStatus), (44 bytes).
    Removing stm32f2xx_cryp.o(i.CRYP_GetITStatus), (24 bytes).
    Removing stm32f2xx_cryp.o(i.CRYP_ITConfig), (32 bytes).
    Removing stm32f2xx_cryp.o(i.CRYP_IVInit), (24 bytes).
    Removing stm32f2xx_cryp.o(i.CRYP_IVStructInit), (12 bytes).
    Removing stm32f2xx_cryp.o(i.CRYP_Init), (124 bytes).
    Removing stm32f2xx_cryp.o(i.CRYP_KeyInit), (40 bytes).
    Removing stm32f2xx_cryp.o(i.CRYP_KeyStructInit), (20 bytes).
    Removing stm32f2xx_cryp.o(i.CRYP_StructInit), (12 bytes).
    Removing stm32f2xx_dac.o(i.DAC_ClearFlag), (16 bytes).
    Removing stm32f2xx_dac.o(i.DAC_ClearITPendingBit), (16 bytes).
    Removing stm32f2xx_dac.o(i.DAC_Cmd), (40 bytes).
    Removing stm32f2xx_dac.o(i.DAC_DMACmd), (44 bytes).
    Removing stm32f2xx_dac.o(i.DAC_DeInit), (22 bytes).
    Removing stm32f2xx_dac.o(i.DAC_DualSoftwareTriggerCmd), (36 bytes).
    Removing stm32f2xx_dac.o(i.DAC_GetDataOutputValue), (36 bytes).
    Removing stm32f2xx_dac.o(i.DAC_GetFlagStatus), (32 bytes).
    Removing stm32f2xx_dac.o(i.DAC_GetITStatus), (48 bytes).
    Removing stm32f2xx_dac.o(i.DAC_ITConfig), (40 bytes).
    Removing stm32f2xx_dac.o(i.DAC_Init), (52 bytes).
    Removing stm32f2xx_dac.o(i.DAC_SetChannel1Data), (32 bytes).
    Removing stm32f2xx_dac.o(i.DAC_SetChannel2Data), (32 bytes).
    Removing stm32f2xx_dac.o(i.DAC_SetDualChannelData), (36 bytes).
    Removing stm32f2xx_dac.o(i.DAC_SoftwareTriggerCmd), (44 bytes).
    Removing stm32f2xx_dac.o(i.DAC_StructInit), (12 bytes).
    Removing stm32f2xx_dac.o(i.DAC_WaveGenerationCmd), (40 bytes).
    Removing stm32f2xx_dbgmcu.o(i.DBGMCU_APB1PeriphConfig), (32 bytes).
    Removing stm32f2xx_dbgmcu.o(i.DBGMCU_APB2PeriphConfig), (32 bytes).
    Removing stm32f2xx_dbgmcu.o(i.DBGMCU_Config), (32 bytes).
    Removing stm32f2xx_dbgmcu.o(i.DBGMCU_GetDEVID), (16 bytes).
    Removing stm32f2xx_dbgmcu.o(i.DBGMCU_GetREVID), (12 bytes).
    Removing stm32f2xx_dcmi.o(i.DCMI_CROPCmd), (36 bytes).
    Removing stm32f2xx_dcmi.o(i.DCMI_CROPConfig), (32 bytes).
    Removing stm32f2xx_dcmi.o(i.DCMI_CaptureCmd), (36 bytes).
    Removing stm32f2xx_dcmi.o(i.DCMI_ClearFlag), (12 bytes).
    Removing stm32f2xx_dcmi.o(i.DCMI_ClearITPendingBit), (12 bytes).
    Removing stm32f2xx_dcmi.o(i.DCMI_Cmd), (36 bytes).
    Removing stm32f2xx_dcmi.o(i.DCMI_DeInit), (28 bytes).
    Removing stm32f2xx_dcmi.o(i.DCMI_GetFlagStatus), (60 bytes).
    Removing stm32f2xx_dcmi.o(i.DCMI_GetITStatus), (28 bytes).
    Removing stm32f2xx_dcmi.o(i.DCMI_ITConfig), (36 bytes).
    Removing stm32f2xx_dcmi.o(i.DCMI_Init), (64 bytes).
    Removing stm32f2xx_dcmi.o(i.DCMI_JPEGCmd), (36 bytes).
    Removing stm32f2xx_dcmi.o(i.DCMI_ReadData), (12 bytes).
    Removing stm32f2xx_dcmi.o(i.DCMI_SetEmbeddedSynchroCodes), (32 bytes).
    Removing stm32f2xx_dcmi.o(i.DCMI_StructInit), (18 bytes).
    Removing stm32f2xx_dma.o(i.DMA_ClearFlag), (52 bytes).
    Removing stm32f2xx_dma.o(i.DMA_ClearITPendingBit), (52 bytes).
    Removing stm32f2xx_dma.o(i.DMA_Cmd), (22 bytes).
    Removing stm32f2xx_dma.o(i.DMA_DeInit), (344 bytes).
    Removing stm32f2xx_dma.o(i.DMA_DoubleBufferModeCmd), (22 bytes).
    Removing stm32f2xx_dma.o(i.DMA_DoubleBufferModeConfig), (24 bytes).
    Removing stm32f2xx_dma.o(i.DMA_FlowControllerConfig), (22 bytes).
    Removing stm32f2xx_dma.o(i.DMA_GetCmdStatus), (20 bytes).
    Removing stm32f2xx_dma.o(i.DMA_GetCurrDataCounter), (8 bytes).
    Removing stm32f2xx_dma.o(i.DMA_GetCurrentMemoryTarget), (20 bytes).
    Removing stm32f2xx_dma.o(i.DMA_GetFIFOStatus), (12 bytes).
    Removing stm32f2xx_dma.o(i.DMA_GetFlagStatus), (68 bytes).
    Removing stm32f2xx_dma.o(i.DMA_GetITStatus), (100 bytes).
    Removing stm32f2xx_dma.o(i.DMA_ITConfig), (58 bytes).
    Removing stm32f2xx_dma.o(i.DMA_Init), (88 bytes).
    Removing stm32f2xx_dma.o(i.DMA_MemoryTargetConfig), (10 bytes).
    Removing stm32f2xx_dma.o(i.DMA_PeriphIncOffsetSizeConfig), (22 bytes).
    Removing stm32f2xx_dma.o(i.DMA_SetCurrDataCounter), (4 bytes).
    Removing stm32f2xx_dma.o(i.DMA_StructInit), (34 bytes).
    Removing stm32f2xx_exti.o(i.EXTI_ClearFlag), (12 bytes).
    Removing stm32f2xx_exti.o(i.EXTI_ClearITPendingBit), (12 bytes).
    Removing stm32f2xx_exti.o(i.EXTI_DeInit), (36 bytes).
    Removing stm32f2xx_exti.o(i.EXTI_GenerateSWInterrupt), (16 bytes).
    Removing stm32f2xx_exti.o(i.EXTI_GetFlagStatus), (24 bytes).
    Removing stm32f2xx_exti.o(i.EXTI_GetITStatus), (40 bytes).
    Removing stm32f2xx_exti.o(i.EXTI_Init), (148 bytes).
    Removing stm32f2xx_exti.o(i.EXTI_StructInit), (16 bytes).
    Removing stm32f2xx_flash.o(i.FLASH_ClearFlag), (12 bytes).
    Removing stm32f2xx_flash.o(i.FLASH_DataCacheCmd), (36 bytes).
    Removing stm32f2xx_flash.o(i.FLASH_DataCacheReset), (20 bytes).
    Removing stm32f2xx_flash.o(i.FLASH_EraseAllSectors), (72 bytes).
    Removing stm32f2xx_flash.o(i.FLASH_EraseSector), (96 bytes).
    Removing stm32f2xx_flash.o(i.FLASH_GetFlagStatus), (24 bytes).
    Removing stm32f2xx_flash.o(i.FLASH_GetStatus), (72 bytes).
    Removing stm32f2xx_flash.o(i.FLASH_ITConfig), (32 bytes).
    Removing stm32f2xx_flash.o(i.FLASH_InstructionCacheCmd), (36 bytes).
    Removing stm32f2xx_flash.o(i.FLASH_InstructionCacheReset), (20 bytes).
    Removing stm32f2xx_flash.o(i.FLASH_Lock), (20 bytes).
    Removing stm32f2xx_flash.o(i.FLASH_OB_BORConfig), (28 bytes).
    Removing stm32f2xx_flash.o(i.FLASH_OB_GetBOR), (16 bytes).
    Removing stm32f2xx_flash.o(i.FLASH_OB_GetRDP), (24 bytes).
    Removing stm32f2xx_flash.o(i.FLASH_OB_GetUser), (16 bytes).
    Removing stm32f2xx_flash.o(i.FLASH_OB_GetWRP), (12 bytes).
    Removing stm32f2xx_flash.o(i.FLASH_OB_Launch), (36 bytes).
    Removing stm32f2xx_flash.o(i.FLASH_OB_Lock), (20 bytes).
    Removing stm32f2xx_flash.o(i.FLASH_OB_RDPConfig), (32 bytes).
    Removing stm32f2xx_flash.o(i.FLASH_OB_Unlock), (36 bytes).
    Removing stm32f2xx_flash.o(i.FLASH_OB_UserConfig), (64 bytes).
    Removing stm32f2xx_flash.o(i.FLASH_OB_WRPConfig), (56 bytes).
    Removing stm32f2xx_flash.o(i.FLASH_PrefetchBufferCmd), (36 bytes).
    Removing stm32f2xx_flash.o(i.FLASH_ProgramByte), (84 bytes).
    Removing stm32f2xx_flash.o(i.FLASH_ProgramDoubleWord), (92 bytes).
    Removing stm32f2xx_flash.o(i.FLASH_ProgramHalfWord), (88 bytes).
    Removing stm32f2xx_flash.o(i.FLASH_ProgramOTP), (88 bytes).
    Removing stm32f2xx_flash.o(i.FLASH_ProgramWord), (88 bytes).
    Removing stm32f2xx_flash.o(i.FLASH_SetLatency), (12 bytes).
    Removing stm32f2xx_flash.o(i.FLASH_Unlock), (36 bytes).
    Removing stm32f2xx_flash.o(i.FLASH_WaitForLastOperation), (38 bytes).
    Removing stm32f2xx_fsmc.o(i.FSMC_ClearFlag), (64 bytes).
    Removing stm32f2xx_fsmc.o(i.FSMC_ClearITPendingBit), (72 bytes).
    Removing stm32f2xx_fsmc.o(i.FSMC_GetECC), (28 bytes).
    Removing stm32f2xx_fsmc.o(i.FSMC_GetFlagStatus), (56 bytes).
    Removing stm32f2xx_fsmc.o(i.FSMC_GetITStatus), (68 bytes).
    Removing stm32f2xx_fsmc.o(i.FSMC_ITConfig), (128 bytes).
    Removing stm32f2xx_fsmc.o(i.FSMC_NANDCmd), (92 bytes).
    Removing stm32f2xx_fsmc.o(i.FSMC_NANDDeInit), (68 bytes).
    Removing stm32f2xx_fsmc.o(i.FSMC_NANDECCCmd), (92 bytes).
    Removing stm32f2xx_fsmc.o(i.FSMC_NANDInit), (136 bytes).
    Removing stm32f2xx_fsmc.o(i.FSMC_NANDStructInit), (54 bytes).
    Removing stm32f2xx_fsmc.o(i.FSMC_NORSRAMCmd), (52 bytes).
    Removing stm32f2xx_fsmc.o(i.FSMC_NORSRAMDeInit), (54 bytes).
    Removing stm32f2xx_fsmc.o(i.FSMC_NORSRAMInit), (230 bytes).
    Removing stm32f2xx_fsmc.o(i.FSMC_NORSRAMStructInit), (114 bytes).
    Removing stm32f2xx_fsmc.o(i.FSMC_PCCARDCmd), (48 bytes).
    Removing stm32f2xx_fsmc.o(i.FSMC_PCCARDDeInit), (40 bytes).
    Removing stm32f2xx_fsmc.o(i.FSMC_PCCARDInit), (132 bytes).
    Removing stm32f2xx_fsmc.o(i.FSMC_PCCARDStructInit), (60 bytes).
    Removing stm32f2xx_gpio.o(i.GPIO_DeInit), (256 bytes).
    Removing stm32f2xx_gpio.o(i.GPIO_PinLockConfig), (18 bytes).
    Removing stm32f2xx_gpio.o(i.GPIO_ReadInputData), (8 bytes).
    Removing stm32f2xx_gpio.o(i.GPIO_ReadInputDataBit), (18 bytes).
    Removing stm32f2xx_gpio.o(i.GPIO_ReadOutputData), (8 bytes).
    Removing stm32f2xx_gpio.o(i.GPIO_ReadOutputDataBit), (18 bytes).
    Removing stm32f2xx_gpio.o(i.GPIO_StructInit), (18 bytes).
    Removing stm32f2xx_gpio.o(i.GPIO_ToggleBits), (8 bytes).
    Removing stm32f2xx_gpio.o(i.GPIO_Write), (4 bytes).
    Removing stm32f2xx_gpio.o(i.GPIO_WriteBit), (10 bytes).
    Removing stm32f2xx_hash.o(i.HASH_ClearITPendingBit), (16 bytes).
    Removing stm32f2xx_hash.o(i.HASH_DMACmd), (36 bytes).
    Removing stm32f2xx_hash.o(i.HASH_DataIn), (12 bytes).
    Removing stm32f2xx_hash.o(i.HASH_DataOut), (44 bytes).
    Removing stm32f2xx_hash.o(i.HASH_DeInit), (20 bytes).
    Removing stm32f2xx_hash.o(i.HASH_GetFIFOWordsNumber), (16 bytes).
    Removing stm32f2xx_hash.o(i.HASH_GetFlagStatus), (44 bytes).
    Removing stm32f2xx_hash.o(i.HASH_GetITStatus), (24 bytes).
    Removing stm32f2xx_hash.o(i.HASH_ITConfig), (32 bytes).
    Removing stm32f2xx_hash.o(i.HASH_Init), (80 bytes).
    Removing stm32f2xx_hash.o(i.HASH_NbValidBits), (28 bytes).
    Removing stm32f2xx_hash.o(i.HASH_Reset), (20 bytes).
    Removing stm32f2xx_hash.o(i.HASH_Start), (20 bytes).
    Removing stm32f2xx_hash.o(i.HASH_StructInit), (12 bytes).
    Removing stm32f2xx_i2c.o(i.I2C_ARPCmd), (24 bytes).
    Removing stm32f2xx_i2c.o(i.I2C_AcknowledgeConfig), (24 bytes).
    Removing stm32f2xx_i2c.o(i.I2C_CalculatePEC), (24 bytes).
    Removing stm32f2xx_i2c.o(i.I2C_CheckEvent), (42 bytes).
    Removing stm32f2xx_i2c.o(i.I2C_ClearFlag), (12 bytes).
    Removing stm32f2xx_i2c.o(i.I2C_ClearITPendingBit), (12 bytes).
    Removing stm32f2xx_i2c.o(i.I2C_Cmd), (24 bytes).
    Removing stm32f2xx_i2c.o(i.I2C_DMACmd), (24 bytes).
    Removing stm32f2xx_i2c.o(i.I2C_DMALastTransferCmd), (24 bytes).
    Removing stm32f2xx_i2c.o(i.I2C_DeInit), (96 bytes).
    Removing stm32f2xx_i2c.o(i.I2C_DualAddressCmd), (24 bytes).
    Removing stm32f2xx_i2c.o(i.I2C_FastModeDutyCycleConfig), (28 bytes).
    Removing stm32f2xx_i2c.o(i.I2C_GeneralCallCmd), (24 bytes).
    Removing stm32f2xx_i2c.o(i.I2C_GenerateSTART), (24 bytes).
    Removing stm32f2xx_i2c.o(i.I2C_GenerateSTOP), (24 bytes).
    Removing stm32f2xx_i2c.o(i.I2C_GetFlagStatus), (58 bytes).
    Removing stm32f2xx_i2c.o(i.I2C_GetITStatus), (38 bytes).
    Removing stm32f2xx_i2c.o(i.I2C_GetLastEvent), (26 bytes).
    Removing stm32f2xx_i2c.o(i.I2C_GetPEC), (8 bytes).
    Removing stm32f2xx_i2c.o(i.I2C_ITConfig), (18 bytes).
    Removing stm32f2xx_i2c.o(i.I2C_Init), (232 bytes).
    Removing stm32f2xx_i2c.o(i.I2C_OwnAddress2Config), (22 bytes).
    Removing stm32f2xx_i2c.o(i.I2C_PECPositionConfig), (28 bytes).
    Removing stm32f2xx_i2c.o(i.I2C_ReadRegister), (22 bytes).
    Removing stm32f2xx_i2c.o(i.I2C_ReceiveData), (8 bytes).
    Removing stm32f2xx_i2c.o(i.I2C_SMBusAlertConfig), (28 bytes).
    Removing stm32f2xx_i2c.o(i.I2C_Send7bitAddress), (16 bytes).
    Removing stm32f2xx_i2c.o(i.I2C_SendData), (4 bytes).
    Removing stm32f2xx_i2c.o(i.I2C_SoftwareResetCmd), (22 bytes).
    Removing stm32f2xx_i2c.o(i.I2C_StretchClockCmd), (24 bytes).
    Removing stm32f2xx_i2c.o(i.I2C_StructInit), (30 bytes).
    Removing stm32f2xx_i2c.o(i.I2C_TransmitPEC), (24 bytes).
    Removing stm32f2xx_iwdg.o(i.IWDG_Enable), (16 bytes).
    Removing stm32f2xx_iwdg.o(i.IWDG_GetFlagStatus), (24 bytes).
    Removing stm32f2xx_iwdg.o(i.IWDG_ReloadCounter), (16 bytes).
    Removing stm32f2xx_iwdg.o(i.IWDG_SetPrescaler), (12 bytes).
    Removing stm32f2xx_iwdg.o(i.IWDG_SetReload), (12 bytes).
    Removing stm32f2xx_iwdg.o(i.IWDG_WriteAccessCmd), (12 bytes).
    Removing stm32f2xx_pwr.o(i.PWR_BackupAccessCmd), (12 bytes).
    Removing stm32f2xx_pwr.o(i.PWR_BackupRegulatorCmd), (12 bytes).
    Removing stm32f2xx_pwr.o(i.PWR_ClearFlag), (20 bytes).
    Removing stm32f2xx_pwr.o(i.PWR_DeInit), (22 bytes).
    Removing stm32f2xx_pwr.o(i.PWR_EnterSTANDBYMode), (52 bytes).
    Removing stm32f2xx_pwr.o(i.PWR_EnterSTOPMode), (64 bytes).
    Removing stm32f2xx_pwr.o(i.PWR_FlashPowerDownCmd), (12 bytes).
    Removing stm32f2xx_pwr.o(i.PWR_GetFlagStatus), (24 bytes).
    Removing stm32f2xx_pwr.o(i.PWR_PVDCmd), (12 bytes).
    Removing stm32f2xx_pwr.o(i.PWR_PVDLevelConfig), (24 bytes).
    Removing stm32f2xx_pwr.o(i.PWR_WakeUpPinCmd), (12 bytes).
    Removing stm32f2xx_rcc.o(i.RCC_AHB1PeriphClockLPModeCmd), (32 bytes).
    Removing stm32f2xx_rcc.o(i.RCC_AHB1PeriphResetCmd), (32 bytes).
    Removing stm32f2xx_rcc.o(i.RCC_AHB2PeriphClockCmd), (32 bytes).
    Removing stm32f2xx_rcc.o(i.RCC_AHB2PeriphClockLPModeCmd), (32 bytes).
    Removing stm32f2xx_rcc.o(i.RCC_AHB2PeriphResetCmd), (32 bytes).
    Removing stm32f2xx_rcc.o(i.RCC_AHB3PeriphClockCmd), (32 bytes).
    Removing stm32f2xx_rcc.o(i.RCC_AHB3PeriphClockLPModeCmd), (32 bytes).
    Removing stm32f2xx_rcc.o(i.RCC_AHB3PeriphResetCmd), (32 bytes).
    Removing stm32f2xx_rcc.o(i.RCC_APB1PeriphClockCmd), (32 bytes).
    Removing stm32f2xx_rcc.o(i.RCC_APB1PeriphClockLPModeCmd), (32 bytes).
    Removing stm32f2xx_rcc.o(i.RCC_APB1PeriphResetCmd), (32 bytes).
    Removing stm32f2xx_rcc.o(i.RCC_APB2PeriphClockLPModeCmd), (32 bytes).
    Removing stm32f2xx_rcc.o(i.RCC_APB2PeriphResetCmd), (32 bytes).
    Removing stm32f2xx_rcc.o(i.RCC_AdjustHSICalibrationValue), (24 bytes).
    Removing stm32f2xx_rcc.o(i.RCC_BackupResetCmd), (12 bytes).
    Removing stm32f2xx_rcc.o(i.RCC_ClearFlag), (20 bytes).
    Removing stm32f2xx_rcc.o(i.RCC_ClearITPendingBit), (12 bytes).
    Removing stm32f2xx_rcc.o(i.RCC_ClockSecuritySystemCmd), (12 bytes).
    Removing stm32f2xx_rcc.o(i.RCC_DeInit), (68 bytes).
    Removing stm32f2xx_rcc.o(i.RCC_GetFlagStatus), (64 bytes).
    Removing stm32f2xx_rcc.o(i.RCC_GetITStatus), (24 bytes).
    Removing stm32f2xx_rcc.o(i.RCC_GetSYSCLKSource), (16 bytes).
    Removing stm32f2xx_rcc.o(i.RCC_HCLKConfig), (24 bytes).
    Removing stm32f2xx_rcc.o(i.RCC_HSEConfig), (76 bytes).
    Removing stm32f2xx_rcc.o(i.RCC_HSICmd), (12 bytes).
    Removing stm32f2xx_rcc.o(i.RCC_I2SCLKConfig), (12 bytes).
    Removing stm32f2xx_rcc.o(i.RCC_ITConfig), (32 bytes).
    Removing stm32f2xx_rcc.o(i.RCC_LSEConfig), (44 bytes).
    Removing stm32f2xx_rcc.o(i.RCC_LSICmd), (12 bytes).
    Removing stm32f2xx_rcc.o(i.RCC_MCO1Config), (28 bytes).
    Removing stm32f2xx_rcc.o(i.RCC_MCO2Config), (28 bytes).
    Removing stm32f2xx_rcc.o(i.RCC_PCLK1Config), (24 bytes).
    Removing stm32f2xx_rcc.o(i.RCC_PCLK2Config), (24 bytes).
    Removing stm32f2xx_rcc.o(i.RCC_PLLCmd), (12 bytes).
    Removing stm32f2xx_rcc.o(i.RCC_PLLConfig), (40 bytes).
    Removing stm32f2xx_rcc.o(i.RCC_PLLI2SCmd), (12 bytes).
    Removing stm32f2xx_rcc.o(i.RCC_PLLI2SConfig), (16 bytes).
    Removing stm32f2xx_rcc.o(i.RCC_RTCCLKCmd), (12 bytes).
    Removing stm32f2xx_rcc.o(i.RCC_RTCCLKConfig), (60 bytes).
    Removing stm32f2xx_rcc.o(i.RCC_SYSCLKConfig), (24 bytes).
    Removing stm32f2xx_rcc.o(i.RCC_WaitForHSEStartUp), (54 bytes).
    Removing stm32f2xx_rng.o(i.RNG_ClearITPendingBit), (16 bytes).
    Removing stm32f2xx_rng.o(i.RNG_Cmd), (36 bytes).
    Removing stm32f2xx_rng.o(i.RNG_DeInit), (20 bytes).
    Removing stm32f2xx_rng.o(i.RNG_GetFlagStatus), (24 bytes).
    Removing stm32f2xx_rng.o(i.RNG_GetITStatus), (24 bytes).
    Removing stm32f2xx_rng.o(i.RNG_GetRandomNumber), (12 bytes).
    Removing stm32f2xx_rng.o(i.RNG_ITConfig), (36 bytes).
    Removing stm32f2xx_rtc.o(i.RTC_AlarmCmd), (104 bytes).
    Removing stm32f2xx_rtc.o(i.RTC_Bcd2ToByte), (22 bytes).
    Removing stm32f2xx_rtc.o(i.RTC_ByteToBcd2), (28 bytes).
    Removing stm32f2xx_rtc.o(i.RTC_CalibOutputCmd), (52 bytes).
    Removing stm32f2xx_rtc.o(i.RTC_ClearFlag), (16 bytes).
    Removing stm32f2xx_rtc.o(i.RTC_ClearITPendingBit), (24 bytes).
    Removing stm32f2xx_rtc.o(i.RTC_DayLightSavingConfig), (52 bytes).
    Removing stm32f2xx_rtc.o(i.RTC_DeInit), (180 bytes).
    Removing stm32f2xx_rtc.o(i.RTC_DigitalCalibCmd), (68 bytes).
    Removing stm32f2xx_rtc.o(i.RTC_DigitalCalibConfig), (52 bytes).
    Removing stm32f2xx_rtc.o(i.RTC_EnterInitMode), (80 bytes).
    Removing stm32f2xx_rtc.o(i.RTC_ExitInitMode), (20 bytes).
    Removing stm32f2xx_rtc.o(i.RTC_GetAlarm), (116 bytes).
    Removing stm32f2xx_rtc.o(i.RTC_GetDate), (80 bytes).
    Removing stm32f2xx_rtc.o(i.RTC_GetFlagStatus), (40 bytes).
    Removing stm32f2xx_rtc.o(i.RTC_GetITStatus), (76 bytes).
    Removing stm32f2xx_rtc.o(i.RTC_GetStoreOperation), (16 bytes).
    Removing stm32f2xx_rtc.o(i.RTC_GetTime), (80 bytes).
    Removing stm32f2xx_rtc.o(i.RTC_GetTimeStamp), (156 bytes).
    Removing stm32f2xx_rtc.o(i.RTC_GetWakeUpCounter), (12 bytes).
    Removing stm32f2xx_rtc.o(i.RTC_ITConfig), (92 bytes).
    Removing stm32f2xx_rtc.o(i.RTC_Init), (80 bytes).
    Removing stm32f2xx_rtc.o(i.RTC_OutputConfig), (52 bytes).
    Removing stm32f2xx_rtc.o(i.RTC_OutputTypeConfig), (28 bytes).
    Removing stm32f2xx_rtc.o(i.RTC_ReadBackupRegister), (32 bytes).
    Removing stm32f2xx_rtc.o(i.RTC_RefClockCmd), (68 bytes).
    Removing stm32f2xx_rtc.o(i.RTC_SetAlarm), (228 bytes).
    Removing stm32f2xx_rtc.o(i.RTC_SetDate), (176 bytes).
    Removing stm32f2xx_rtc.o(i.RTC_SetTime), (184 bytes).
    Removing stm32f2xx_rtc.o(i.RTC_SetWakeUpCounter), (28 bytes).
    Removing stm32f2xx_rtc.o(i.RTC_StructInit), (14 bytes).
    Removing stm32f2xx_rtc.o(i.RTC_TamperCmd), (36 bytes).
    Removing stm32f2xx_rtc.o(i.RTC_TamperConfig), (24 bytes).
    Removing stm32f2xx_rtc.o(i.RTC_TamperPinSelection), (28 bytes).
    Removing stm32f2xx_rtc.o(i.RTC_TimeStampCmd), (56 bytes).
    Removing stm32f2xx_rtc.o(i.RTC_TimeStampPinSelection), (28 bytes).
    Removing stm32f2xx_rtc.o(i.RTC_WaitForSynchro), (72 bytes).
    Removing stm32f2xx_rtc.o(i.RTC_WakeUpClockConfig), (44 bytes).
    Removing stm32f2xx_rtc.o(i.RTC_WakeUpCmd), (108 bytes).
    Removing stm32f2xx_rtc.o(i.RTC_WriteBackupRegister), (28 bytes).
    Removing stm32f2xx_rtc.o(i.RTC_WriteProtectionCmd), (28 bytes).
    Removing stm32f2xx_sdio.o(i.SDIO_CEATAITCmd), (16 bytes).
    Removing stm32f2xx_sdio.o(i.SDIO_ClearFlag), (12 bytes).
    Removing stm32f2xx_sdio.o(i.SDIO_ClearITPendingBit), (12 bytes).
    Removing stm32f2xx_sdio.o(i.SDIO_ClockCmd), (12 bytes).
    Removing stm32f2xx_sdio.o(i.SDIO_CmdStructInit), (14 bytes).
    Removing stm32f2xx_sdio.o(i.SDIO_CommandCompletionCmd), (12 bytes).
    Removing stm32f2xx_sdio.o(i.SDIO_DMACmd), (12 bytes).
    Removing stm32f2xx_sdio.o(i.SDIO_DataConfig), (52 bytes).
    Removing stm32f2xx_sdio.o(i.SDIO_DataStructInit), (20 bytes).
    Removing stm32f2xx_sdio.o(i.SDIO_DeInit), (22 bytes).
    Removing stm32f2xx_sdio.o(i.SDIO_GetCommandResponse), (12 bytes).
    Removing stm32f2xx_sdio.o(i.SDIO_GetDataCounter), (12 bytes).
    Removing stm32f2xx_sdio.o(i.SDIO_GetFIFOCount), (12 bytes).
    Removing stm32f2xx_sdio.o(i.SDIO_GetFlagStatus), (24 bytes).
    Removing stm32f2xx_sdio.o(i.SDIO_GetITStatus), (24 bytes).
    Removing stm32f2xx_sdio.o(i.SDIO_GetPowerState), (16 bytes).
    Removing stm32f2xx_sdio.o(i.SDIO_GetResponse), (24 bytes).
    Removing stm32f2xx_sdio.o(i.SDIO_ITConfig), (32 bytes).
    Removing stm32f2xx_sdio.o(i.SDIO_Init), (48 bytes).
    Removing stm32f2xx_sdio.o(i.SDIO_ReadData), (12 bytes).
    Removing stm32f2xx_sdio.o(i.SDIO_SendCEATACmd), (12 bytes).
    Removing stm32f2xx_sdio.o(i.SDIO_SendCommand), (44 bytes).
    Removing stm32f2xx_sdio.o(i.SDIO_SendSDIOSuspendCmd), (12 bytes).
    Removing stm32f2xx_sdio.o(i.SDIO_SetPowerState), (28 bytes).
    Removing stm32f2xx_sdio.o(i.SDIO_SetSDIOOperation), (12 bytes).
    Removing stm32f2xx_sdio.o(i.SDIO_SetSDIOReadWaitMode), (12 bytes).
    Removing stm32f2xx_sdio.o(i.SDIO_StartSDIOReadWait), (12 bytes).
    Removing stm32f2xx_sdio.o(i.SDIO_StopSDIOReadWait), (12 bytes).
    Removing stm32f2xx_sdio.o(i.SDIO_StructInit), (16 bytes).
    Removing stm32f2xx_sdio.o(i.SDIO_WriteData), (12 bytes).
    Removing stm32f2xx_spi.o(i.I2S_Cmd), (24 bytes).
    Removing stm32f2xx_spi.o(i.I2S_Init), (288 bytes).
    Removing stm32f2xx_spi.o(i.I2S_StructInit), (20 bytes).
    Removing stm32f2xx_spi.o(i.SPI_BiDirectionalLineConfig), (28 bytes).
    Removing stm32f2xx_spi.o(i.SPI_CalculateCRC), (24 bytes).
    Removing stm32f2xx_spi.o(i.SPI_Cmd), (24 bytes).
    Removing stm32f2xx_spi.o(i.SPI_DataSizeConfig), (18 bytes).
    Removing stm32f2xx_spi.o(i.SPI_GetCRC), (16 bytes).
    Removing stm32f2xx_spi.o(i.SPI_GetCRCPolynomial), (6 bytes).
    Removing stm32f2xx_spi.o(i.SPI_I2S_ClearFlag), (6 bytes).
    Removing stm32f2xx_spi.o(i.SPI_I2S_ClearITPendingBit), (20 bytes).
    Removing stm32f2xx_spi.o(i.SPI_I2S_DMACmd), (18 bytes).
    Removing stm32f2xx_spi.o(i.SPI_I2S_DeInit), (88 bytes).
    Removing stm32f2xx_spi.o(i.SPI_I2S_GetFlagStatus), (18 bytes).
    Removing stm32f2xx_spi.o(i.SPI_I2S_GetITStatus), (52 bytes).
    Removing stm32f2xx_spi.o(i.SPI_I2S_ITConfig), (32 bytes).
    Removing stm32f2xx_spi.o(i.SPI_I2S_ReceiveData), (6 bytes).
    Removing stm32f2xx_spi.o(i.SPI_I2S_SendData), (4 bytes).
    Removing stm32f2xx_spi.o(i.SPI_Init), (60 bytes).
    Removing stm32f2xx_spi.o(i.SPI_NSSInternalSoftwareConfig), (30 bytes).
    Removing stm32f2xx_spi.o(i.SPI_SSOutputCmd), (24 bytes).
    Removing stm32f2xx_spi.o(i.SPI_StructInit), (24 bytes).
    Removing stm32f2xx_spi.o(i.SPI_TIModeCmd), (24 bytes).
    Removing stm32f2xx_spi.o(i.SPI_TransmitCRC), (10 bytes).
    Removing stm32f2xx_syscfg.o(i.SYSCFG_DeInit), (22 bytes).
    Removing stm32f2xx_syscfg.o(i.SYSCFG_ETH_MediaInterfaceConfig), (12 bytes).
    Removing stm32f2xx_syscfg.o(i.SYSCFG_EXTILineConfig), (64 bytes).
    Removing stm32f2xx_syscfg.o(i.SYSCFG_MemoryRemapConfig), (12 bytes).
    Removing stm32f2xx_tim.o(i.TI1_Config), (54 bytes).
    Removing stm32f2xx_tim.o(i.TI2_Config), (68 bytes).
    Removing stm32f2xx_tim.o(i.TI3_Config), (60 bytes).
    Removing stm32f2xx_tim.o(i.TI4_Config), (68 bytes).
    Removing stm32f2xx_tim.o(i.TIM_ARRPreloadConfig), (22 bytes).
    Removing stm32f2xx_tim.o(i.TIM_BDTRConfig), (32 bytes).
    Removing stm32f2xx_tim.o(i.TIM_BDTRStructInit), (18 bytes).
    Removing stm32f2xx_tim.o(i.TIM_CCPreloadControl), (22 bytes).
    Removing stm32f2xx_tim.o(i.TIM_CCxCmd), (30 bytes).
    Removing stm32f2xx_tim.o(i.TIM_CCxNCmd), (30 bytes).
    Removing stm32f2xx_tim.o(i.TIM_ClearFlag), (6 bytes).
    Removing stm32f2xx_tim.o(i.TIM_ClearITPendingBit), (6 bytes).
    Removing stm32f2xx_tim.o(i.TIM_ClearOC1Ref), (16 bytes).
    Removing stm32f2xx_tim.o(i.TIM_ClearOC2Ref), (24 bytes).
    Removing stm32f2xx_tim.o(i.TIM_ClearOC3Ref), (16 bytes).
    Removing stm32f2xx_tim.o(i.TIM_ClearOC4Ref), (24 bytes).
    Removing stm32f2xx_tim.o(i.TIM_Cmd), (22 bytes).
    Removing stm32f2xx_tim.o(i.TIM_CounterModeConfig), (16 bytes).
    Removing stm32f2xx_tim.o(i.TIM_CtrlPWMOutputs), (30 bytes).
    Removing stm32f2xx_tim.o(i.TIM_DMACmd), (18 bytes).
    Removing stm32f2xx_tim.o(i.TIM_DMAConfig), (10 bytes).
    Removing stm32f2xx_tim.o(i.TIM_DeInit), (400 bytes).
    Removing stm32f2xx_tim.o(i.TIM_ETRClockMode1Config), (50 bytes).
    Removing stm32f2xx_tim.o(i.TIM_ETRClockMode2Config), (32 bytes).
    Removing stm32f2xx_tim.o(i.TIM_ETRConfig), (28 bytes).
    Removing stm32f2xx_tim.o(i.TIM_EncoderInterfaceConfig), (62 bytes).
    Removing stm32f2xx_tim.o(i.TIM_ForcedOC1Config), (16 bytes).
    Removing stm32f2xx_tim.o(i.TIM_ForcedOC2Config), (24 bytes).
    Removing stm32f2xx_tim.o(i.TIM_ForcedOC3Config), (16 bytes).
    Removing stm32f2xx_tim.o(i.TIM_ForcedOC4Config), (24 bytes).
    Removing stm32f2xx_tim.o(i.TIM_GenerateEvent), (4 bytes).
    Removing stm32f2xx_tim.o(i.TIM_GetCapture1), (6 bytes).
    Removing stm32f2xx_tim.o(i.TIM_GetCapture2), (6 bytes).
    Removing stm32f2xx_tim.o(i.TIM_GetCapture3), (6 bytes).
    Removing stm32f2xx_tim.o(i.TIM_GetCapture4), (6 bytes).
    Removing stm32f2xx_tim.o(i.TIM_GetCounter), (6 bytes).
    Removing stm32f2xx_tim.o(i.TIM_GetFlagStatus), (18 bytes).
    Removing stm32f2xx_tim.o(i.TIM_GetITStatus), (34 bytes).
    Removing stm32f2xx_tim.o(i.TIM_GetPrescaler), (6 bytes).
    Removing stm32f2xx_tim.o(i.TIM_ICInit), (110 bytes).
    Removing stm32f2xx_tim.o(i.TIM_ICStructInit), (18 bytes).
    Removing stm32f2xx_tim.o(i.TIM_ITConfig), (18 bytes).
    Removing stm32f2xx_tim.o(i.TIM_ITRxExternalClockConfig), (24 bytes).
    Removing stm32f2xx_tim.o(i.TIM_InternalClockConfig), (10 bytes).
    Removing stm32f2xx_tim.o(i.TIM_OC1FastConfig), (16 bytes).
    Removing stm32f2xx_tim.o(i.TIM_OC1Init), (112 bytes).
    Removing stm32f2xx_tim.o(i.TIM_OC1NPolarityConfig), (16 bytes).
    Removing stm32f2xx_tim.o(i.TIM_OC1PolarityConfig), (16 bytes).
    Removing stm32f2xx_tim.o(i.TIM_OC1PreloadConfig), (16 bytes).
    Removing stm32f2xx_tim.o(i.TIM_OC2FastConfig), (24 bytes).
    Removing stm32f2xx_tim.o(i.TIM_OC2Init), (148 bytes).
    Removing stm32f2xx_tim.o(i.TIM_OC2NPolarityConfig), (24 bytes).
    Removing stm32f2xx_tim.o(i.TIM_OC2PolarityConfig), (24 bytes).
    Removing stm32f2xx_tim.o(i.TIM_OC2PreloadConfig), (24 bytes).
    Removing stm32f2xx_tim.o(i.TIM_OC3FastConfig), (16 bytes).
    Removing stm32f2xx_tim.o(i.TIM_OC3Init), (144 bytes).
    Removing stm32f2xx_tim.o(i.TIM_OC3NPolarityConfig), (24 bytes).
    Removing stm32f2xx_tim.o(i.TIM_OC3PolarityConfig), (24 bytes).
    Removing stm32f2xx_tim.o(i.TIM_OC3PreloadConfig), (16 bytes).
    Removing stm32f2xx_tim.o(i.TIM_OC4FastConfig), (24 bytes).
    Removing stm32f2xx_tim.o(i.TIM_OC4Init), (112 bytes).
    Removing stm32f2xx_tim.o(i.TIM_OC4PolarityConfig), (24 bytes).
    Removing stm32f2xx_tim.o(i.TIM_OC4PreloadConfig), (24 bytes).
    Removing stm32f2xx_tim.o(i.TIM_OCStructInit), (20 bytes).
    Removing stm32f2xx_tim.o(i.TIM_PWMIConfig), (124 bytes).
    Removing stm32f2xx_tim.o(i.TIM_PrescalerConfig), (6 bytes).
    Removing stm32f2xx_tim.o(i.TIM_RemapConfig), (6 bytes).
    Removing stm32f2xx_tim.o(i.TIM_SelectCCDMA), (22 bytes).
    Removing stm32f2xx_tim.o(i.TIM_SelectCOM), (22 bytes).
    Removing stm32f2xx_tim.o(i.TIM_SelectHallSensor), (22 bytes).
    Removing stm32f2xx_tim.o(i.TIM_SelectInputTrigger), (16 bytes).
    Removing stm32f2xx_tim.o(i.TIM_SelectMasterSlaveMode), (16 bytes).
    Removing stm32f2xx_tim.o(i.TIM_SelectOCxM), (86 bytes).
    Removing stm32f2xx_tim.o(i.TIM_SelectOnePulseMode), (16 bytes).
    Removing stm32f2xx_tim.o(i.TIM_SelectOutputTrigger), (16 bytes).
    Removing stm32f2xx_tim.o(i.TIM_SelectSlaveMode), (16 bytes).
    Removing stm32f2xx_tim.o(i.TIM_SetAutoreload), (4 bytes).
    Removing stm32f2xx_tim.o(i.TIM_SetClockDivision), (16 bytes).
    Removing stm32f2xx_tim.o(i.TIM_SetCompare1), (4 bytes).
    Removing stm32f2xx_tim.o(i.TIM_SetCompare2), (4 bytes).
    Removing stm32f2xx_tim.o(i.TIM_SetCompare3), (4 bytes).
    Removing stm32f2xx_tim.o(i.TIM_SetCompare4), (4 bytes).
    Removing stm32f2xx_tim.o(i.TIM_SetCounter), (4 bytes).
    Removing stm32f2xx_tim.o(i.TIM_SetIC1Prescaler), (16 bytes).
    Removing stm32f2xx_tim.o(i.TIM_SetIC2Prescaler), (24 bytes).
    Removing stm32f2xx_tim.o(i.TIM_SetIC3Prescaler), (16 bytes).
    Removing stm32f2xx_tim.o(i.TIM_SetIC4Prescaler), (24 bytes).
    Removing stm32f2xx_tim.o(i.TIM_TIxExternalClockConfig), (62 bytes).
    Removing stm32f2xx_tim.o(i.TIM_TimeBaseInit), (128 bytes).
    Removing stm32f2xx_tim.o(i.TIM_TimeBaseStructInit), (18 bytes).
    Removing stm32f2xx_tim.o(i.TIM_UpdateDisableConfig), (22 bytes).
    Removing stm32f2xx_tim.o(i.TIM_UpdateRequestConfig), (22 bytes).
    Removing stm32f2xx_usart.o(i.USART_ClearITPendingBit), (30 bytes).
    Removing stm32f2xx_usart.o(i.USART_ClockInit), (32 bytes).
    Removing stm32f2xx_usart.o(i.USART_ClockStructInit), (12 bytes).
    Removing stm32f2xx_usart.o(i.USART_DMACmd), (18 bytes).
    Removing stm32f2xx_usart.o(i.USART_DeInit), (180 bytes).
    Removing stm32f2xx_usart.o(i.USART_GetFlagStatus), (26 bytes).
    Removing stm32f2xx_usart.o(i.USART_GetITStatus), (84 bytes).
    Removing stm32f2xx_usart.o(i.USART_HalfDuplexCmd), (24 bytes).
    Removing stm32f2xx_usart.o(i.USART_ITConfig), (74 bytes).
    Removing stm32f2xx_usart.o(i.USART_IrDACmd), (24 bytes).
    Removing stm32f2xx_usart.o(i.USART_IrDAConfig), (18 bytes).
    Removing stm32f2xx_usart.o(i.USART_LINBreakDetectLengthConfig), (18 bytes).
    Removing stm32f2xx_usart.o(i.USART_LINCmd), (24 bytes).
    Removing stm32f2xx_usart.o(i.USART_OneBitMethodCmd), (24 bytes).
    Removing stm32f2xx_usart.o(i.USART_OverSampling8Cmd), (22 bytes).
    Removing stm32f2xx_usart.o(i.USART_ReceiveData), (10 bytes).
    Removing stm32f2xx_usart.o(i.USART_ReceiverWakeUpCmd), (24 bytes).
    Removing stm32f2xx_usart.o(i.USART_SendBreak), (10 bytes).
    Removing stm32f2xx_usart.o(i.USART_SendData), (8 bytes).
    Removing stm32f2xx_usart.o(i.USART_SetAddress), (18 bytes).
    Removing stm32f2xx_usart.o(i.USART_SetGuardTime), (16 bytes).
    Removing stm32f2xx_usart.o(i.USART_SetPrescaler), (16 bytes).
    Removing stm32f2xx_usart.o(i.USART_SmartCardCmd), (24 bytes).
    Removing stm32f2xx_usart.o(i.USART_SmartCardNACKCmd), (24 bytes).
    Removing stm32f2xx_usart.o(i.USART_StructInit), (24 bytes).
    Removing stm32f2xx_usart.o(i.USART_WakeUpConfig), (18 bytes).
    Removing stm32f2xx_wwdg.o(i.WWDG_ClearFlag), (12 bytes).
    Removing stm32f2xx_wwdg.o(i.WWDG_DeInit), (22 bytes).
    Removing stm32f2xx_wwdg.o(i.WWDG_Enable), (16 bytes).
    Removing stm32f2xx_wwdg.o(i.WWDG_EnableIT), (12 bytes).
    Removing stm32f2xx_wwdg.o(i.WWDG_GetFlagStatus), (12 bytes).
    Removing stm32f2xx_wwdg.o(i.WWDG_SetCounter), (16 bytes).
    Removing stm32f2xx_wwdg.o(i.WWDG_SetPrescaler), (24 bytes).
    Removing stm32f2xx_wwdg.o(i.WWDG_SetWindowValue), (40 bytes).
    Removing dadd.o(.text), (334 bytes).
    Removing dmul.o(.text), (228 bytes).
    Removing ddiv.o(.text), (222 bytes).
    Removing dfixul.o(.text), (48 bytes).
    Removing cdrcmple.o(.text), (48 bytes).
    Removing depilogue.o(.text), (186 bytes).

554 unused section(s) (total 23058 bytes) removed from the image.

==============================================================================

Image Symbol Table

    Local Symbols

    Symbol Name                              Value     Ov Type        Size  Object(Section)

    ../clib/microlib/division.c              0x00000000   Number         0  uldiv.o ABSOLUTE
    ../clib/microlib/division.c              0x00000000   Number         0  uidiv.o ABSOLUTE
    ../clib/microlib/init/entry.s            0x00000000   Number         0  entry11b.o ABSOLUTE
    ../clib/microlib/init/entry.s            0x00000000   Number         0  entry11a.o ABSOLUTE
    ../clib/microlib/init/entry.s            0x00000000   Number         0  entry10b.o ABSOLUTE
    ../clib/microlib/init/entry.s            0x00000000   Number         0  entry10a.o ABSOLUTE
    ../clib/microlib/init/entry.s            0x00000000   Number         0  entry9b.o ABSOLUTE
    ../clib/microlib/init/entry.s            0x00000000   Number         0  entry9a.o ABSOLUTE
    ../clib/microlib/init/entry.s            0x00000000   Number         0  entry8b.o ABSOLUTE
    ../clib/microlib/init/entry.s            0x00000000   Number         0  entry8a.o ABSOLUTE
    ../clib/microlib/init/entry.s            0x00000000   Number         0  entry7b.o ABSOLUTE
    ../clib/microlib/init/entry.s            0x00000000   Number         0  entry.o ABSOLUTE
    ../clib/microlib/init/entry.s            0x00000000   Number         0  entry7a.o ABSOLUTE
    ../clib/microlib/init/entry.s            0x00000000   Number         0  entry5.o ABSOLUTE
    ../clib/microlib/init/entry.s            0x00000000   Number         0  entry2.o ABSOLUTE
    ../clib/microlib/longlong.c              0x00000000   Number         0  llsshr.o ABSOLUTE
    ../clib/microlib/longlong.c              0x00000000   Number         0  llushr.o ABSOLUTE
    ../clib/microlib/longlong.c              0x00000000   Number         0  llshl.o ABSOLUTE
    ../clib/microlib/printf/printf.c         0x00000000   Number         0  printf7.o ABSOLUTE
    ../clib/microlib/printf/printf.c         0x00000000   Number         0  printfa.o ABSOLUTE
    ../clib/microlib/printf/printf.c         0x00000000   Number         0  printf8.o ABSOLUTE
    ../clib/microlib/printf/printf.c         0x00000000   Number         0  printf6.o ABSOLUTE
    ../clib/microlib/printf/printf.c         0x00000000   Number         0  printf5.o ABSOLUTE
    ../clib/microlib/printf/printf.c         0x00000000   Number         0  printf4.o ABSOLUTE
    ../clib/microlib/printf/printf.c         0x00000000   Number         0  printf3.o ABSOLUTE
    ../clib/microlib/printf/printf.c         0x00000000   Number         0  printf2.o ABSOLUTE
    ../clib/microlib/printf/printf.c         0x00000000   Number         0  printf1.o ABSOLUTE
    ../clib/microlib/printf/printf.c         0x00000000   Number         0  printf0.o ABSOLUTE
    ../clib/microlib/printf/printf.c         0x00000000   Number         0  printfb.o ABSOLUTE
    ../clib/microlib/stdio/streams.c         0x00000000   Number         0  stdout.o ABSOLUTE
    ../clib/microlib/stubs.s                 0x00000000   Number         0  iusefp.o ABSOLUTE
    ../fplib/microlib/fpadd.c                0x00000000   Number         0  dadd.o ABSOLUTE
    ../fplib/microlib/fpdiv.c                0x00000000   Number         0  ddiv.o ABSOLUTE
    ../fplib/microlib/fpepilogue.c           0x00000000   Number         0  depilogue.o ABSOLUTE
    ../fplib/microlib/fpfix.c                0x00000000   Number         0  dfixul.o ABSOLUTE
    ../fplib/microlib/fpmul.c                0x00000000   Number         0  dmul.o ABSOLUTE
    ..\\core\\core_cm3.c                     0x00000000   Number         0  core_cm3.o ABSOLUTE
    ..\core\core_cm3.c                       0x00000000   Number         0  core_cm3.o ABSOLUTE
    ..\core\startup_stm32f2xx.s              0x00000000   Number         0  startup_stm32f2xx.o ABSOLUTE
    ..\core\system_stm32f2xx.c               0x00000000   Number         0  system_stm32f2xx.o ABSOLUTE
    ..\lib\misc.c                            0x00000000   Number         0  misc.o ABSOLUTE
    ..\lib\stm32f2xx_adc.c                   0x00000000   Number         0  stm32f2xx_adc.o ABSOLUTE
    ..\lib\stm32f2xx_can.c                   0x00000000   Number         0  stm32f2xx_can.o ABSOLUTE
    ..\lib\stm32f2xx_crc.c                   0x00000000   Number         0  stm32f2xx_crc.o ABSOLUTE
    ..\lib\stm32f2xx_cryp.c                  0x00000000   Number         0  stm32f2xx_cryp.o ABSOLUTE
    ..\lib\stm32f2xx_dac.c                   0x00000000   Number         0  stm32f2xx_dac.o ABSOLUTE
    ..\lib\stm32f2xx_dbgmcu.c                0x00000000   Number         0  stm32f2xx_dbgmcu.o ABSOLUTE
    ..\lib\stm32f2xx_dcmi.c                  0x00000000   Number         0  stm32f2xx_dcmi.o ABSOLUTE
    ..\lib\stm32f2xx_dma.c                   0x00000000   Number         0  stm32f2xx_dma.o ABSOLUTE
    ..\lib\stm32f2xx_exti.c                  0x00000000   Number         0  stm32f2xx_exti.o ABSOLUTE
    ..\lib\stm32f2xx_flash.c                 0x00000000   Number         0  stm32f2xx_flash.o ABSOLUTE
    ..\lib\stm32f2xx_fsmc.c                  0x00000000   Number         0  stm32f2xx_fsmc.o ABSOLUTE
    ..\lib\stm32f2xx_gpio.c                  0x00000000   Number         0  stm32f2xx_gpio.o ABSOLUTE
    ..\lib\stm32f2xx_hash.c                  0x00000000   Number         0  stm32f2xx_hash.o ABSOLUTE
    ..\lib\stm32f2xx_i2c.c                   0x00000000   Number         0  stm32f2xx_i2c.o ABSOLUTE
    ..\lib\stm32f2xx_iwdg.c                  0x00000000   Number         0  stm32f2xx_iwdg.o ABSOLUTE
    ..\lib\stm32f2xx_pwr.c                   0x00000000   Number         0  stm32f2xx_pwr.o ABSOLUTE
    ..\lib\stm32f2xx_rcc.c                   0x00000000   Number         0  stm32f2xx_rcc.o ABSOLUTE
    ..\lib\stm32f2xx_rng.c                   0x00000000   Number         0  stm32f2xx_rng.o ABSOLUTE
    ..\lib\stm32f2xx_rtc.c                   0x00000000   Number         0  stm32f2xx_rtc.o ABSOLUTE
    ..\lib\stm32f2xx_sdio.c                  0x00000000   Number         0  stm32f2xx_sdio.o ABSOLUTE
    ..\lib\stm32f2xx_spi.c                   0x00000000   Number         0  stm32f2xx_spi.o ABSOLUTE
    ..\lib\stm32f2xx_syscfg.c                0x00000000   Number         0  stm32f2xx_syscfg.o ABSOLUTE
    ..\lib\stm32f2xx_tim.c                   0x00000000   Number         0  stm32f2xx_tim.o ABSOLUTE
    ..\lib\stm32f2xx_usart.c                 0x00000000   Number         0  stm32f2xx_usart.o ABSOLUTE
    ..\lib\stm32f2xx_wwdg.c                  0x00000000   Number         0  stm32f2xx_wwdg.o ABSOLUTE
    ..\user\main.c                           0x00000000   Number         0  main.o ABSOLUTE
    ..\user\uart.c                           0x00000000   Number         0  uart.o ABSOLUTE
    cdrcmple.s                               0x00000000   Number         0  cdrcmple.o ABSOLUTE
    dc.s                                     0x00000000   Number         0  dc.o ABSOLUTE
    handlers.s                               0x00000000   Number         0  handlers.o ABSOLUTE
    init.s                                   0x00000000   Number         0  init.o ABSOLUTE
    RESET                                    0x08000000   Section      388  startup_stm32f2xx.o(RESET)
    .ARM.Collect$$$$00000000                 0x08000184   Section        0  entry.o(.ARM.Collect$$$$00000000)
    .ARM.Collect$$$$00000001                 0x08000184   Section        4  entry2.o(.ARM.Collect$$$$00000001)
    .ARM.Collect$$$$00000004                 0x08000188   Section        4  entry5.o(.ARM.Collect$$$$00000004)
    .ARM.Collect$$$$00000008                 0x0800018c   Section        0  entry7b.o(.ARM.Collect$$$$00000008)
    .ARM.Collect$$$$0000000A                 0x0800018c   Section        0  entry8b.o(.ARM.Collect$$$$0000000A)
    .ARM.Collect$$$$0000000B                 0x0800018c   Section        8  entry9a.o(.ARM.Collect$$$$0000000B)
    .ARM.Collect$$$$0000000D                 0x08000194   Section        0  entry10a.o(.ARM.Collect$$$$0000000D)
    .ARM.Collect$$$$0000000F                 0x08000194   Section        0  entry11a.o(.ARM.Collect$$$$0000000F)
    .ARM.Collect$$$$00002712                 0x08000194   Section        4  entry2.o(.ARM.Collect$$$$00002712)
    __lit__00000000                          0x08000194   Data           4  entry2.o(.ARM.Collect$$$$00002712)
    .text                                    0x08000198   Section       36  startup_stm32f2xx.o(.text)
    .text                                    0x080001bc   Section       36  init.o(.text)
    i.GPIO_Init                              0x080001e0   Section        0  stm32f2xx_gpio.o(i.GPIO_Init)
    i.GPIO_PinAFConfig                       0x08000270   Section        0  stm32f2xx_gpio.o(i.GPIO_PinAFConfig)
    i.GPIO_ResetBits                         0x080002b6   Section        0  stm32f2xx_gpio.o(i.GPIO_ResetBits)
    i.GPIO_SetBits                           0x080002ba   Section        0  stm32f2xx_gpio.o(i.GPIO_SetBits)
    i.RCC_AHB1PeriphClockCmd                 0x080002c0   Section        0  stm32f2xx_rcc.o(i.RCC_AHB1PeriphClockCmd)
    i.RCC_APB2PeriphClockCmd                 0x080002e0   Section        0  stm32f2xx_rcc.o(i.RCC_APB2PeriphClockCmd)
    i.RCC_GetClocksFreq                      0x08000300   Section        0  stm32f2xx_rcc.o(i.RCC_GetClocksFreq)
    i.SetSysClock                            0x080003a8   Section        0  system_stm32f2xx.o(i.SetSysClock)
    SetSysClock                              0x080003a9   Thumb Code   192  system_stm32f2xx.o(i.SetSysClock)
    i.SystemInit                             0x08000474   Section        0  system_stm32f2xx.o(i.SystemInit)
    i.USART_ClearFlag                        0x080004cc   Section        0  stm32f2xx_usart.o(i.USART_ClearFlag)
    i.USART_Cmd                              0x080004de   Section        0  stm32f2xx_usart.o(i.USART_Cmd)
    i.USART_Init                             0x080004f8   Section        0  stm32f2xx_usart.o(i.USART_Init)
    i.__0printf$bare                         0x080005cc   Section        0  printfb.o(i.__0printf$bare)
    i.__scatterload_copy                     0x080005dc   Section       14  handlers.o(i.__scatterload_copy)
    i.__scatterload_null                     0x080005ea   Section        2  handlers.o(i.__scatterload_null)
    i.__scatterload_zeroinit                 0x080005ec   Section       14  handlers.o(i.__scatterload_zeroinit)
    i._printf_core                           0x080005fa   Section        0  printfb.o(i._printf_core)
    _printf_core                             0x080005fb   Thumb Code    34  printfb.o(i._printf_core)
    i.delay_ms                               0x0800061c   Section        0  main.o(i.delay_ms)
    delay_ms                                 0x0800061d   Thumb Code    28  main.o(i.delay_ms)
    i.fputc                                  0x08000638   Section        0  uart.o(i.fputc)
    i.gpio_test                              0x08000654   Section        0  main.o(i.gpio_test)
    gpio_test                                0x08000655   Thumb Code   134  main.o(i.gpio_test)
    i.main                                   0x080006f8   Section        0  main.o(i.main)
    i.uart1_init                             0x08000700   Section        0  uart.o(i.uart1_init)
    .constdata                               0x08000790   Section       16  stm32f2xx_rcc.o(.constdata)
    APBAHBPrescTable                         0x08000790   Data          16  stm32f2xx_rcc.o(.constdata)
    .data                                    0x20000000   Section        4  stdout.o(.data)
    STACK                                    0x20000008   Section     1024  startup_stm32f2xx.o(STACK)

    Global Symbols

    Symbol Name                              Value     Ov Type        Size  Object(Section)

    BuildAttributes$$THM_ISAv4$P$D$K$B$S$PE$A:L22UL41UL21$X:L11$S22US41US21$IEEE1$IW$USESV6$~STKCKD$USESV7$~SHL$OSPACE$ROPI$EBA8$MICROLIB$REQ8$PRES8$EABIv2 0x00000000   Number         0  anon$$obj.o ABSOLUTE
    __ARM_use_no_argv                        0x00000000   Number         0  main.o ABSOLUTE
    __cpp_initialize__aeabi_                  - Undefined Weak Reference
    __cxa_finalize                            - Undefined Weak Reference
    __decompress                              - Undefined Weak Reference
    _clock_init                               - Undefined Weak Reference
    _microlib_exit                            - Undefined Weak Reference
    __Vectors_Size                           0x00000184   Number         0  startup_stm32f2xx.o ABSOLUTE
    __Vectors                                0x08000000   Data           4  startup_stm32f2xx.o(RESET)
    __Vectors_End                            0x08000184   Data           0  startup_stm32f2xx.o(RESET)
    __main                                   0x08000185   Thumb Code     0  entry.o(.ARM.Collect$$$$00000000)
    _main_stk                                0x08000185   Thumb Code     0  entry2.o(.ARM.Collect$$$$00000001)
    _main_scatterload                        0x08000189   Thumb Code     0  entry5.o(.ARM.Collect$$$$00000004)
    __main_after_scatterload                 0x0800018d   Thumb Code     0  entry5.o(.ARM.Collect$$$$00000004)
    _main_clock                              0x0800018d   Thumb Code     0  entry7b.o(.ARM.Collect$$$$00000008)
    _main_cpp_init                           0x0800018d   Thumb Code     0  entry8b.o(.ARM.Collect$$$$0000000A)
    _main_init                               0x0800018d   Thumb Code     0  entry9a.o(.ARM.Collect$$$$0000000B)
    __rt_final_cpp                           0x08000195   Thumb Code     0  entry10a.o(.ARM.Collect$$$$0000000D)
    __rt_final_exit                          0x08000195   Thumb Code     0  entry11a.o(.ARM.Collect$$$$0000000F)
    Reset_Handler                            0x08000199   Thumb Code     8  startup_stm32f2xx.o(.text)
    NMI_Handler                              0x080001a1   Thumb Code     2  startup_stm32f2xx.o(.text)
    HardFault_Handler                        0x080001a3   Thumb Code     2  startup_stm32f2xx.o(.text)
    MemManage_Handler                        0x080001a5   Thumb Code     2  startup_stm32f2xx.o(.text)
    BusFault_Handler                         0x080001a7   Thumb Code     2  startup_stm32f2xx.o(.text)
    UsageFault_Handler                       0x080001a9   Thumb Code     2  startup_stm32f2xx.o(.text)
    SVC_Handler                              0x080001ab   Thumb Code     2  startup_stm32f2xx.o(.text)
    DebugMon_Handler                         0x080001ad   Thumb Code     2  startup_stm32f2xx.o(.text)
    PendSV_Handler                           0x080001af   Thumb Code     2  startup_stm32f2xx.o(.text)
    SysTick_Handler                          0x080001b1   Thumb Code     2  startup_stm32f2xx.o(.text)
    ADC_IRQHandler                           0x080001b3   Thumb Code     0  startup_stm32f2xx.o(.text)
    CAN1_RX0_IRQHandler                      0x080001b3   Thumb Code     0  startup_stm32f2xx.o(.text)
    CAN1_RX1_IRQHandler                      0x080001b3   Thumb Code     0  startup_stm32f2xx.o(.text)
    CAN1_SCE_IRQHandler                      0x080001b3   Thumb Code     0  startup_stm32f2xx.o(.text)
    CAN1_TX_IRQHandler                       0x080001b3   Thumb Code     0  startup_stm32f2xx.o(.text)
    CAN2_RX0_IRQHandler                      0x080001b3   Thumb Code     0  startup_stm32f2xx.o(.text)
    CAN2_RX1_IRQHandler                      0x080001b3   Thumb Code     0  startup_stm32f2xx.o(.text)
    CAN2_SCE_IRQHandler                      0x080001b3   Thumb Code     0  startup_stm32f2xx.o(.text)
    CAN2_TX_IRQHandler                       0x080001b3   Thumb Code     0  startup_stm32f2xx.o(.text)
    CRYP_IRQHandler                          0x080001b3   Thumb Code     0  startup_stm32f2xx.o(.text)
    DCMI_IRQHandler                          0x080001b3   Thumb Code     0  startup_stm32f2xx.o(.text)
    DMA1_Stream0_IRQHandler                  0x080001b3   Thumb Code     0  startup_stm32f2xx.o(.text)
    DMA1_Stream1_IRQHandler                  0x080001b3   Thumb Code     0  startup_stm32f2xx.o(.text)
    DMA1_Stream2_IRQHandler                  0x080001b3   Thumb Code     0  startup_stm32f2xx.o(.text)
    DMA1_Stream3_IRQHandler                  0x080001b3   Thumb Code     0  startup_stm32f2xx.o(.text)
    DMA1_Stream4_IRQHandler                  0x080001b3   Thumb Code     0  startup_stm32f2xx.o(.text)
    DMA1_Stream5_IRQHandler                  0x080001b3   Thumb Code     0  startup_stm32f2xx.o(.text)
    DMA1_Stream6_IRQHandler                  0x080001b3   Thumb Code     0  startup_stm32f2xx.o(.text)
    DMA1_Stream7_IRQHandler                  0x080001b3   Thumb Code     0  startup_stm32f2xx.o(.text)
    DMA2_Stream0_IRQHandler                  0x080001b3   Thumb Code     0  startup_stm32f2xx.o(.text)
    DMA2_Stream1_IRQHandler                  0x080001b3   Thumb Code     0  startup_stm32f2xx.o(.text)
    DMA2_Stream2_IRQHandler                  0x080001b3   Thumb Code     0  startup_stm32f2xx.o(.text)
    DMA2_Stream3_IRQHandler                  0x080001b3   Thumb Code     0  startup_stm32f2xx.o(.text)
    DMA2_Stream4_IRQHandler                  0x080001b3   Thumb Code     0  startup_stm32f2xx.o(.text)
    DMA2_Stream5_IRQHandler                  0x080001b3   Thumb Code     0  startup_stm32f2xx.o(.text)
    DMA2_Stream6_IRQHandler                  0x080001b3   Thumb Code     0  startup_stm32f2xx.o(.text)
    DMA2_Stream7_IRQHandler                  0x080001b3   Thumb Code     0  startup_stm32f2xx.o(.text)
    ETH_IRQHandler                           0x080001b3   Thumb Code     0  startup_stm32f2xx.o(.text)
    ETH_WKUP_IRQHandler                      0x080001b3   Thumb Code     0  startup_stm32f2xx.o(.text)
    EXTI0_IRQHandler                         0x080001b3   Thumb Code     0  startup_stm32f2xx.o(.text)
    EXTI15_10_IRQHandler                     0x080001b3   Thumb Code     0  startup_stm32f2xx.o(.text)
    EXTI1_IRQHandler                         0x080001b3   Thumb Code     0  startup_stm32f2xx.o(.text)
    EXTI2_IRQHandler                         0x080001b3   Thumb Code     0  startup_stm32f2xx.o(.text)
    EXTI3_IRQHandler                         0x080001b3   Thumb Code     0  startup_stm32f2xx.o(.text)
    EXTI4_IRQHandler                         0x080001b3   Thumb Code     0  startup_stm32f2xx.o(.text)
    EXTI9_5_IRQHandler                       0x080001b3   Thumb Code     0  startup_stm32f2xx.o(.text)
    FLASH_IRQHandler                         0x080001b3   Thumb Code     0  startup_stm32f2xx.o(.text)
    FSMC_IRQHandler                          0x080001b3   Thumb Code     0  startup_stm32f2xx.o(.text)
    HASH_RNG_IRQHandler                      0x080001b3   Thumb Code     0  startup_stm32f2xx.o(.text)
    I2C1_ER_IRQHandler                       0x080001b3   Thumb Code     0  startup_stm32f2xx.o(.text)
    I2C1_EV_IRQHandler                       0x080001b3   Thumb Code     0  startup_stm32f2xx.o(.text)
    I2C2_ER_IRQHandler                       0x080001b3   Thumb Code     0  startup_stm32f2xx.o(.text)
    I2C2_EV_IRQHandler                       0x080001b3   Thumb Code     0  startup_stm32f2xx.o(.text)
    I2C3_ER_IRQHandler                       0x080001b3   Thumb Code     0  startup_stm32f2xx.o(.text)
    I2C3_EV_IRQHandler                       0x080001b3   Thumb Code     0  startup_stm32f2xx.o(.text)
    OTG_FS_IRQHandler                        0x080001b3   Thumb Code     0  startup_stm32f2xx.o(.text)
    OTG_FS_WKUP_IRQHandler                   0x080001b3   Thumb Code     0  startup_stm32f2xx.o(.text)
    OTG_HS_EP1_IN_IRQHandler                 0x080001b3   Thumb Code     0  startup_stm32f2xx.o(.text)
    OTG_HS_EP1_OUT_IRQHandler                0x080001b3   Thumb Code     0  startup_stm32f2xx.o(.text)
    OTG_HS_IRQHandler                        0x080001b3   Thumb Code     0  startup_stm32f2xx.o(.text)
    OTG_HS_WKUP_IRQHandler                   0x080001b3   Thumb Code     0  startup_stm32f2xx.o(.text)
    PVD_IRQHandler                           0x080001b3   Thumb Code     0  startup_stm32f2xx.o(.text)
    RCC_IRQHandler                           0x080001b3   Thumb Code     0  startup_stm32f2xx.o(.text)
    RTC_Alarm_IRQHandler                     0x080001b3   Thumb Code     0  startup_stm32f2xx.o(.text)
    RTC_WKUP_IRQHandler                      0x080001b3   Thumb Code     0  startup_stm32f2xx.o(.text)
    SDIO_IRQHandler                          0x080001b3   Thumb Code     0  startup_stm32f2xx.o(.text)
    SPI1_IRQHandler                          0x080001b3   Thumb Code     0  startup_stm32f2xx.o(.text)
    SPI2_IRQHandler                          0x080001b3   Thumb Code     0  startup_stm32f2xx.o(.text)
    SPI3_IRQHandler                          0x080001b3   Thumb Code     0  startup_stm32f2xx.o(.text)
    TAMP_STAMP_IRQHandler                    0x080001b3   Thumb Code     0  startup_stm32f2xx.o(.text)
    TIM1_BRK_TIM9_IRQHandler                 0x080001b3   Thumb Code     0  startup_stm32f2xx.o(.text)
    TIM1_CC_IRQHandler                       0x080001b3   Thumb Code     0  startup_stm32f2xx.o(.text)
    TIM1_TRG_COM_TIM11_IRQHandler            0x080001b3   Thumb Code     0  startup_stm32f2xx.o(.text)
    TIM1_UP_TIM10_IRQHandler                 0x080001b3   Thumb Code     0  startup_stm32f2xx.o(.text)
    TIM2_IRQHandler                          0x080001b3   Thumb Code     0  startup_stm32f2xx.o(.text)
    TIM3_IRQHandler                          0x080001b3   Thumb Code     0  startup_stm32f2xx.o(.text)
    TIM4_IRQHandler                          0x080001b3   Thumb Code     0  startup_stm32f2xx.o(.text)
    TIM5_IRQHandler                          0x080001b3   Thumb Code     0  startup_stm32f2xx.o(.text)
    TIM6_DAC_IRQHandler                      0x080001b3   Thumb Code     0  startup_stm32f2xx.o(.text)
    TIM7_IRQHandler                          0x080001b3   Thumb Code     0  startup_stm32f2xx.o(.text)
    TIM8_BRK_TIM12_IRQHandler                0x080001b3   Thumb Code     0  startup_stm32f2xx.o(.text)
    TIM8_CC_IRQHandler                       0x080001b3   Thumb Code     0  startup_stm32f2xx.o(.text)
    TIM8_TRG_COM_TIM14_IRQHandler            0x080001b3   Thumb Code     0  startup_stm32f2xx.o(.text)
    TIM8_UP_TIM13_IRQHandler                 0x080001b3   Thumb Code     0  startup_stm32f2xx.o(.text)
    UART4_IRQHandler                         0x080001b3   Thumb Code     0  startup_stm32f2xx.o(.text)
    UART5_IRQHandler                         0x080001b3   Thumb Code     0  startup_stm32f2xx.o(.text)
    USART1_IRQHandler                        0x080001b3   Thumb Code     0  startup_stm32f2xx.o(.text)
    USART2_IRQHandler                        0x080001b3   Thumb Code     0  startup_stm32f2xx.o(.text)
    USART3_IRQHandler                        0x080001b3   Thumb Code     0  startup_stm32f2xx.o(.text)
    USART6_IRQHandler                        0x080001b3   Thumb Code     0  startup_stm32f2xx.o(.text)
    WWDG_IRQHandler                          0x080001b3   Thumb Code     0  startup_stm32f2xx.o(.text)
    __scatterload                            0x080001bd   Thumb Code    28  init.o(.text)
    __scatterload_rt2                        0x080001bd   Thumb Code     0  init.o(.text)
    GPIO_Init                                0x080001e1   Thumb Code   144  stm32f2xx_gpio.o(i.GPIO_Init)
    GPIO_PinAFConfig                         0x08000271   Thumb Code    70  stm32f2xx_gpio.o(i.GPIO_PinAFConfig)
    GPIO_ResetBits                           0x080002b7   Thumb Code     4  stm32f2xx_gpio.o(i.GPIO_ResetBits)
    GPIO_SetBits                             0x080002bb   Thumb Code     4  stm32f2xx_gpio.o(i.GPIO_SetBits)
    RCC_AHB1PeriphClockCmd                   0x080002c1   Thumb Code    26  stm32f2xx_rcc.o(i.RCC_AHB1PeriphClockCmd)
    RCC_APB2PeriphClockCmd                   0x080002e1   Thumb Code    26  stm32f2xx_rcc.o(i.RCC_APB2PeriphClockCmd)
    RCC_GetClocksFreq                        0x08000301   Thumb Code   148  stm32f2xx_rcc.o(i.RCC_GetClocksFreq)
    SystemInit                               0x08000475   Thumb Code    74  system_stm32f2xx.o(i.SystemInit)
    USART_ClearFlag                          0x080004cd   Thumb Code    18  stm32f2xx_usart.o(i.USART_ClearFlag)
    USART_Cmd                                0x080004df   Thumb Code    24  stm32f2xx_usart.o(i.USART_Cmd)
    USART_Init                               0x080004f9   Thumb Code   204  stm32f2xx_usart.o(i.USART_Init)
    __0printf$bare                           0x080005cd   Thumb Code     8  printfb.o(i.__0printf$bare)
    __1printf$bare                           0x080005cd   Thumb Code     0  printfb.o(i.__0printf$bare)
    __2printf                                0x080005cd   Thumb Code     0  printfb.o(i.__0printf$bare)
    __scatterload_copy                       0x080005dd   Thumb Code    14  handlers.o(i.__scatterload_copy)
    __scatterload_null                       0x080005eb   Thumb Code     2  handlers.o(i.__scatterload_null)
    __scatterload_zeroinit                   0x080005ed   Thumb Code    14  handlers.o(i.__scatterload_zeroinit)
    fputc                                    0x08000639   Thumb Code    22  uart.o(i.fputc)
    main                                     0x080006f9   Thumb Code     8  main.o(i.main)
    uart1_init                               0x08000701   Thumb Code   136  uart.o(i.uart1_init)
    Region$$Table$$Base                      0x080007a0   Number         0  anon$$obj.o(Region$$Table)
    Region$$Table$$Limit                     0x080007c0   Number         0  anon$$obj.o(Region$$Table)
    __stdout                                 0x20000000   Data           4  stdout.o(.data)
    __initial_sp                             0x20000408   Data           0  startup_stm32f2xx.o(STACK)



==============================================================================

Memory Map of the image

  Image Entry point : 0x08000185

  Load Region LR_IROM1 (Base: 0x08000000, Size: 0x000007c4, Max: 0x00100000, ABSOLUTE)

    Execution Region ER_IROM1 (Base: 0x08000000, Size: 0x000007c0, Max: 0x00100000, ABSOLUTE)

    Base Addr    Size         Type   Attr      Idx    E Section Name        Object

    0x08000000   0x00000184   Data   RO          184    RESET               startup_stm32f2xx.o
    0x08000184   0x00000000   Code   RO         3664  * .ARM.Collect$$$$00000000  mc_w.l(entry.o)
    0x08000184   0x00000004   Code   RO         3927    .ARM.Collect$$$$00000001  mc_w.l(entry2.o)
    0x08000188   0x00000004   Code   RO         3930    .ARM.Collect$$$$00000004  mc_w.l(entry5.o)
    0x0800018c   0x00000000   Code   RO         3932    .ARM.Collect$$$$00000008  mc_w.l(entry7b.o)
    0x0800018c   0x00000000   Code   RO         3934    .ARM.Collect$$$$0000000A  mc_w.l(entry8b.o)
    0x0800018c   0x00000008   Code   RO         3935    .ARM.Collect$$$$0000000B  mc_w.l(entry9a.o)
    0x08000194   0x00000000   Code   RO         3937    .ARM.Collect$$$$0000000D  mc_w.l(entry10a.o)
    0x08000194   0x00000000   Code   RO         3939    .ARM.Collect$$$$0000000F  mc_w.l(entry11a.o)
    0x08000194   0x00000004   Code   RO         3928    .ARM.Collect$$$$00002712  mc_w.l(entry2.o)
    0x08000198   0x00000024   Code   RO          185    .text               startup_stm32f2xx.o
    0x080001bc   0x00000024   Code   RO         3957    .text               mc_w.l(init.o)
    0x080001e0   0x00000090   Code   RO         1449    i.GPIO_Init         stm32f2xx_gpio.o
    0x08000270   0x00000046   Code   RO         1450    i.GPIO_PinAFConfig  stm32f2xx_gpio.o
    0x080002b6   0x00000004   Code   RO         1456    i.GPIO_ResetBits    stm32f2xx_gpio.o
    0x080002ba   0x00000004   Code   RO         1457    i.GPIO_SetBits      stm32f2xx_gpio.o
    0x080002be   0x00000002   PAD
    0x080002c0   0x00000020   Code   RO         1940    i.RCC_AHB1PeriphClockCmd  stm32f2xx_rcc.o
    0x080002e0   0x00000020   Code   RO         1952    i.RCC_APB2PeriphClockCmd  stm32f2xx_rcc.o
    0x08000300   0x000000a8   Code   RO         1961    i.RCC_GetClocksFreq  stm32f2xx_rcc.o
    0x080003a8   0x000000cc   Code   RO          153    i.SetSysClock       system_stm32f2xx.o
    0x08000474   0x00000058   Code   RO          155    i.SystemInit        system_stm32f2xx.o
    0x080004cc   0x00000012   Code   RO         3430    i.USART_ClearFlag   stm32f2xx_usart.o
    0x080004de   0x00000018   Code   RO         3434    i.USART_Cmd         stm32f2xx_usart.o
    0x080004f6   0x00000002   PAD
    0x080004f8   0x000000d4   Code   RO         3441    i.USART_Init        stm32f2xx_usart.o
    0x080005cc   0x00000010   Code   RO         3668    i.__0printf$bare    mc_w.l(printfb.o)
    0x080005dc   0x0000000e   Code   RO         3969    i.__scatterload_copy  mc_w.l(handlers.o)
    0x080005ea   0x00000002   Code   RO         3970    i.__scatterload_null  mc_w.l(handlers.o)
    0x080005ec   0x0000000e   Code   RO         3971    i.__scatterload_zeroinit  mc_w.l(handlers.o)
    0x080005fa   0x00000022   Code   RO         3675    i._printf_core      mc_w.l(printfb.o)
    0x0800061c   0x0000001c   Code   RO            1    i.delay_ms          main.o
    0x08000638   0x0000001c   Code   RO          124    i.fputc             uart.o
    0x08000654   0x000000a4   Code   RO            2    i.gpio_test         main.o
    0x080006f8   0x00000008   Code   RO            3    i.main              main.o
    0x08000700   0x00000090   Code   RO          125    i.uart1_init        uart.o
    0x08000790   0x00000010   Data   RO         1984    .constdata          stm32f2xx_rcc.o
    0x080007a0   0x00000020   Data   RO         3967    Region$$Table       anon$$obj.o


    Execution Region RW_IRAM1 (Base: 0x20000000, Size: 0x00000408, Max: 0x00020000, ABSOLUTE)

    Base Addr    Size         Type   Attr      Idx    E Section Name        Object

    0x20000000   0x00000004   Data   RW         3941    .data               mc_w.l(stdout.o)
    0x20000004   0x00000004   PAD
    0x20000008   0x00000400   Zero   RW          182    STACK               startup_stm32f2xx.o


==============================================================================

Image component sizes


      Code (inc. data)   RO Data    RW Data    ZI Data      Debug   Object Name

         0          0          0          0          0         32   core_cm3.o
       200         30          0          0          0     234267   main.o
        36          8        388          0       1024        756   startup_stm32f2xx.o
       222          0          0          0          0       2483   stm32f2xx_gpio.o
       232         32         16          0          0       4062   stm32f2xx_rcc.o
       254          8          0          0          0       2311   stm32f2xx_usart.o
       292         26          0          0          0       1345   system_stm32f2xx.o
       172         14          0          0          0       1045   uart.o

    ----------------------------------------------------------------------
      1412        118        436          0       1024     246301   Object Totals
         0          0         32          0          0          0   (incl. Generated)
         4          0          0          0          0          0   (incl. Padding)

    ----------------------------------------------------------------------

      Code (inc. data)   RO Data    RW Data    ZI Data      Debug   Library Member Name

         0          0          0          0          0          0   entry.o
         0          0          0          0          0          0   entry10a.o
         0          0          0          0          0          0   entry11a.o
         8          4          0          0          0          0   entry2.o
         4          0          0          0          0          0   entry5.o
         0          0          0          0          0          0   entry7b.o
         0          0          0          0          0          0   entry8b.o
         8          4          0          0          0          0   entry9a.o
        30          0          0          0          0          0   handlers.o
        36          8          0          0          0         68   init.o
        50          8          0          0          0        152   printfb.o
         0          0          0          4          0          0   stdout.o

    ----------------------------------------------------------------------
       136         24          0          4          4        220   Library Totals
         0          0          0          0          4          0   (incl. Padding)

    ----------------------------------------------------------------------

      Code (inc. data)   RO Data    RW Data    ZI Data      Debug   Library Name

       136         24          0          4          0        220   mc_w.l

    ----------------------------------------------------------------------
       136         24          0          4          4        220   Library Totals

    ----------------------------------------------------------------------

==============================================================================


      Code (inc. data)   RO Data    RW Data    ZI Data      Debug   

      1548        142        436          4       1028     245841   Grand Totals
      1548        142        436          4       1028     245841   ELF Image Totals
      1548        142        436          4          0          0   ROM Totals

==============================================================================

    Total RO  Size (Code + RO Data)                 1984 (   1.94kB)
    Total RW  Size (RW Data + ZI Data)              1032 (   1.01kB)
    Total ROM Size (Code + RO Data + RW Data)       1988 (   1.94kB)

==============================================================================

