Component: ARM Compiler 5.05 update 1 (build 106) Tool: armlink [4d0efa]

==============================================================================

Section Cross References

    system_stm32f2xx.o(i.SystemInit) refers to system_stm32f2xx.o(i.SetSysClock) for SetSysClock
    startup_stm32f2xx.o(STACK) refers (Special) to heapauxi.o(.text) for __use_two_region_memory
    startup_stm32f2xx.o(HEAP) refers (Special) to heapauxi.o(.text) for __use_two_region_memory
    startup_stm32f2xx.o(RESET) refers (Special) to heapauxi.o(.text) for __use_two_region_memory
    startup_stm32f2xx.o(RESET) refers to startup_stm32f2xx.o(STACK) for __initial_sp
    startup_stm32f2xx.o(RESET) refers to startup_stm32f2xx.o(.text) for Reset_Handler
    startup_stm32f2xx.o(.text) refers (Special) to heapauxi.o(.text) for __use_two_region_memory
    startup_stm32f2xx.o(.text) refers to system_stm32f2xx.o(i.SystemInit) for SystemInit
    startup_stm32f2xx.o(.text) refers to __main.o(!!!main) for __main
    startup_stm32f2xx.o(.text) refers to startup_stm32f2xx.o(HEAP) for Heap_Mem
    startup_stm32f2xx.o(.text) refers to startup_stm32f2xx.o(STACK) for Stack_Mem
    stm32f2xx_adc.o(i.ADC_DeInit) refers to stm32f2xx_rcc.o(i.RCC_APB2PeriphResetCmd) for RCC_APB2PeriphResetCmd
    stm32f2xx_can.o(i.CAN_DeInit) refers to stm32f2xx_rcc.o(i.RCC_APB1PeriphResetCmd) for RCC_APB1PeriphResetCmd
    stm32f2xx_can.o(i.CAN_GetITStatus) refers to stm32f2xx_can.o(i.CheckITStatus) for CheckITStatus
    stm32f2xx_can.o(i.CAN_Receive) refers to stm32f2xx_can.o(i.CAN_FIFORelease) for CAN_FIFORelease
    stm32f2xx_cryp.o(i.CRYP_DeInit) refers to stm32f2xx_rcc.o(i.RCC_AHB2PeriphResetCmd) for RCC_AHB2PeriphResetCmd
    stm32f2xx_dac.o(i.DAC_DeInit) refers to stm32f2xx_rcc.o(i.RCC_APB1PeriphResetCmd) for RCC_APB1PeriphResetCmd
    stm32f2xx_flash.o(i.FLASH_EraseAllSectors) refers to stm32f2xx_flash.o(i.FLASH_WaitForLastOperation) for FLASH_WaitForLastOperation
    stm32f2xx_flash.o(i.FLASH_EraseSector) refers to stm32f2xx_flash.o(i.FLASH_WaitForLastOperation) for FLASH_WaitForLastOperation
    stm32f2xx_flash.o(i.FLASH_OB_Launch) refers to stm32f2xx_flash.o(i.FLASH_WaitForLastOperation) for FLASH_WaitForLastOperation
    stm32f2xx_flash.o(i.FLASH_OB_RDPConfig) refers to stm32f2xx_flash.o(i.FLASH_WaitForLastOperation) for FLASH_WaitForLastOperation
    stm32f2xx_flash.o(i.FLASH_OB_UserConfig) refers to stm32f2xx_flash.o(i.FLASH_WaitForLastOperation) for FLASH_WaitForLastOperation
    stm32f2xx_flash.o(i.FLASH_OB_WRPConfig) refers to stm32f2xx_flash.o(i.FLASH_WaitForLastOperation) for FLASH_WaitForLastOperation
    stm32f2xx_flash.o(i.FLASH_ProgramByte) refers to stm32f2xx_flash.o(i.FLASH_WaitForLastOperation) for FLASH_WaitForLastOperation
    stm32f2xx_flash.o(i.FLASH_ProgramDoubleWord) refers to stm32f2xx_flash.o(i.FLASH_WaitForLastOperation) for FLASH_WaitForLastOperation
    stm32f2xx_flash.o(i.FLASH_ProgramHalfWord) refers to stm32f2xx_flash.o(i.FLASH_WaitForLastOperation) for FLASH_WaitForLastOperation
    stm32f2xx_flash.o(i.FLASH_ProgramOTP) refers to stm32f2xx_flash.o(i.FLASH_WaitForLastOperation) for FLASH_WaitForLastOperation
    stm32f2xx_flash.o(i.FLASH_ProgramWord) refers to stm32f2xx_flash.o(i.FLASH_WaitForLastOperation) for FLASH_WaitForLastOperation
    stm32f2xx_flash.o(i.FLASH_WaitForLastOperation) refers to stm32f2xx_flash.o(i.FLASH_GetStatus) for FLASH_GetStatus
    stm32f2xx_gpio.o(i.GPIO_DeInit) refers to stm32f2xx_rcc.o(i.RCC_AHB1PeriphResetCmd) for RCC_AHB1PeriphResetCmd
    stm32f2xx_hash.o(i.HASH_DeInit) refers to stm32f2xx_rcc.o(i.RCC_AHB2PeriphResetCmd) for RCC_AHB2PeriphResetCmd
    stm32f2xx_i2c.o(i.I2C_DeInit) refers to stm32f2xx_rcc.o(i.RCC_APB1PeriphResetCmd) for RCC_APB1PeriphResetCmd
    stm32f2xx_i2c.o(i.I2C_Init) refers to stm32f2xx_rcc.o(i.RCC_GetClocksFreq) for RCC_GetClocksFreq
    stm32f2xx_pwr.o(i.PWR_DeInit) refers to stm32f2xx_rcc.o(i.RCC_APB1PeriphResetCmd) for RCC_APB1PeriphResetCmd
    stm32f2xx_rcc.o(i.RCC_GetClocksFreq) refers to stm32f2xx_rcc.o(.constdata) for APBAHBPrescTable
    stm32f2xx_rcc.o(i.RCC_WaitForHSEStartUp) refers to stm32f2xx_rcc.o(i.RCC_GetFlagStatus) for RCC_GetFlagStatus
    stm32f2xx_rng.o(i.RNG_DeInit) refers to stm32f2xx_rcc.o(i.RCC_AHB2PeriphResetCmd) for RCC_AHB2PeriphResetCmd
    stm32f2xx_rtc.o(i.RTC_AlarmCmd) refers to stm32f2xx_rtc.o(i.RTC_WriteProtectionCmd) for RTC_WriteProtectionCmd
    stm32f2xx_rtc.o(i.RTC_CalibOutputCmd) refers to stm32f2xx_rtc.o(i.RTC_WriteProtectionCmd) for RTC_WriteProtectionCmd
    stm32f2xx_rtc.o(i.RTC_DayLightSavingConfig) refers to stm32f2xx_rtc.o(i.RTC_WriteProtectionCmd) for RTC_WriteProtectionCmd
    stm32f2xx_rtc.o(i.RTC_DeInit) refers to stm32f2xx_rtc.o(i.RTC_WriteProtectionCmd) for RTC_WriteProtectionCmd
    stm32f2xx_rtc.o(i.RTC_DeInit) refers to stm32f2xx_rtc.o(i.RTC_EnterInitMode) for RTC_EnterInitMode
    stm32f2xx_rtc.o(i.RTC_DeInit) refers to stm32f2xx_rtc.o(i.RTC_WaitForSynchro) for RTC_WaitForSynchro
[...]
    stm32f2xx_spi.o(i.SPI_I2S_DeInit) refers to stm32f2xx_rcc.o(i.RCC_APB1PeriphResetCmd) for RCC_APB1PeriphResetCmd
    stm32f2xx_syscfg.o(i.SYSCFG_DeInit) refers to stm32f2xx_rcc.o(i.RCC_APB2PeriphResetCmd) for RCC_APB2PeriphResetCmd
    stm32f2xx_tim.o(i.TIM_DeInit) refers to stm32f2xx_rcc.o(i.RCC_APB2PeriphResetCmd) for RCC_APB2PeriphResetCmd
    stm32f2xx_tim.o(i.TIM_DeInit) refers to stm32f2xx_rcc.o(i.RCC_APB1PeriphResetCmd) for RCC_APB1PeriphResetCmd
    stm32f2xx_tim.o(i.TIM_ETRClockMode1Config) refers to stm32f2xx_tim.o(i.TIM_ETRConfig) for TIM_ETRConfig
    stm32f2xx_tim.o(i.TIM_ETRClockMode2Config) refers to stm32f2xx_tim.o(i.TIM_ETRConfig) for TIM_ETRConfig
    stm32f2xx_tim.o(i.TIM_ICInit) refers to stm32f2xx_tim.o(i.TI1_Config) for TI1_Config
    stm32f2xx_tim.o(i.TIM_ICInit) refers to stm32f2xx_tim.o(i.TIM_SetIC1Prescaler) for TIM_SetIC1Prescaler
    stm32f2xx_tim.o(i.TIM_ICInit) refers to stm32f2xx_tim.o(i.TI2_Config) for TI2_Config
    stm32f2xx_tim.o(i.TIM_ICInit) refers to stm32f2xx_tim.o(i.TIM_SetIC2Prescaler) for TIM_SetIC2Prescaler
    stm32f2xx_tim.o(i.TIM_ICInit) refers to stm32f2xx_tim.o(i.TI3_Config) for TI3_Config
    stm32f2xx_tim.o(i.TIM_ICInit) refers to stm32f2xx_tim.o(i.TIM_SetIC3Prescaler) for TIM_SetIC3Prescaler
    stm32f2xx_tim.o(i.TIM_ICInit) refers to stm32f2xx_tim.o(i.TI4_Config) for TI4_Config
    stm32f2xx_tim.o(i.TIM_ICInit) refers to stm32f2xx_tim.o(i.TIM_SetIC4Prescaler) for TIM_SetIC4Prescaler
    stm32f2xx_tim.o(i.TIM_ITRxExternalClockConfig) refers to stm32f2xx_tim.o(i.TIM_SelectInputTrigger) for TIM_SelectInputTrigger
    stm32f2xx_tim.o(i.TIM_PWMIConfig) refers to stm32f2xx_tim.o(i.TI1_Config) for TI1_Config
    stm32f2xx_tim.o(i.TIM_PWMIConfig) refers to stm32f2xx_tim.o(i.TIM_SetIC1Prescaler) for TIM_SetIC1Prescaler
    stm32f2xx_tim.o(i.TIM_PWMIConfig) refers to stm32f2xx_tim.o(i.TI2_Config) for TI2_Config
    stm32f2xx_tim.o(i.TIM_PWMIConfig) refers to stm32f2xx_tim.o(i.TIM_SetIC2Prescaler) for TIM_SetIC2Prescaler
    stm32f2xx_tim.o(i.TIM_TIxExternalClockConfig) refers to stm32f2xx_tim.o(i.TI2_Config) for TI2_Config
    stm32f2xx_tim.o(i.TIM_TIxExternalClockConfig) refers to stm32f2xx_tim.o(i.TI1_Config) for TI1_Config
    stm32f2xx_tim.o(i.TIM_TIxExternalClockConfig) refers to stm32f2xx_tim.o(i.TIM_SelectInputTrigger) for TIM_SelectInputTrigger
    stm32f2xx_usart.o(i.USART_DeInit) refers to stm32f2xx_rcc.o(i.RCC_APB2PeriphResetCmd) for RCC_APB2PeriphResetCmd
    stm32f2xx_usart.o(i.USART_DeInit) refers to stm32f2xx_rcc.o(i.RCC_APB1PeriphResetCmd) for RCC_APB1PeriphResetCmd
    stm32f2xx_usart.o(i.USART_Init) refers to stm32f2xx_rcc.o(i.RCC_GetClocksFreq) for RCC_GetClocksFreq
    stm32f2xx_wwdg.o(i.WWDG_DeInit) refers to stm32f2xx_rcc.o(i.RCC_APB1PeriphResetCmd) for RCC_APB1PeriphResetCmd
    __main.o(!!!main) refers to __rtentry.o(.ARM.Collect$$rtentry$$00000000) for __rt_entry
    __rtentry.o(.ARM.Collect$$rtentry$$00000000) refers (Special) to __rtentry2.o(.ARM.Collect$$rtentry$$0000000A) for __rt_entry_li
    __rtentry.o(.ARM.Collect$$rtentry$$00000000) refers (Special) to __rtentry2.o(.ARM.Collect$$rtentry$$0000000D) for __rt_entry_main
    __rtentry.o(.ARM.Collect$$rtentry$$00000000) refers (Special) to __rtentry2.o(.ARM.Collect$$rtentry$$0000000C) for __rt_entry_postli_1
    __rtentry.o(.ARM.Collect$$rtentry$$00000000) refers (Special) to __rtentry2.o(.ARM.Collect$$rtentry$$00000009) for __rt_entry_postsh_1
    __rtentry.o(.ARM.Collect$$rtentry$$00000000) refers (Special) to __rtentry2.o(.ARM.Collect$$rtentry$$00000002) for __rt_entry_presh_1
    __rtentry.o(.ARM.Collect$$rtentry$$00000000) refers (Special) to __rtentry4.o(.ARM.Collect$$rtentry$$00000004) for __rt_entry_sh
    __rtentry2.o(.ARM.Collect$$rtentry$$00000008) refers to boardinit2.o(.text) for _platform_post_stackheap_init
    __rtentry2.o(.ARM.Collect$$rtentry$$0000000A) refers to libinit.o(.ARM.Collect$$libinit$$00000000) for __rt_lib_init
    __rtentry2.o(.ARM.Collect$$rtentry$$0000000B) refers to boardinit3.o(.text) for _platform_post_lib_init
    __rtentry2.o(.ARM.Collect$$rtentry$$0000000D) refers to main.o(i.main) for main
    __rtentry2.o(.ARM.Collect$$rtentry$$0000000D) refers to exit.o(.text) for exit
    __rtentry2.o(.ARM.exidx) refers to __rtentry2.o(.ARM.Collect$$rtentry$$00000001) for .ARM.Collect$$rtentry$$00000001
    __rtentry2.o(.ARM.exidx) refers to __rtentry2.o(.ARM.Collect$$rtentry$$00000008) for .ARM.Collect$$rtentry$$00000008
    __rtentry2.o(.ARM.exidx) refers to __rtentry2.o(.ARM.Collect$$rtentry$$0000000A) for .ARM.Collect$$rtentry$$0000000A
    __rtentry2.o(.ARM.exidx) refers to __rtentry2.o(.ARM.Collect$$rtentry$$0000000B) for .ARM.Collect$$rtentry$$0000000B
    __rtentry2.o(.ARM.exidx) refers to __rtentry2.o(.ARM.Collect$$rtentry$$0000000D) for .ARM.Collect$$rtentry$$0000000D
    __rtentry4.o(.ARM.Collect$$rtentry$$00000004) refers to sys_stackheap_outer.o(.text) for __user_setup_stackheap
    __rtentry4.o(.ARM.exidx) refers to __rtentry4.o(.ARM.Collect$$rtentry$$00000004) for .ARM.Collect$$rtentry$$00000004
    sys_stackheap_outer.o(.text) refers to libspace.o(.text) for __user_perproc_libspace
    sys_stackheap_outer.o(.text) refers to startup_stm32f2xx.o(.text) for __user_initial_stackheap
    exit.o(.text) refers to rtexit.o(.ARM.Collect$$rtexit$$00000000) for __rt_exit
    libinit.o(.ARM.Collect$$libinit$$00000000) refers (Special) to libinit2.o(.ARM.Collect$$libinit$$0000002E) for __rt_lib_init_alloca_1
    libinit.o(.ARM.Collect$$libinit$$00000000) refers (Special) to libinit2.o(.ARM.Collect$$libinit$$0000002C) for __rt_lib_init_argv_1
    libinit.o(.ARM.Collect$$libinit$$00000000) refers (Special) to libinit2.o(.ARM.Collect$$libinit$$0000001B) for __rt_lib_init_atexit_1
    libinit.o(.ARM.Collect$$libinit$$00000000) refers (Special) to libinit2.o(.ARM.Collect$$libinit$$00000021) for __rt_lib_init_clock_1
    libinit.o(.ARM.Collect$$libinit$$00000000) refers (Special) to libinit2.o(.ARM.Collect$$libinit$$00000032) for __rt_lib_init_cpp_1
    libinit.o(.ARM.Collect$$libinit$$00000000) refers (Special) to libinit2.o(.ARM.Collect$$libinit$$00000030) for __rt_lib_init_exceptions_1
    libinit.o(.ARM.Collect$$libinit$$00000000) refers (Special) to libinit2.o(.ARM.Collect$$libinit$$00000002) for __rt_lib_init_fp_1
    libinit.o(.ARM.Collect$$libinit$$00000000) refers (Special) to libinit2.o(.ARM.Collect$$libinit$$0000001F) for __rt_lib_init_fp_trap_1
    libinit.o(.ARM.Collect$$libinit$$00000000) refers (Special) to libinit2.o(.ARM.Collect$$libinit$$00000023) for __rt_lib_init_getenv_1
    libinit.o(.ARM.Collect$$libinit$$00000000) refers (Special) to libinit2.o(.ARM.Collect$$libinit$$0000000A) for __rt_lib_init_heap_1
    libinit.o(.ARM.Collect$$libinit$$00000000) refers (Special) to libinit2.o(.ARM.Collect$$libinit$$00000011) for __rt_lib_init_lc_collate_1
    libinit.o(.ARM.Collect$$libinit$$00000000) refers (Special) to libinit2.o(.ARM.Collect$$libinit$$00000013) for __rt_lib_init_lc_ctype_1
    libinit.o(.ARM.Collect$$libinit$$00000000) refers (Special) to libinit2.o(.ARM.Collect$$libinit$$00000015) for __rt_lib_init_lc_monetary_1
    libinit.o(.ARM.Collect$$libinit$$00000000) refers (Special) to libinit2.o(.ARM.Collect$$libinit$$00000017) for __rt_lib_init_lc_numeric_1
    libinit.o(.ARM.Collect$$libinit$$00000000) refers (Special) to libinit2.o(.ARM.Collect$$libinit$$00000019) for __rt_lib_init_lc_time_1
    libinit.o(.ARM.Collect$$libinit$$00000000) refers (Special) to libinit2.o(.ARM.Collect$$libinit$$00000004) for __rt_lib_init_preinit_1
    libinit.o(.ARM.Collect$$libinit$$00000000) refers (Special) to libinit2.o(.ARM.Collect$$libinit$$0000000E) for __rt_lib_init_rand_1
    libinit.o(.ARM.Collect$$libinit$$00000000) refers (Special) to libinit2.o(.ARM.Collect$$libinit$$00000033) for __rt_lib_init_return
    libinit.o(.ARM.Collect$$libinit$$00000000) refers (Special) to libinit2.o(.ARM.Collect$$libinit$$0000001D) for __rt_lib_init_signal_1
    libinit.o(.ARM.Collect$$libinit$$00000000) refers (Special) to libinit2.o(.ARM.Collect$$libinit$$00000025) for __rt_lib_init_stdio_1
    libinit.o(.ARM.Collect$$libinit$$00000000) refers (Special) to libinit2.o(.ARM.Collect$$libinit$$0000000C) for __rt_lib_init_user_alloc_1
    libspace.o(.text) refers to libspace.o(.bss) for __libspace_start
    rtexit.o(.ARM.Collect$$rtexit$$00000000) refers (Special) to rtexit2.o(.ARM.Collect$$rtexit$$00000004) for __rt_exit_exit
    rtexit.o(.ARM.Collect$$rtexit$$00000000) refers (Special) to rtexit2.o(.ARM.Collect$$rtexit$$00000003) for __rt_exit_ls
    rtexit.o(.ARM.Collect$$rtexit$$00000000) refers (Special) to rtexit2.o(.ARM.Collect$$rtexit$$00000002) for __rt_exit_prels_1
    rtexit.o(.ARM.exidx) refers (Special) to rtexit2.o(.ARM.Collect$$rtexit$$00000004) for __rt_exit_exit
    rtexit.o(.ARM.exidx) refers (Special) to rtexit2.o(.ARM.Collect$$rtexit$$00000003) for __rt_exit_ls
    rtexit.o(.ARM.exidx) refers (Special) to rtexit2.o(.ARM.Collect$$rtexit$$00000002) for __rt_exit_prels_1
    rtexit.o(.ARM.exidx) refers to rtexit.o(.ARM.Collect$$rtexit$$00000000) for .ARM.Collect$$rtexit$$00000000
    libinit2.o(.ARM.Collect$$libinit$$00000010) refers to libinit2.o(.ARM.Collect$$libinit$$0000000F) for .ARM.Collect$$libinit$$0000000F
    libinit2.o(.ARM.Collect$$libinit$$00000012) refers to libinit2.o(.ARM.Collect$$libinit$$0000000F) for .ARM.Collect$$libinit$$0000000F
    libinit2.o(.ARM.Collect$$libinit$$00000014) refers to libinit2.o(.ARM.Collect$$libinit$$0000000F) for .ARM.Collect$$libinit$$0000000F
    libinit2.o(.ARM.Collect$$libinit$$00000016) refers to libinit2.o(.ARM.Collect$$libinit$$0000000F) for .ARM.Collect$$libinit$$0000000F
    libinit2.o(.ARM.Collect$$libinit$$00000018) refers to libinit2.o(.ARM.Collect$$libinit$$0000000F) for .ARM.Collect$$libinit$$0000000F
    libinit2.o(.ARM.Collect$$libinit$$00000026) refers to argv_veneer.o(.emb_text) for __ARM_argv_veneer
    libinit2.o(.ARM.Collect$$libinit$$00000027) refers to argv_veneer.o(.emb_text) for __ARM_argv_veneer
    rtexit2.o(.ARM.Collect$$rtexit$$00000003) refers to libshutdown.o(.ARM.Collect$$libshutdown$$00000000) for __rt_lib_shutdown
    rtexit2.o(.ARM.Collect$$rtexit$$00000004) refers to sys_exit.o(.text) for _sys_exit
    rtexit2.o(.ARM.exidx) refers to rtexit2.o(.ARM.Collect$$rtexit$$00000001) for .ARM.Collect$$rtexit$$00000001
    rtexit2.o(.ARM.exidx) refers to rtexit2.o(.ARM.Collect$$rtexit$$00000003) for .ARM.Collect$$rtexit$$00000003
    rtexit2.o(.ARM.exidx) refers to rtexit2.o(.ARM.Collect$$rtexit$$00000004) for .ARM.Collect$$rtexit$$00000004
    argv_veneer.o(.emb_text) refers to no_argv.o(.text) for __ARM_get_argv
    sys_exit.o(.text) refers (Special) to use_no_semi.o(.text) for __I$use$semihosting
    sys_exit.o(.text) refers (Special) to indicate_semi.o(.text) for __semihosting_library_function
    _get_argv_nomalloc.o(.text) refers (Special) to hrguard.o(.text) for __heap_region$guard
    _get_argv_nomalloc.o(.text) refers to defsig_rtmem_outer.o(.text) for __rt_SIGRTMEM
    _get_argv_nomalloc.o(.text) refers to sys_command.o(.text) for _sys_command_string
    libshutdown.o(.ARM.Collect$$libshutdown$$00000000) refers (Special) to libshutdown2.o(.ARM.Collect$$libshutdown$$00000006) for __rt_lib_shutdown_fp_trap_1
    libshutdown.o(.ARM.Collect$$libshutdown$$00000000) refers (Special) to libshutdown2.o(.ARM.Collect$$libshutdown$$0000000E) for __rt_lib_shutdown_heap_1
    libshutdown.o(.ARM.Collect$$libshutdown$$00000000) refers (Special) to libshutdown2.o(.ARM.Collect$$libshutdown$$0000000F) for __rt_lib_shutdown_return
    libshutdown.o(.ARM.Collect$$libshutdown$$00000000) refers (Special) to libshutdown2.o(.ARM.Collect$$libshutdown$$00000009) for __rt_lib_shutdown_signal_1
    libshutdown.o(.ARM.Collect$$libshutdown$$00000000) refers (Special) to libshutdown2.o(.ARM.Collect$$libshutdown$$00000003) for __rt_lib_shutdown_stdio_1
    libshutdown.o(.ARM.Collect$$libshutdown$$00000000) refers (Special) to libshutdown2.o(.ARM.Collect$$libshutdown$$0000000B) for __rt_lib_shutdown_user_alloc_1
    sys_command.o(.text) refers (Special) to use_no_semi.o(.text) for __I$use$semihosting
    sys_command.o(.text) refers (Special) to indicate_semi.o(.text) for __semihosting_library_function
    defsig_rtmem_outer.o(.text) refers to defsig_rtmem_inner.o(.text) for __rt_SIGRTMEM_inner
    defsig_rtmem_outer.o(.text) refers to defsig_exit.o(.text) for __sig_exit
    defsig_rtmem_formal.o(.text) refers to rt_raise.o(.text) for __rt_raise
    rt_raise.o(.text) refers to __raise.o(.text) for __raise
    rt_raise.o(.text) refers to sys_exit.o(.text) for _sys_exit
    defsig_exit.o(.text) refers to sys_exit.o(.text) for _sys_exit
    defsig_rtmem_inner.o(.text) refers to defsig_general.o(.text) for __default_signal_display
    __raise.o(.text) refers to defsig.o(CL$$defsig) for __default_signal_handler
    defsig_general.o(.text) refers to sys_wrch.o(.text) for _ttywrch
    sys_wrch.o(.text) refers (Special) to use_no_semi.o(.text) for __I$use$semihosting
    sys_wrch.o(.text) refers (Special) to indicate_semi.o(.text) for __semihosting_library_function
    defsig.o(CL$$defsig) refers to defsig_rtmem_inner.o(.text) for __rt_SIGRTMEM_inner
    defsig_abrt_inner.o(.text) refers to defsig_general.o(.text) for __default_signal_display
    defsig_fpe_inner.o(.text) refers to defsig_general.o(.text) for __default_signal_display
    defsig_rtred_inner.o(.text) refers to defsig_general.o(.text) for __default_signal_display
    defsig_stak_inner.o(.text) refers to defsig_general.o(.text) for __default_signal_display
    defsig_pvfn_inner.o(.text) refers to defsig_general.o(.text) for __default_signal_display
    defsig_cppl_inner.o(.text) refers to defsig_general.o(.text) for __default_signal_display
    defsig_segv_inner.o(.text) refers to defsig_general.o(.text) for __default_signal_display
    defsig_other.o(.text) refers to defsig_general.o(.text) for __default_signal_display


==============================================================================

Removing Unused input sections from the image.

    Removing core_cm3.o(.emb_text), (32 bytes).
    Removing system_stm32f2xx.o(i.SystemCoreClockUpdate), (2 bytes).
    Removing system_stm32f2xx.o(.data), (4 bytes).
    Removing misc.o(i.NVIC_Init), (112 bytes).
    Removing misc.o(i.NVIC_PriorityGroupConfig), (20 bytes).
    Removing misc.o(i.NVIC_SetVectorTable), (20 bytes).
    Removing misc.o(i.NVIC_SystemLPConfig), (32 bytes).
    Removing misc.o(i.SysTick_CLKSourceConfig), (40 bytes).
    Removing stm32f2xx_adc.o(i.ADC_AnalogWatchdogCmd), (20 bytes).
    Removing stm32f2xx_adc.o(i.ADC_AnalogWatchdogSingleChannelConfig), (16 bytes).
    Removing stm32f2xx_adc.o(i.ADC_AnalogWatchdogThresholdsConfig), (6 bytes).
    Removing stm32f2xx_adc.o(i.ADC_AutoInjectedConvCmd), (22 bytes).
    Removing stm32f2xx_adc.o(i.ADC_ClearFlag), (6 bytes).
    Removing stm32f2xx_adc.o(i.ADC_ClearITPendingBit), (10 bytes).
    Removing stm32f2xx_adc.o(i.ADC_Cmd), (22 bytes).
    Removing stm32f2xx_adc.o(i.ADC_CommonInit), (48 bytes).
    Removing stm32f2xx_adc.o(i.ADC_CommonStructInit), (12 bytes).
    Removing stm32f2xx_adc.o(i.ADC_ContinuousModeCmd), (22 bytes).
    Removing stm32f2xx_adc.o(i.ADC_DMACmd), (22 bytes).
    Removing stm32f2xx_adc.o(i.ADC_DMARequestAfterLastTransferCmd), (22 bytes).
    Removing stm32f2xx_adc.o(i.ADC_DeInit), (22 bytes).
    Removing stm32f2xx_adc.o(i.ADC_DiscModeChannelCountConfig), (24 bytes).
    Removing stm32f2xx_adc.o(i.ADC_DiscModeCmd), (22 bytes).
    Removing stm32f2xx_adc.o(i.ADC_EOCOnEachRegularChannelCmd), (22 bytes).
    Removing stm32f2xx_adc.o(i.ADC_ExternalTrigInjectedConvConfig), (16 bytes).
    Removing stm32f2xx_adc.o(i.ADC_ExternalTrigInjectedConvEdgeConfig), (16 bytes).
    Removing stm32f2xx_adc.o(i.ADC_GetConversionValue), (8 bytes).
    Removing stm32f2xx_adc.o(i.ADC_GetFlagStatus), (18 bytes).
    Removing stm32f2xx_adc.o(i.ADC_GetITStatus), (38 bytes).
    Removing stm32f2xx_adc.o(i.ADC_GetInjectedConversionValue), (28 bytes).
    Removing stm32f2xx_adc.o(i.ADC_GetMultiModeConversionValue), (12 bytes).
    Removing stm32f2xx_adc.o(i.ADC_GetSoftwareStartConvStatus), (20 bytes).
    Removing stm32f2xx_adc.o(i.ADC_GetSoftwareStartInjectedConvCmdStatus), (20 bytes).
    Removing stm32f2xx_adc.o(i.ADC_ITConfig), (32 bytes).
    Removing stm32f2xx_adc.o(i.ADC_Init), (84 bytes).
    Removing stm32f2xx_adc.o(i.ADC_InjectedChannelConfig), (130 bytes).
    Removing stm32f2xx_adc.o(i.ADC_InjectedDiscModeCmd), (22 bytes).
    Removing stm32f2xx_adc.o(i.ADC_InjectedSequencerLengthConfig), (24 bytes).
    Removing stm32f2xx_adc.o(i.ADC_MultiModeDMARequestAfterLastTransferCmd), (44 bytes).
    Removing stm32f2xx_adc.o(i.ADC_RegularChannelConfig), (184 bytes).
    Removing stm32f2xx_adc.o(i.ADC_SetInjectedOffset), (20 bytes).
    Removing stm32f2xx_adc.o(i.ADC_SoftwareStartConv), (10 bytes).
    Removing stm32f2xx_adc.o(i.ADC_SoftwareStartInjectedConv), (10 bytes).
    Removing stm32f2xx_adc.o(i.ADC_StructInit), (20 bytes).
    Removing stm32f2xx_adc.o(i.ADC_TempSensorVrefintCmd), (44 bytes).
    Removing stm32f2xx_adc.o(i.ADC_VBATCmd), (44 bytes).
    Removing stm32f2xx_can.o(i.CAN_CancelTransmit), (48 bytes).
    Removing stm32f2xx_can.o(i.CAN_ClearFlag), (56 bytes).
    Removing stm32f2xx_can.o(i.CAN_ClearITPendingBit), (168 bytes).
    Removing stm32f2xx_can.o(i.CAN_DBGFreeze), (22 bytes).
    Removing stm32f2xx_can.o(i.CAN_DeInit), (56 bytes).
    Removing stm32f2xx_can.o(i.CAN_FIFORelease), (22 bytes).
    Removing stm32f2xx_can.o(i.CAN_FilterInit), (264 bytes).
    Removing stm32f2xx_can.o(i.CAN_GetFlagStatus), (120 bytes).
    Removing stm32f2xx_can.o(i.CAN_GetITStatus), (300 bytes).
    Removing stm32f2xx_can.o(i.CAN_ITConfig), (18 bytes).
    Removing stm32f2xx_can.o(i.CAN_Init), (276 bytes).
    Removing stm32f2xx_can.o(i.CAN_MessagePending), (30 bytes).
    Removing stm32f2xx_can.o(i.CAN_Receive), (234 bytes).
    Removing stm32f2xx_can.o(i.CAN_SlaveStartBank), (52 bytes).
    Removing stm32f2xx_can.o(i.CAN_Sleep), (30 bytes).
    Removing stm32f2xx_can.o(i.CAN_StructInit), (32 bytes).
    Removing stm32f2xx_can.o(i.CAN_Transmit), (294 bytes).
    Removing stm32f2xx_can.o(i.CAN_TransmitStatus), (142 bytes).
    Removing stm32f2xx_can.o(i.CAN_WakeUp), (48 bytes).
    Removing stm32f2xx_can.o(i.CheckITStatus), (18 bytes).
    Removing stm32f2xx_crc.o(i.CRC_CalcBlockCRC), (36 bytes).
    Removing stm32f2xx_crc.o(i.CRC_CalcCRC), (16 bytes).
    Removing stm32f2xx_crc.o(i.CRC_GetCRC), (12 bytes).
    Removing stm32f2xx_crc.o(i.CRC_GetIDRegister), (12 bytes).
    Removing stm32f2xx_crc.o(i.CRC_ResetDR), (12 bytes).
    Removing stm32f2xx_crc.o(i.CRC_SetIDRegister), (12 bytes).
    Removing stm32f2xx_cryp.o(i.CRYP_Cmd), (36 bytes).
    Removing stm32f2xx_cryp.o(i.CRYP_DMACmd), (36 bytes).
    Removing stm32f2xx_cryp.o(i.CRYP_DataIn), (12 bytes).
    Removing stm32f2xx_cryp.o(i.CRYP_DataOut), (12 bytes).
    Removing stm32f2xx_cryp.o(i.CRYP_DeInit), (20 bytes).
    Removing stm32f2xx_cryp.o(i.CRYP_FIFOFlush), (20 bytes).
    Removing stm32f2xx_cryp.o(i.CRYP_GetFlagStatus), (44 bytes).
    Removing stm32f2xx_cryp.o(i.CRYP_GetITStatus), (24 bytes).
    Removing stm32f2xx_cryp.o(i.CRYP_ITConfig), (32 bytes).
    Removing stm32f2xx_cryp.o(i.CRYP_IVInit), (24 bytes).
    Removing stm32f2xx_cryp.o(i.CRYP_IVStructInit), (12 bytes).
    Removing stm32f2xx_cryp.o(i.CRYP_Init), (124 bytes).
    Removing stm32f2xx_cryp.o(i.CRYP_KeyInit), (40 bytes).
    Removing stm32f2xx_cryp.o(i.CRYP_KeyStructInit), (20 bytes).
    Removing stm32f2xx_cryp.o(i.CRYP_StructInit), (12 bytes).
    Removing stm32f2xx_dac.o(i.DAC_ClearFlag), (16 bytes).
    Removing stm32f2xx_dac.o(i.DAC_ClearITPendingBit), (16 bytes).
    Removing stm32f2xx_dac.o(i.DAC_Cmd), (40 bytes).
    Removing stm32f2xx_dac.o(i.DAC_DMACmd), (44 bytes).
    Removing stm32f2xx_dac.o(i.DAC_DeInit), (22 bytes).
    Removing stm32f2xx_dac.o(i.DAC_DualSoftwareTriggerCmd), (36 bytes).
    Removing stm32f2xx_dac.o(i.DAC_GetDataOutputValue), (36 bytes).
    Removing stm32f2xx_dac.o(i.DAC_GetFlagStatus), (32 bytes).
    Removing stm32f2xx_dac.o(i.DAC_GetITStatus), (48 bytes).
    Removing stm32f2xx_dac.o(i.DAC_ITConfig), (40 bytes).
    Removing stm32f2xx_dac.o(i.DAC_Init), (52 bytes).
    Removing stm32f2xx_dac.o(i.DAC_SetChannel1Data), (32 bytes).
    Removing stm32f2xx_dac.o(i.DAC_SetChannel2Data), (32 bytes).
    Removing stm32f2xx_dac.o(i.DAC_SetDualChannelData), (36 bytes).
    Removing stm32f2xx_dac.o(i.DAC_SoftwareTriggerCmd), (44 bytes).
    Removing stm32f2xx_dac.o(i.DAC_StructInit), (12 bytes).
    Removing stm32f2xx_dac.o(i.DAC_WaveGenerationCmd), (40 bytes).
    Removing stm32f2xx_dbgmcu.o(i.DBGMCU_APB1PeriphConfig), (32 bytes).
    Removing stm32f2xx_dbgmcu.o(i.DBGMCU_APB2PeriphConfig), (32 bytes).
    Removing stm32f2xx_dbgmcu.o(i.DBGMCU_Config), (32 bytes).
    Removing stm32f2xx_dbgmcu.o(i.DBGMCU_GetDEVID), (16 bytes).
    Removing stm32f2xx_dbgmcu.o(i.DBGMCU_GetREVID), (12 bytes).
    Removing stm32f2xx_dcmi.o(i.DCMI_CROPCmd), (36 bytes).
    Removing stm32f2xx_dcmi.o(i.DCMI_CROPConfig), (32 bytes).
    Removing stm32f2xx_dcmi.o(i.DCMI_CaptureCmd), (36 bytes).
    Removing stm32f2xx_dcmi.o(i.DCMI_ClearFlag), (12 bytes).
    Removing stm32f2xx_dcmi.o(i.DCMI_ClearITPendingBit), (12 bytes).
    Removing stm32f2xx_dcmi.o(i.DCMI_Cmd), (36 bytes).
    Removing stm32f2xx_dcmi.o(i.DCMI_DeInit), (28 bytes).
    Removing stm32f2xx_dcmi.o(i.DCMI_GetFlagStatus), (60 bytes).
    Removing stm32f2xx_dcmi.o(i.DCMI_GetITStatus), (28 bytes).
    Removing stm32f2xx_dcmi.o(i.DCMI_ITConfig), (36 bytes).
    Removing stm32f2xx_dcmi.o(i.DCMI_Init), (64 bytes).
    Removing stm32f2xx_dcmi.o(i.DCMI_JPEGCmd), (36 bytes).
    Removing stm32f2xx_dcmi.o(i.DCMI_ReadData), (12 bytes).
    Removing stm32f2xx_dcmi.o(i.DCMI_SetEmbeddedSynchroCodes), (32 bytes).
    Removing stm32f2xx_dcmi.o(i.DCMI_StructInit), (18 bytes).
    Removing stm32f2xx_dma.o(i.DMA_ClearFlag), (52 bytes).
    Removing stm32f2xx_dma.o(i.DMA_ClearITPendingBit), (52 bytes).
    Removing stm32f2xx_dma.o(i.DMA_Cmd), (22 bytes).
    Removing stm32f2xx_dma.o(i.DMA_DeInit), (344 bytes).
    Removing stm32f2xx_dma.o(i.DMA_DoubleBufferModeCmd), (22 bytes).
    Removing stm32f2xx_dma.o(i.DMA_DoubleBufferModeConfig), (24 bytes).
    Removing stm32f2xx_dma.o(i.DMA_FlowControllerConfig), (22 bytes).
    Removing stm32f2xx_dma.o(i.DMA_GetCmdStatus), (20 bytes).
    Removing stm32f2xx_dma.o(i.DMA_GetCurrDataCounter), (8 bytes).
    Removing stm32f2xx_dma.o(i.DMA_GetCurrentMemoryTarget), (20 bytes).
    Removing stm32f2xx_dma.o(i.DMA_GetFIFOStatus), (12 bytes).
    Removing stm32f2xx_dma.o(i.DMA_GetFlagStatus), (68 bytes).
    Removing stm32f2xx_dma.o(i.DMA_GetITStatus), (100 bytes).
    Removing stm32f2xx_dma.o(i.DMA_ITConfig), (58 bytes).
    Removing stm32f2xx_dma.o(i.DMA_Init), (88 bytes).
    Removing stm32f2xx_dma.o(i.DMA_MemoryTargetConfig), (10 bytes).
    Removing stm32f2xx_dma.o(i.DMA_PeriphIncOffsetSizeConfig), (22 bytes).
    Removing stm32f2xx_dma.o(i.DMA_SetCurrDataCounter), (4 bytes).
    Removing stm32f2xx_dma.o(i.DMA_StructInit), (34 bytes).
    Removing stm32f2xx_exti.o(i.EXTI_ClearFlag), (12 bytes).
    Removing stm32f2xx_exti.o(i.EXTI_ClearITPendingBit), (12 bytes).
    Removing stm32f2xx_exti.o(i.EXTI_DeInit), (36 bytes).
    Removing stm32f2xx_exti.o(i.EXTI_GenerateSWInterrupt), (16 bytes).
    Removing stm32f2xx_exti.o(i.EXTI_GetFlagStatus), (24 bytes).
    Removing stm32f2xx_exti.o(i.EXTI_GetITStatus), (40 bytes).
    Removing stm32f2xx_exti.o(i.EXTI_Init), (148 bytes).
    Removing stm32f2xx_exti.o(i.EXTI_StructInit), (16 bytes).
    Removing stm32f2xx_flash.o(i.FLASH_ClearFlag), (12 bytes).
    Removing stm32f2xx_flash.o(i.FLASH_DataCacheCmd), (36 bytes).
    Removing stm32f2xx_flash.o(i.FLASH_DataCacheReset), (20 bytes).
    Removing stm32f2xx_flash.o(i.FLASH_EraseAllSectors), (72 bytes).
    Removing stm32f2xx_flash.o(i.FLASH_EraseSector), (96 bytes).
    Removing stm32f2xx_flash.o(i.FLASH_GetFlagStatus), (24 bytes).
    Removing stm32f2xx_flash.o(i.FLASH_GetStatus), (72 bytes).
    Removing stm32f2xx_flash.o(i.FLASH_ITConfig), (32 bytes).
    Removing stm32f2xx_flash.o(i.FLASH_InstructionCacheCmd), (36 bytes).
    Removing stm32f2xx_flash.o(i.FLASH_InstructionCacheReset), (20 bytes).
    Removing stm32f2xx_flash.o(i.FLASH_Lock), (20 bytes).
    Removing stm32f2xx_flash.o(i.FLASH_OB_BORConfig), (28 bytes).
    Removing stm32f2xx_flash.o(i.FLASH_OB_GetBOR), (16 bytes).
    Removing stm32f2xx_flash.o(i.FLASH_OB_GetRDP), (24 bytes).
    Removing stm32f2xx_flash.o(i.FLASH_OB_GetUser), (16 bytes).
    Removing stm32f2xx_flash.o(i.FLASH_OB_GetWRP), (12 bytes).
    Removing stm32f2xx_flash.o(i.FLASH_OB_Launch), (36 bytes).
    Removing stm32f2xx_flash.o(i.FLASH_OB_Lock), (20 bytes).
    Removing stm32f2xx_flash.o(i.FLASH_OB_RDPConfig), (32 bytes).
    Removing stm32f2xx_flash.o(i.FLASH_OB_Unlock), (36 bytes).
    Removing stm32f2xx_flash.o(i.FLASH_OB_UserConfig), (64 bytes).
    Removing stm32f2xx_flash.o(i.FLASH_OB_WRPConfig), (56 bytes).
    Removing stm32f2xx_flash.o(i.FLASH_PrefetchBufferCmd), (36 bytes).
    Removing stm32f2xx_flash.o(i.FLASH_ProgramByte), (84 bytes).
    Removing stm32f2xx_flash.o(i.FLASH_ProgramDoubleWord), (92 bytes).
    Removing stm32f2xx_flash.o(i.FLASH_ProgramHalfWord), (88 bytes).
    Removing stm32f2xx_flash.o(i.FLASH_ProgramOTP), (88 bytes).
    Removing stm32f2xx_flash.o(i.FLASH_ProgramWord), (88 bytes).
    Removing stm32f2xx_flash.o(i.FLASH_SetLatency), (12 bytes).
    Removing stm32f2xx_flash.o(i.FLASH_Unlock), (36 bytes).
    Removing stm32f2xx_flash.o(i.FLASH_WaitForLastOperation), (38 bytes).
    Removing stm32f2xx_fsmc.o(i.FSMC_ClearFlag), (64 bytes).
    Removing stm32f2xx_fsmc.o(i.FSMC_ClearITPendingBit), (72 bytes).
    Removing stm32f2xx_fsmc.o(i.FSMC_GetECC), (28 bytes).
    Removing stm32f2xx_fsmc.o(i.FSMC_GetFlagStatus), (56 bytes).
    Removing stm32f2xx_fsmc.o(i.FSMC_GetITStatus), (68 bytes).
    Removing stm32f2xx_fsmc.o(i.FSMC_ITConfig), (128 bytes).
    Removing stm32f2xx_fsmc.o(i.FSMC_NANDCmd), (92 bytes).
    Removing stm32f2xx_fsmc.o(i.FSMC_NANDDeInit), (68 bytes).
    Removing stm32f2xx_fsmc.o(i.FSMC_NANDECCCmd), (92 bytes).
    Removing stm32f2xx_fsmc.o(i.FSMC_NANDInit), (136 bytes).
    Removing stm32f2xx_fsmc.o(i.FSMC_NANDStructInit), (54 bytes).
    Removing stm32f2xx_fsmc.o(i.FSMC_NORSRAMCmd), (52 bytes).
    Removing stm32f2xx_fsmc.o(i.FSMC_NORSRAMDeInit), (54 bytes).
    Removing stm32f2xx_fsmc.o(i.FSMC_NORSRAMInit), (230 bytes).
    Removing stm32f2xx_fsmc.o(i.FSMC_NORSRAMStructInit), (114 bytes).
    Removing stm32f2xx_fsmc.o(i.FSMC_PCCARDCmd), (48 bytes).
    Removing stm32f2xx_fsmc.o(i.FSMC_PCCARDDeInit), (40 bytes).
    Removing stm32f2xx_fsmc.o(i.FSMC_PCCARDInit), (132 bytes).
    Removing stm32f2xx_fsmc.o(i.FSMC_PCCARDStructInit), (60 bytes).
    Removing stm32f2xx_gpio.o(i.GPIO_DeInit), (256 bytes).
    Removing stm32f2xx_gpio.o(i.GPIO_Init), (144 bytes).
    Removing stm32f2xx_gpio.o(i.GPIO_PinAFConfig), (70 bytes).
    Removing stm32f2xx_gpio.o(i.GPIO_PinLockConfig), (18 bytes).
    Removing stm32f2xx_gpio.o(i.GPIO_ReadInputData), (8 bytes).
    Removing stm32f2xx_gpio.o(i.GPIO_ReadInputDataBit), (18 bytes).
    Removing stm32f2xx_gpio.o(i.GPIO_ReadOutputData), (8 bytes).
    Removing stm32f2xx_gpio.o(i.GPIO_ReadOutputDataBit), (18 bytes).
    Removing stm32f2xx_gpio.o(i.GPIO_ResetBits), (4 bytes).
    Removing stm32f2xx_gpio.o(i.GPIO_SetBits), (4 bytes).
    Removing stm32f2xx_gpio.o(i.GPIO_StructInit), (18 bytes).
    Removing stm32f2xx_gpio.o(i.GPIO_ToggleBits), (8 bytes).
    Removing stm32f2xx_gpio.o(i.GPIO_Write), (4 bytes).
    Removing stm32f2xx_gpio.o(i.GPIO_WriteBit), (10 bytes).
    Removing stm32f2xx_hash.o(i.HASH_ClearITPendingBit), (16 bytes).
    Removing stm32f2xx_hash.o(i.HASH_DMACmd), (36 bytes).
    Removing stm32f2xx_hash.o(i.HASH_DataIn), (12 bytes).
    Removing stm32f2xx_hash.o(i.HASH_DataOut), (44 bytes).
    Removing stm32f2xx_hash.o(i.HASH_DeInit), (20 bytes).
    Removing stm32f2xx_hash.o(i.HASH_GetFIFOWordsNumber), (16 bytes).
    Removing stm32f2xx_hash.o(i.HASH_GetFlagStatus), (44 bytes).
    Removing stm32f2xx_hash.o(i.HASH_GetITStatus), (24 bytes).
    Removing stm32f2xx_hash.o(i.HASH_ITConfig), (32 bytes).
    Removing stm32f2xx_hash.o(i.HASH_Init), (80 bytes).
    Removing stm32f2xx_hash.o(i.HASH_NbValidBits), (28 bytes).
    Removing stm32f2xx_hash.o(i.HASH_Reset), (20 bytes).
    Removing stm32f2xx_hash.o(i.HASH_Start), (20 bytes).
    Removing stm32f2xx_hash.o(i.HASH_StructInit), (12 bytes).
    Removing stm32f2xx_i2c.o(i.I2C_ARPCmd), (24 bytes).
    Removing stm32f2xx_i2c.o(i.I2C_AcknowledgeConfig), (24 bytes).
    Removing stm32f2xx_i2c.o(i.I2C_CalculatePEC), (24 bytes).
    Removing stm32f2xx_i2c.o(i.I2C_CheckEvent), (42 bytes).
    Removing stm32f2xx_i2c.o(i.I2C_ClearFlag), (12 bytes).
    Removing stm32f2xx_i2c.o(i.I2C_ClearITPendingBit), (12 bytes).
    Removing stm32f2xx_i2c.o(i.I2C_Cmd), (24 bytes).
    Removing stm32f2xx_i2c.o(i.I2C_DMACmd), (24 bytes).
    Removing stm32f2xx_i2c.o(i.I2C_DMALastTransferCmd), (24 bytes).
    Removing stm32f2xx_i2c.o(i.I2C_DeInit), (96 bytes).
    Removing stm32f2xx_i2c.o(i.I2C_DualAddressCmd), (24 bytes).
    Removing stm32f2xx_i2c.o(i.I2C_FastModeDutyCycleConfig), (28 bytes).
    Removing stm32f2xx_i2c.o(i.I2C_GeneralCallCmd), (24 bytes).
    Removing stm32f2xx_i2c.o(i.I2C_GenerateSTART), (24 bytes).
    Removing stm32f2xx_i2c.o(i.I2C_GenerateSTOP), (24 bytes).
    Removing stm32f2xx_i2c.o(i.I2C_GetFlagStatus), (58 bytes).
    Removing stm32f2xx_i2c.o(i.I2C_GetITStatus), (38 bytes).
    Removing stm32f2xx_i2c.o(i.I2C_GetLastEvent), (26 bytes).
    Removing stm32f2xx_i2c.o(i.I2C_GetPEC), (8 bytes).
    Removing stm32f2xx_i2c.o(i.I2C_ITConfig), (18 bytes).
    Removing stm32f2xx_i2c.o(i.I2C_Init), (232 bytes).
    Removing stm32f2xx_i2c.o(i.I2C_OwnAddress2Config), (22 bytes).
    Removing stm32f2xx_i2c.o(i.I2C_PECPositionConfig), (28 bytes).
    Removing stm32f2xx_i2c.o(i.I2C_ReadRegister), (22 bytes).
    Removing stm32f2xx_i2c.o(i.I2C_ReceiveData), (8 bytes).
    Removing stm32f2xx_i2c.o(i.I2C_SMBusAlertConfig), (28 bytes).
    Removing stm32f2xx_i2c.o(i.I2C_Send7bitAddress), (16 bytes).
    Removing stm32f2xx_i2c.o(i.I2C_SendData), (4 bytes).
    Removing stm32f2xx_i2c.o(i.I2C_SoftwareResetCmd), (22 bytes).
    Removing stm32f2xx_i2c.o(i.I2C_StretchClockCmd), (24 bytes).
    Removing stm32f2xx_i2c.o(i.I2C_StructInit), (30 bytes).
    Removing stm32f2xx_i2c.o(i.I2C_TransmitPEC), (24 bytes).
    Removing stm32f2xx_iwdg.o(i.IWDG_Enable), (16 bytes).
    Removing stm32f2xx_iwdg.o(i.IWDG_GetFlagStatus), (24 bytes).
    Removing stm32f2xx_iwdg.o(i.IWDG_ReloadCounter), (16 bytes).
    Removing stm32f2xx_iwdg.o(i.IWDG_SetPrescaler), (12 bytes).
    Removing stm32f2xx_iwdg.o(i.IWDG_SetReload), (12 bytes).
    Removing stm32f2xx_iwdg.o(i.IWDG_WriteAccessCmd), (12 bytes).
    Removing stm32f2xx_pwr.o(i.PWR_BackupAccessCmd), (12 bytes).
    Removing stm32f2xx_pwr.o(i.PWR_BackupRegulatorCmd), (12 bytes).
    Removing stm32f2xx_pwr.o(i.PWR_ClearFlag), (20 bytes).
    Removing stm32f2xx_pwr.o(i.PWR_DeInit), (22 bytes).
    Removing stm32f2xx_pwr.o(i.PWR_EnterSTANDBYMode), (52 bytes).
    Removing stm32f2xx_pwr.o(i.PWR_EnterSTOPMode), (64 bytes).
    Removing stm32f2xx_pwr.o(i.PWR_FlashPowerDownCmd), (12 bytes).
    Removing stm32f2xx_pwr.o(i.PWR_GetFlagStatus), (24 bytes).
    Removing stm32f2xx_pwr.o(i.PWR_PVDCmd), (12 bytes).
    Removing stm32f2xx_pwr.o(i.PWR_PVDLevelConfig), (24 bytes).
    Removing stm32f2xx_pwr.o(i.PWR_WakeUpPinCmd), (12 bytes).
    Removing stm32f2xx_rcc.o(i.RCC_AHB1PeriphClockCmd), (32 bytes).
    Removing stm32f2xx_rcc.o(i.RCC_AHB1PeriphClockLPModeCmd), (32 bytes).
    Removing stm32f2xx_rcc.o(i.RCC_AHB1PeriphResetCmd), (32 bytes).
    Removing stm32f2xx_rcc.o(i.RCC_AHB2PeriphClockCmd), (32 bytes).
    Removing stm32f2xx_rcc.o(i.RCC_AHB2PeriphClockLPModeCmd), (32 bytes).
    Removing stm32f2xx_rcc.o(i.RCC_AHB2PeriphResetCmd), (32 bytes).
    Removing stm32f2xx_rcc.o(i.RCC_AHB3PeriphClockCmd), (32 bytes).
    Removing stm32f2xx_rcc.o(i.RCC_AHB3PeriphClockLPModeCmd), (32 bytes).
    Removing stm32f2xx_rcc.o(i.RCC_AHB3PeriphResetCmd), (32 bytes).
    Removing stm32f2xx_rcc.o(i.RCC_APB1PeriphClockCmd), (32 bytes).
    Removing stm32f2xx_rcc.o(i.RCC_APB1PeriphClockLPModeCmd), (32 bytes).
    Removing stm32f2xx_rcc.o(i.RCC_APB1PeriphResetCmd), (32 bytes).
    Removing stm32f2xx_rcc.o(i.RCC_APB2PeriphClockCmd), (32 bytes).
    Removing stm32f2xx_rcc.o(i.RCC_APB2PeriphClockLPModeCmd), (32 bytes).
    Removing stm32f2xx_rcc.o(i.RCC_APB2PeriphResetCmd), (32 bytes).
    Removing stm32f2xx_rcc.o(i.RCC_AdjustHSICalibrationValue), (24 bytes).
    Removing stm32f2xx_rcc.o(i.RCC_BackupResetCmd), (12 bytes).
    Removing stm32f2xx_rcc.o(i.RCC_ClearFlag), (20 bytes).
    Removing stm32f2xx_rcc.o(i.RCC_ClearITPendingBit), (12 bytes).
    Removing stm32f2xx_rcc.o(i.RCC_ClockSecuritySystemCmd), (12 bytes).
    Removing stm32f2xx_rcc.o(i.RCC_DeInit), (68 bytes).
    Removing stm32f2xx_rcc.o(i.RCC_GetClocksFreq), (168 bytes).
    Removing stm32f2xx_rcc.o(i.RCC_GetFlagStatus), (64 bytes).
    Removing stm32f2xx_rcc.o(i.RCC_GetITStatus), (24 bytes).
    Removing stm32f2xx_rcc.o(i.RCC_GetSYSCLKSource), (16 bytes).
    Removing stm32f2xx_rcc.o(i.RCC_HCLKConfig), (24 bytes).
    Removing stm32f2xx_rcc.o(i.RCC_HSEConfig), (76 bytes).
    Removing stm32f2xx_rcc.o(i.RCC_HSICmd), (12 bytes).
    Removing stm32f2xx_rcc.o(i.RCC_I2SCLKConfig), (12 bytes).
    Removing stm32f2xx_rcc.o(i.RCC_ITConfig), (32 bytes).
    Removing stm32f2xx_rcc.o(i.RCC_LSEConfig), (44 bytes).
    Removing stm32f2xx_rcc.o(i.RCC_LSICmd), (12 bytes).
    Removing stm32f2xx_rcc.o(i.RCC_MCO1Config), (28 bytes).
    Removing stm32f2xx_rcc.o(i.RCC_MCO2Config), (28 bytes).
    Removing stm32f2xx_rcc.o(i.RCC_PCLK1Config), (24 bytes).
    Removing stm32f2xx_rcc.o(i.RCC_PCLK2Config), (24 bytes).
    Removing stm32f2xx_rcc.o(i.RCC_PLLCmd), (12 bytes).
    Removing stm32f2xx_rcc.o(i.RCC_PLLConfig), (40 bytes).
    Removing stm32f2xx_rcc.o(i.RCC_PLLI2SCmd), (12 bytes).
    Removing stm32f2xx_rcc.o(i.RCC_PLLI2SConfig), (16 bytes).
    Removing stm32f2xx_rcc.o(i.RCC_RTCCLKCmd), (12 bytes).
    Removing stm32f2xx_rcc.o(i.RCC_RTCCLKConfig), (60 bytes).
    Removing stm32f2xx_rcc.o(i.RCC_SYSCLKConfig), (24 bytes).
    Removing stm32f2xx_rcc.o(i.RCC_WaitForHSEStartUp), (54 bytes).
    Removing stm32f2xx_rcc.o(.constdata), (16 bytes).
    Removing stm32f2xx_rng.o(i.RNG_ClearITPendingBit), (16 bytes).
    Removing stm32f2xx_rng.o(i.RNG_Cmd), (36 bytes).
    Removing stm32f2xx_rng.o(i.RNG_DeInit), (20 bytes).
    Removing stm32f2xx_rng.o(i.RNG_GetFlagStatus), (24 bytes).
    Removing stm32f2xx_rng.o(i.RNG_GetITStatus), (24 bytes).
    Removing stm32f2xx_rng.o(i.RNG_GetRandomNumber), (12 bytes).
    Removing stm32f2xx_rng.o(i.RNG_ITConfig), (36 bytes).
    Removing stm32f2xx_rtc.o(i.RTC_AlarmCmd), (104 bytes).
    Removing stm32f2xx_rtc.o(i.RTC_Bcd2ToByte), (22 bytes).
    Removing stm32f2xx_rtc.o(i.RTC_ByteToBcd2), (28 bytes).
    Removing stm32f2xx_rtc.o(i.RTC_CalibOutputCmd), (52 bytes).
    Removing stm32f2xx_rtc.o(i.RTC_ClearFlag), (16 bytes).
    Removing stm32f2xx_rtc.o(i.RTC_ClearITPendingBit), (24 bytes).
    Removing stm32f2xx_rtc.o(i.RTC_DayLightSavingConfig), (52 bytes).
    Removing stm32f2xx_rtc.o(i.RTC_DeInit), (180 bytes).
    Removing stm32f2xx_rtc.o(i.RTC_DigitalCalibCmd), (68 bytes).
    Removing stm32f2xx_rtc.o(i.RTC_DigitalCalibConfig), (52 bytes).
    Removing stm32f2xx_rtc.o(i.RTC_EnterInitMode), (80 bytes).
    Removing stm32f2xx_rtc.o(i.RTC_ExitInitMode), (20 bytes).
    Removing stm32f2xx_rtc.o(i.RTC_GetAlarm), (116 bytes).
    Removing stm32f2xx_rtc.o(i.RTC_GetDate), (80 bytes).
    Removing stm32f2xx_rtc.o(i.RTC_GetFlagStatus), (40 bytes).
    Removing stm32f2xx_rtc.o(i.RTC_GetITStatus), (76 bytes).
    Removing stm32f2xx_rtc.o(i.RTC_GetStoreOperation), (16 bytes).
    Removing stm32f2xx_rtc.o(i.RTC_GetTime), (80 bytes).
    Removing stm32f2xx_rtc.o(i.RTC_GetTimeStamp), (156 bytes).
    Removing stm32f2xx_rtc.o(i.RTC_GetWakeUpCounter), (12 bytes).
    Removing stm32f2xx_rtc.o(i.RTC_ITConfig), (92 bytes).
    Removing stm32f2xx_rtc.o(i.RTC_Init), (80 bytes).
    Removing stm32f2xx_rtc.o(i.RTC_OutputConfig), (52 bytes).
    Removing stm32f2xx_rtc.o(i.RTC_OutputTypeConfig), (28 bytes).
    Removing stm32f2xx_rtc.o(i.RTC_ReadBackupRegister), (32 bytes).
    Removing stm32f2xx_rtc.o(i.RTC_RefClockCmd), (68 bytes).
    Removing stm32f2xx_rtc.o(i.RTC_SetAlarm), (228 bytes).
    Removing stm32f2xx_rtc.o(i.RTC_SetDate), (176 bytes).
    Removing stm32f2xx_rtc.o(i.RTC_SetTime), (184 bytes).
    Removing stm32f2xx_rtc.o(i.RTC_SetWakeUpCounter), (28 bytes).
    Removing stm32f2xx_rtc.o(i.RTC_StructInit), (14 bytes).
    Removing stm32f2xx_rtc.o(i.RTC_TamperCmd), (36 bytes).
    Removing stm32f2xx_rtc.o(i.RTC_TamperConfig), (24 bytes).
    Removing stm32f2xx_rtc.o(i.RTC_TamperPinSelection), (28 bytes).
    Removing stm32f2xx_rtc.o(i.RTC_TimeStampCmd), (56 bytes).
    Removing stm32f2xx_rtc.o(i.RTC_TimeStampPinSelection), (28 bytes).
    Removing stm32f2xx_rtc.o(i.RTC_WaitForSynchro), (72 bytes).
    Removing stm32f2xx_rtc.o(i.RTC_WakeUpClockConfig), (44 bytes).
    Removing stm32f2xx_rtc.o(i.RTC_WakeUpCmd), (108 bytes).
    Removing stm32f2xx_rtc.o(i.RTC_WriteBackupRegister), (28 bytes).
    Removing stm32f2xx_rtc.o(i.RTC_WriteProtectionCmd), (28 bytes).
    Removing stm32f2xx_sdio.o(i.SDIO_CEATAITCmd), (16 bytes).
    Removing stm32f2xx_sdio.o(i.SDIO_ClearFlag), (12 bytes).
    Removing stm32f2xx_sdio.o(i.SDIO_ClearITPendingBit), (12 bytes).
    Removing stm32f2xx_sdio.o(i.SDIO_ClockCmd), (12 bytes).
    Removing stm32f2xx_sdio.o(i.SDIO_CmdStructInit), (14 bytes).
    Removing stm32f2xx_sdio.o(i.SDIO_CommandCompletionCmd), (12 bytes).
    Removing stm32f2xx_sdio.o(i.SDIO_DMACmd), (12 bytes).
    Removing stm32f2xx_sdio.o(i.SDIO_DataConfig), (52 bytes).
    Removing stm32f2xx_sdio.o(i.SDIO_DataStructInit), (20 bytes).
    Removing stm32f2xx_sdio.o(i.SDIO_DeInit), (22 bytes).
    Removing stm32f2xx_sdio.o(i.SDIO_GetCommandResponse), (12 bytes).
    Removing stm32f2xx_sdio.o(i.SDIO_GetDataCounter), (12 bytes).
    Removing stm32f2xx_sdio.o(i.SDIO_GetFIFOCount), (12 bytes).
    Removing stm32f2xx_sdio.o(i.SDIO_GetFlagStatus), (24 bytes).
    Removing stm32f2xx_sdio.o(i.SDIO_GetITStatus), (24 bytes).
    Removing stm32f2xx_sdio.o(i.SDIO_GetPowerState), (16 bytes).
    Removing stm32f2xx_sdio.o(i.SDIO_GetResponse), (24 bytes).
    Removing stm32f2xx_sdio.o(i.SDIO_ITConfig), (32 bytes).
    Removing stm32f2xx_sdio.o(i.SDIO_Init), (48 bytes).
    Removing stm32f2xx_sdio.o(i.SDIO_ReadData), (12 bytes).
    Removing stm32f2xx_sdio.o(i.SDIO_SendCEATACmd), (12 bytes).
    Removing stm32f2xx_sdio.o(i.SDIO_SendCommand), (44 bytes).
    Removing stm32f2xx_sdio.o(i.SDIO_SendSDIOSuspendCmd), (12 bytes).
    Removing stm32f2xx_sdio.o(i.SDIO_SetPowerState), (28 bytes).
    Removing stm32f2xx_sdio.o(i.SDIO_SetSDIOOperation), (12 bytes).
    Removing stm32f2xx_sdio.o(i.SDIO_SetSDIOReadWaitMode), (12 bytes).
    Removing stm32f2xx_sdio.o(i.SDIO_StartSDIOReadWait), (12 bytes).
    Removing stm32f2xx_sdio.o(i.SDIO_StopSDIOReadWait), (12 bytes).
    Removing stm32f2xx_sdio.o(i.SDIO_StructInit), (16 bytes).
    Removing stm32f2xx_sdio.o(i.SDIO_WriteData), (12 bytes).
    Removing stm32f2xx_spi.o(i.I2S_Cmd), (24 bytes).
    Removing stm32f2xx_spi.o(i.I2S_Init), (288 bytes).
    Removing stm32f2xx_spi.o(i.I2S_StructInit), (20 bytes).
    Removing stm32f2xx_spi.o(i.SPI_BiDirectionalLineConfig), (28 bytes).
    Removing stm32f2xx_spi.o(i.SPI_CalculateCRC), (24 bytes).
    Removing stm32f2xx_spi.o(i.SPI_Cmd), (24 bytes).
    Removing stm32f2xx_spi.o(i.SPI_DataSizeConfig), (18 bytes).
    Removing stm32f2xx_spi.o(i.SPI_GetCRC), (16 bytes).
    Removing stm32f2xx_spi.o(i.SPI_GetCRCPolynomial), (6 bytes).
    Removing stm32f2xx_spi.o(i.SPI_I2S_ClearFlag), (6 bytes).
    Removing stm32f2xx_spi.o(i.SPI_I2S_ClearITPendingBit), (20 bytes).
    Removing stm32f2xx_spi.o(i.SPI_I2S_DMACmd), (18 bytes).
    Removing stm32f2xx_spi.o(i.SPI_I2S_DeInit), (88 bytes).
    Removing stm32f2xx_spi.o(i.SPI_I2S_GetFlagStatus), (18 bytes).
    Removing stm32f2xx_spi.o(i.SPI_I2S_GetITStatus), (52 bytes).
    Removing stm32f2xx_spi.o(i.SPI_I2S_ITConfig), (32 bytes).
    Removing stm32f2xx_spi.o(i.SPI_I2S_ReceiveData), (6 bytes).
    Removing stm32f2xx_spi.o(i.SPI_I2S_SendData), (4 bytes).
    Removing stm32f2xx_spi.o(i.SPI_Init), (60 bytes).
    Removing stm32f2xx_spi.o(i.SPI_NSSInternalSoftwareConfig), (30 bytes).
    Removing stm32f2xx_spi.o(i.SPI_SSOutputCmd), (24 bytes).
    Removing stm32f2xx_spi.o(i.SPI_StructInit), (24 bytes).
    Removing stm32f2xx_spi.o(i.SPI_TIModeCmd), (24 bytes).
    Removing stm32f2xx_spi.o(i.SPI_TransmitCRC), (10 bytes).
    Removing stm32f2xx_syscfg.o(i.SYSCFG_DeInit), (22 bytes).
    Removing stm32f2xx_syscfg.o(i.SYSCFG_ETH_MediaInterfaceConfig), (12 bytes).
    Removing stm32f2xx_syscfg.o(i.SYSCFG_EXTILineConfig), (64 bytes).
    Removing stm32f2xx_syscfg.o(i.SYSCFG_MemoryRemapConfig), (12 bytes).
    Removing stm32f2xx_tim.o(i.TI1_Config), (54 bytes).
    Removing stm32f2xx_tim.o(i.TI2_Config), (68 bytes).
    Removing stm32f2xx_tim.o(i.TI3_Config), (60 bytes).
    Removing stm32f2xx_tim.o(i.TI4_Config), (68 bytes).
    Removing stm32f2xx_tim.o(i.TIM_ARRPreloadConfig), (22 bytes).
    Removing stm32f2xx_tim.o(i.TIM_BDTRConfig), (32 bytes).
    Removing stm32f2xx_tim.o(i.TIM_BDTRStructInit), (18 bytes).
    Removing stm32f2xx_tim.o(i.TIM_CCPreloadControl), (22 bytes).
    Removing stm32f2xx_tim.o(i.TIM_CCxCmd), (30 bytes).
    Removing stm32f2xx_tim.o(i.TIM_CCxNCmd), (30 bytes).
    Removing stm32f2xx_tim.o(i.TIM_ClearFlag), (6 bytes).
    Removing stm32f2xx_tim.o(i.TIM_ClearITPendingBit), (6 bytes).
    Removing stm32f2xx_tim.o(i.TIM_ClearOC1Ref), (16 bytes).
    Removing stm32f2xx_tim.o(i.TIM_ClearOC2Ref), (24 bytes).
    Removing stm32f2xx_tim.o(i.TIM_ClearOC3Ref), (16 bytes).
    Removing stm32f2xx_tim.o(i.TIM_ClearOC4Ref), (24 bytes).
    Removing stm32f2xx_tim.o(i.TIM_Cmd), (22 bytes).
    Removing stm32f2xx_tim.o(i.TIM_CounterModeConfig), (16 bytes).
    Removing stm32f2xx_tim.o(i.TIM_CtrlPWMOutputs), (30 bytes).
    Removing stm32f2xx_tim.o(i.TIM_DMACmd), (18 bytes).
    Removing stm32f2xx_tim.o(i.TIM_DMAConfig), (10 bytes).
    Removing stm32f2xx_tim.o(i.TIM_DeInit), (400 bytes).
    Removing stm32f2xx_tim.o(i.TIM_ETRClockMode1Config), (50 bytes).
    Removing stm32f2xx_tim.o(i.TIM_ETRClockMode2Config), (32 bytes).
    Removing stm32f2xx_tim.o(i.TIM_ETRConfig), (28 bytes).
    Removing stm32f2xx_tim.o(i.TIM_EncoderInterfaceConfig), (62 bytes).
    Removing stm32f2xx_tim.o(i.TIM_ForcedOC1Config), (16 bytes).
    Removing stm32f2xx_tim.o(i.TIM_ForcedOC2Config), (24 bytes).
    Removing stm32f2xx_tim.o(i.TIM_ForcedOC3Config), (16 bytes).
    Removing stm32f2xx_tim.o(i.TIM_ForcedOC4Config), (24 bytes).
    Removing stm32f2xx_tim.o(i.TIM_GenerateEvent), (4 bytes).
    Removing stm32f2xx_tim.o(i.TIM_GetCapture1), (6 bytes).
    Removing stm32f2xx_tim.o(i.TIM_GetCapture2), (6 bytes).
    Removing stm32f2xx_tim.o(i.TIM_GetCapture3), (6 bytes).
    Removing stm32f2xx_tim.o(i.TIM_GetCapture4), (6 bytes).
    Removing stm32f2xx_tim.o(i.TIM_GetCounter), (6 bytes).
    Removing stm32f2xx_tim.o(i.TIM_GetFlagStatus), (18 bytes).
    Removing stm32f2xx_tim.o(i.TIM_GetITStatus), (34 bytes).
    Removing stm32f2xx_tim.o(i.TIM_GetPrescaler), (6 bytes).
    Removing stm32f2xx_tim.o(i.TIM_ICInit), (110 bytes).
    Removing stm32f2xx_tim.o(i.TIM_ICStructInit), (18 bytes).
    Removing stm32f2xx_tim.o(i.TIM_ITConfig), (18 bytes).
    Removing stm32f2xx_tim.o(i.TIM_ITRxExternalClockConfig), (24 bytes).
    Removing stm32f2xx_tim.o(i.TIM_InternalClockConfig), (10 bytes).
    Removing stm32f2xx_tim.o(i.TIM_OC1FastConfig), (16 bytes).
    Removing stm32f2xx_tim.o(i.TIM_OC1Init), (112 bytes).
    Removing stm32f2xx_tim.o(i.TIM_OC1NPolarityConfig), (16 bytes).
    Removing stm32f2xx_tim.o(i.TIM_OC1PolarityConfig), (16 bytes).
    Removing stm32f2xx_tim.o(i.TIM_OC1PreloadConfig), (16 bytes).
    Removing stm32f2xx_tim.o(i.TIM_OC2FastConfig), (24 bytes).
    Removing stm32f2xx_tim.o(i.TIM_OC2Init), (148 bytes).
    Removing stm32f2xx_tim.o(i.TIM_OC2NPolarityConfig), (24 bytes).
    Removing stm32f2xx_tim.o(i.TIM_OC2PolarityConfig), (24 bytes).
    Removing stm32f2xx_tim.o(i.TIM_OC2PreloadConfig), (24 bytes).
    Removing stm32f2xx_tim.o(i.TIM_OC3FastConfig), (16 bytes).
    Removing stm32f2xx_tim.o(i.TIM_OC3Init), (144 bytes).
    Removing stm32f2xx_tim.o(i.TIM_OC3NPolarityConfig), (24 bytes).
    Removing stm32f2xx_tim.o(i.TIM_OC3PolarityConfig), (24 bytes).
    Removing stm32f2xx_tim.o(i.TIM_OC3PreloadConfig), (16 bytes).
    Removing stm32f2xx_tim.o(i.TIM_OC4FastConfig), (24 bytes).
    Removing stm32f2xx_tim.o(i.TIM_OC4Init), (112 bytes).
    Removing stm32f2xx_tim.o(i.TIM_OC4PolarityConfig), (24 bytes).
    Removing stm32f2xx_tim.o(i.TIM_OC4PreloadConfig), (24 bytes).
    Removing stm32f2xx_tim.o(i.TIM_OCStructInit), (20 bytes).
    Removing stm32f2xx_tim.o(i.TIM_PWMIConfig), (124 bytes).
    Removing stm32f2xx_tim.o(i.TIM_PrescalerConfig), (6 bytes).
    Removing stm32f2xx_tim.o(i.TIM_RemapConfig), (6 bytes).
    Removing stm32f2xx_tim.o(i.TIM_SelectCCDMA), (22 bytes).
    Removing stm32f2xx_tim.o(i.TIM_SelectCOM), (22 bytes).
    Removing stm32f2xx_tim.o(i.TIM_SelectHallSensor), (22 bytes).
    Removing stm32f2xx_tim.o(i.TIM_SelectInputTrigger), (16 bytes).
    Removing stm32f2xx_tim.o(i.TIM_SelectMasterSlaveMode), (16 bytes).
    Removing stm32f2xx_tim.o(i.TIM_SelectOCxM), (86 bytes).
    Removing stm32f2xx_tim.o(i.TIM_SelectOnePulseMode), (16 bytes).
    Removing stm32f2xx_tim.o(i.TIM_SelectOutputTrigger), (16 bytes).
    Removing stm32f2xx_tim.o(i.TIM_SelectSlaveMode), (16 bytes).
    Removing stm32f2xx_tim.o(i.TIM_SetAutoreload), (4 bytes).
    Removing stm32f2xx_tim.o(i.TIM_SetClockDivision), (16 bytes).
    Removing stm32f2xx_tim.o(i.TIM_SetCompare1), (4 bytes).
    Removing stm32f2xx_tim.o(i.TIM_SetCompare2), (4 bytes).
    Removing stm32f2xx_tim.o(i.TIM_SetCompare3), (4 bytes).
    Removing stm32f2xx_tim.o(i.TIM_SetCompare4), (4 bytes).
    Removing stm32f2xx_tim.o(i.TIM_SetCounter), (4 bytes).
    Removing stm32f2xx_tim.o(i.TIM_SetIC1Prescaler), (16 bytes).
    Removing stm32f2xx_tim.o(i.TIM_SetIC2Prescaler), (24 bytes).
    Removing stm32f2xx_tim.o(i.TIM_SetIC3Prescaler), (16 bytes).
    Removing stm32f2xx_tim.o(i.TIM_SetIC4Prescaler), (24 bytes).
    Removing stm32f2xx_tim.o(i.TIM_TIxExternalClockConfig), (62 bytes).
    Removing stm32f2xx_tim.o(i.TIM_TimeBaseInit), (128 bytes).
    Removing stm32f2xx_tim.o(i.TIM_TimeBaseStructInit), (18 bytes).
    Removing stm32f2xx_tim.o(i.TIM_UpdateDisableConfig), (22 bytes).
    Removing stm32f2xx_tim.o(i.TIM_UpdateRequestConfig), (22 bytes).
    Removing stm32f2xx_usart.o(i.USART_ClearFlag), (18 bytes).
    Removing stm32f2xx_usart.o(i.USART_ClearITPendingBit), (30 bytes).
    Removing stm32f2xx_usart.o(i.USART_ClockInit), (32 bytes).
    Removing stm32f2xx_usart.o(i.USART_ClockStructInit), (12 bytes).
    Removing stm32f2xx_usart.o(i.USART_Cmd), (24 bytes).
    Removing stm32f2xx_usart.o(i.USART_DMACmd), (18 bytes).
    Removing stm32f2xx_usart.o(i.USART_DeInit), (180 bytes).
    Removing stm32f2xx_usart.o(i.USART_GetFlagStatus), (26 bytes).
    Removing stm32f2xx_usart.o(i.USART_GetITStatus), (84 bytes).
    Removing stm32f2xx_usart.o(i.USART_HalfDuplexCmd), (24 bytes).
    Removing stm32f2xx_usart.o(i.USART_ITConfig), (74 bytes).
    Removing stm32f2xx_usart.o(i.USART_Init), (212 bytes).
    Removing stm32f2xx_usart.o(i.USART_IrDACmd), (24 bytes).
    Removing stm32f2xx_usart.o(i.USART_IrDAConfig), (18 bytes).
    Removing stm32f2xx_usart.o(i.USART_LINBreakDetectLengthConfig), (18 bytes).
    Removing stm32f2xx_usart.o(i.USART_LINCmd), (24 bytes).
    Removing stm32f2xx_usart.o(i.USART_OneBitMethodCmd), (24 bytes).
    Removing stm32f2xx_usart.o(i.USART_OverSampling8Cmd), (22 bytes).
    Removing stm32f2xx_usart.o(i.USART_ReceiveData), (10 bytes).
    Removing stm32f2xx_usart.o(i.USART_ReceiverWakeUpCmd), (24 bytes).
    Removing stm32f2xx_usart.o(i.USART_SendBreak), (10 bytes).
    Removing stm32f2xx_usart.o(i.USART_SendData), (8 bytes).
    Removing stm32f2xx_usart.o(i.USART_SetAddress), (18 bytes).
    Removing stm32f2xx_usart.o(i.USART_SetGuardTime), (16 bytes).
    Removing stm32f2xx_usart.o(i.USART_SetPrescaler), (16 bytes).
    Removing stm32f2xx_usart.o(i.USART_SmartCardCmd), (24 bytes).
    Removing stm32f2xx_usart.o(i.USART_SmartCardNACKCmd), (24 bytes).
    Removing stm32f2xx_usart.o(i.USART_StructInit), (24 bytes).
    Removing stm32f2xx_usart.o(i.USART_WakeUpConfig), (18 bytes).
    Removing stm32f2xx_wwdg.o(i.WWDG_ClearFlag), (12 bytes).
    Removing stm32f2xx_wwdg.o(i.WWDG_DeInit), (22 bytes).
    Removing stm32f2xx_wwdg.o(i.WWDG_Enable), (16 bytes).
    Removing stm32f2xx_wwdg.o(i.WWDG_EnableIT), (12 bytes).
    Removing stm32f2xx_wwdg.o(i.WWDG_GetFlagStatus), (12 bytes).
    Removing stm32f2xx_wwdg.o(i.WWDG_SetCounter), (16 bytes).
    Removing stm32f2xx_wwdg.o(i.WWDG_SetPrescaler), (24 bytes).
    Removing stm32f2xx_wwdg.o(i.WWDG_SetWindowValue), (40 bytes).

558 unused section(s) (total 22204 bytes) removed from the image.

==============================================================================

Image Symbol Table

    Local Symbols

    Symbol Name                              Value     Ov Type        Size  Object(Section)

    ../clib/angel/boardlib.s                 0x00000000   Number         0  boardshut.o ABSOLUTE
    ../clib/angel/boardlib.s                 0x00000000   Number         0  boardinit2.o ABSOLUTE
    ../clib/angel/boardlib.s                 0x00000000   Number         0  boardinit1.o ABSOLUTE
    ../clib/angel/boardlib.s                 0x00000000   Number         0  boardinit3.o ABSOLUTE
    ../clib/angel/handlers.s                 0x00000000   Number         0  __scatter_zi.o ABSOLUTE
    ../clib/angel/kernel.s                   0x00000000   Number         0  __rtentry4.o ABSOLUTE
    ../clib/angel/kernel.s                   0x00000000   Number         0  rtexit2.o ABSOLUTE
    ../clib/angel/kernel.s                   0x00000000   Number         0  __rtentry2.o ABSOLUTE
    ../clib/angel/kernel.s                   0x00000000   Number         0  __rtentry.o ABSOLUTE
    ../clib/angel/kernel.s                   0x00000000   Number         0  rtexit.o ABSOLUTE
    ../clib/angel/rt.s                       0x00000000   Number         0  rt_raise.o ABSOLUTE
    ../clib/angel/scatter.s                  0x00000000   Number         0  __scatter.o ABSOLUTE
    ../clib/angel/startup.s                  0x00000000   Number         0  __main.o ABSOLUTE
    ../clib/angel/sys.s                      0x00000000   Number         0  sys_stackheap_outer.o ABSOLUTE
    ../clib/angel/sys.s                      0x00000000   Number         0  indicate_semi.o ABSOLUTE
    ../clib/angel/sys.s                      0x00000000   Number         0  libspace.o ABSOLUTE
    ../clib/angel/sys.s                      0x00000000   Number         0  use_no_semi.o ABSOLUTE
    ../clib/angel/sysapp.c                   0x00000000   Number         0  sys_wrch.o ABSOLUTE
    ../clib/angel/sysapp.c                   0x00000000   Number         0  sys_exit.o ABSOLUTE
    ../clib/angel/sysapp.c                   0x00000000   Number         0  sys_command.o ABSOLUTE
    ../clib/armsys.c                         0x00000000   Number         0  no_argv.o ABSOLUTE
    ../clib/armsys.c                         0x00000000   Number         0  argv_veneer.o ABSOLUTE
    ../clib/armsys.c                         0x00000000   Number         0  argv_veneer.o ABSOLUTE
    ../clib/armsys.c                         0x00000000   Number         0  _get_argv_nomalloc.o ABSOLUTE
    ../clib/heapalloc.c                      0x00000000   Number         0  hrguard.o ABSOLUTE
    ../clib/heapaux.c                        0x00000000   Number         0  heapauxi.o ABSOLUTE
    ../clib/libinit.s                        0x00000000   Number         0  libshutdown2.o ABSOLUTE
    ../clib/libinit.s                        0x00000000   Number         0  libshutdown.o ABSOLUTE
    ../clib/libinit.s                        0x00000000   Number         0  libinit.o ABSOLUTE
    ../clib/libinit.s                        0x00000000   Number         0  libinit2.o ABSOLUTE
    ../clib/signal.c                         0x00000000   Number         0  defsig_rtmem_formal.o ABSOLUTE
    ../clib/signal.c                         0x00000000   Number         0  defsig_rtmem_outer.o ABSOLUTE
    ../clib/signal.c                         0x00000000   Number         0  __raise.o ABSOLUTE
    ../clib/signal.c                         0x00000000   Number         0  defsig_exit.o ABSOLUTE
    ../clib/signal.c                         0x00000000   Number         0  defsig_general.o ABSOLUTE
    ../clib/signal.c                         0x00000000   Number         0  defsig_fpe_inner.o ABSOLUTE
    ../clib/signal.c                         0x00000000   Number         0  defsig_rtred_inner.o ABSOLUTE
    ../clib/signal.c                         0x00000000   Number         0  defsig_stak_inner.o ABSOLUTE
    ../clib/signal.c                         0x00000000   Number         0  defsig_pvfn_inner.o ABSOLUTE
    ../clib/signal.c                         0x00000000   Number         0  defsig_cppl_inner.o ABSOLUTE
    ../clib/signal.c                         0x00000000   Number         0  defsig_segv_inner.o ABSOLUTE
    ../clib/signal.c                         0x00000000   Number         0  defsig_other.o ABSOLUTE
    ../clib/signal.c                         0x00000000   Number         0  defsig_rtmem_inner.o ABSOLUTE
    ../clib/signal.c                         0x00000000   Number         0  defsig_abrt_inner.o ABSOLUTE
    ../clib/signal.s                         0x00000000   Number         0  defsig.o ABSOLUTE
    ../clib/stdlib.c                         0x00000000   Number         0  exit.o ABSOLUTE
    ../fplib/fpinit.s                        0x00000000   Number         0  fpinit.o ABSOLUTE
    ..\\core\\core_cm3.c                     0x00000000   Number         0  core_cm3.o ABSOLUTE
    ..\core\core_cm3.c                       0x00000000   Number         0  core_cm3.o ABSOLUTE
    ..\core\startup_stm32f2xx.s              0x00000000   Number         0  startup_stm32f2xx.o ABSOLUTE
    ..\core\system_stm32f2xx.c               0x00000000   Number         0  system_stm32f2xx.o ABSOLUTE
    ..\lib\misc.c                            0x00000000   Number         0  misc.o ABSOLUTE
    ..\lib\stm32f2xx_adc.c                   0x00000000   Number         0  stm32f2xx_adc.o ABSOLUTE
    ..\lib\stm32f2xx_can.c                   0x00000000   Number         0  stm32f2xx_can.o ABSOLUTE
    ..\lib\stm32f2xx_crc.c                   0x00000000   Number         0  stm32f2xx_crc.o ABSOLUTE
    ..\lib\stm32f2xx_cryp.c                  0x00000000   Number         0  stm32f2xx_cryp.o ABSOLUTE
    ..\lib\stm32f2xx_dac.c                   0x00000000   Number         0  stm32f2xx_dac.o ABSOLUTE
    ..\lib\stm32f2xx_dbgmcu.c                0x00000000   Number         0  stm32f2xx_dbgmcu.o ABSOLUTE
    ..\lib\stm32f2xx_dcmi.c                  0x00000000   Number         0  stm32f2xx_dcmi.o ABSOLUTE
    ..\lib\stm32f2xx_dma.c                   0x00000000   Number         0  stm32f2xx_dma.o ABSOLUTE
    ..\lib\stm32f2xx_exti.c                  0x00000000   Number         0  stm32f2xx_exti.o ABSOLUTE
    ..\lib\stm32f2xx_flash.c                 0x00000000   Number         0  stm32f2xx_flash.o ABSOLUTE
    ..\lib\stm32f2xx_fsmc.c                  0x00000000   Number         0  stm32f2xx_fsmc.o ABSOLUTE
    ..\lib\stm32f2xx_gpio.c                  0x00000000   Number         0  stm32f2xx_gpio.o ABSOLUTE
    ..\lib\stm32f2xx_hash.c                  0x00000000   Number         0  stm32f2xx_hash.o ABSOLUTE
    ..\lib\stm32f2xx_i2c.c                   0x00000000   Number         0  stm32f2xx_i2c.o ABSOLUTE
    ..\lib\stm32f2xx_iwdg.c                  0x00000000   Number         0  stm32f2xx_iwdg.o ABSOLUTE
    ..\lib\stm32f2xx_pwr.c                   0x00000000   Number         0  stm32f2xx_pwr.o ABSOLUTE
    ..\lib\stm32f2xx_rcc.c                   0x00000000   Number         0  stm32f2xx_rcc.o ABSOLUTE
    ..\lib\stm32f2xx_rng.c                   0x00000000   Number         0  stm32f2xx_rng.o ABSOLUTE
    ..\lib\stm32f2xx_rtc.c                   0x00000000   Number         0  stm32f2xx_rtc.o ABSOLUTE
    ..\lib\stm32f2xx_sdio.c                  0x00000000   Number         0  stm32f2xx_sdio.o ABSOLUTE
    ..\lib\stm32f2xx_spi.c                   0x00000000   Number         0  stm32f2xx_spi.o ABSOLUTE
    ..\lib\stm32f2xx_syscfg.c                0x00000000   Number         0  stm32f2xx_syscfg.o ABSOLUTE
    ..\lib\stm32f2xx_tim.c                   0x00000000   Number         0  stm32f2xx_tim.o ABSOLUTE
    ..\lib\stm32f2xx_usart.c                 0x00000000   Number         0  stm32f2xx_usart.o ABSOLUTE
    ..\lib\stm32f2xx_wwdg.c                  0x00000000   Number         0  stm32f2xx_wwdg.o ABSOLUTE
    ..\user\main.c                           0x00000000   Number         0  main.o ABSOLUTE
    dc.s                                     0x00000000   Number         0  dc.o ABSOLUTE
    RESET                                    0x08000000   Section      388  startup_stm32f2xx.o(RESET)
    !!!main                                  0x08000184   Section        8  __main.o(!!!main)
    !!!scatter                               0x0800018c   Section       52  __scatter.o(!!!scatter)
    !!handler_zi                             0x080001c0   Section       28  __scatter_zi.o(!!handler_zi)
    .ARM.Collect$$libinit$$00000000          0x080001dc   Section        2  libinit.o(.ARM.Collect$$libinit$$00000000)
    .ARM.Collect$$libinit$$00000002          0x080001de   Section        0  libinit2.o(.ARM.Collect$$libinit$$00000002)
    .ARM.Collect$$libinit$$00000004          0x080001de   Section        0  libinit2.o(.ARM.Collect$$libinit$$00000004)
    .ARM.Collect$$libinit$$0000000A          0x080001de   Section        0  libinit2.o(.ARM.Collect$$libinit$$0000000A)
    .ARM.Collect$$libinit$$0000000C          0x080001de   Section        0  libinit2.o(.ARM.Collect$$libinit$$0000000C)
    .ARM.Collect$$libinit$$0000000E          0x080001de   Section        0  libinit2.o(.ARM.Collect$$libinit$$0000000E)
    .ARM.Collect$$libinit$$00000011          0x080001de   Section        0  libinit2.o(.ARM.Collect$$libinit$$00000011)
    .ARM.Collect$$libinit$$00000013          0x080001de   Section        0  libinit2.o(.ARM.Collect$$libinit$$00000013)
    .ARM.Collect$$libinit$$00000015          0x080001de   Section        0  libinit2.o(.ARM.Collect$$libinit$$00000015)
    .ARM.Collect$$libinit$$00000017          0x080001de   Section        0  libinit2.o(.ARM.Collect$$libinit$$00000017)
    .ARM.Collect$$libinit$$00000019          0x080001de   Section        0  libinit2.o(.ARM.Collect$$libinit$$00000019)
    .ARM.Collect$$libinit$$0000001B          0x080001de   Section        0  libinit2.o(.ARM.Collect$$libinit$$0000001B)
    .ARM.Collect$$libinit$$0000001D          0x080001de   Section        0  libinit2.o(.ARM.Collect$$libinit$$0000001D)
    .ARM.Collect$$libinit$$0000001F          0x080001de   Section        0  libinit2.o(.ARM.Collect$$libinit$$0000001F)
    .ARM.Collect$$libinit$$00000021          0x080001de   Section        0  libinit2.o(.ARM.Collect$$libinit$$00000021)
    .ARM.Collect$$libinit$$00000023          0x080001de   Section        0  libinit2.o(.ARM.Collect$$libinit$$00000023)
    .ARM.Collect$$libinit$$00000025          0x080001de   Section        0  libinit2.o(.ARM.Collect$$libinit$$00000025)
    .ARM.Collect$$libinit$$0000002C          0x080001de   Section        0  libinit2.o(.ARM.Collect$$libinit$$0000002C)
    .ARM.Collect$$libinit$$0000002E          0x080001de   Section        0  libinit2.o(.ARM.Collect$$libinit$$0000002E)
    .ARM.Collect$$libinit$$00000030          0x080001de   Section        0  libinit2.o(.ARM.Collect$$libinit$$00000030)
    .ARM.Collect$$libinit$$00000032          0x080001de   Section        0  libinit2.o(.ARM.Collect$$libinit$$00000032)
    .ARM.Collect$$libinit$$00000033          0x080001de   Section        2  libinit2.o(.ARM.Collect$$libinit$$00000033)
    .ARM.Collect$$libshutdown$$00000000      0x080001e0   Section        2  libshutdown.o(.ARM.Collect$$libshutdown$$00000000)
    .ARM.Collect$$libshutdown$$00000003      0x080001e2   Section        0  libshutdown2.o(.ARM.Collect$$libshutdown$$00000003)
    .ARM.Collect$$libshutdown$$00000006      0x080001e2   Section        0  libshutdown2.o(.ARM.Collect$$libshutdown$$00000006)
    .ARM.Collect$$libshutdown$$00000009      0x080001e2   Section        0  libshutdown2.o(.ARM.Collect$$libshutdown$$00000009)
    .ARM.Collect$$libshutdown$$0000000B      0x080001e2   Section        0  libshutdown2.o(.ARM.Collect$$libshutdown$$0000000B)
    .ARM.Collect$$libshutdown$$0000000E      0x080001e2   Section        0  libshutdown2.o(.ARM.Collect$$libshutdown$$0000000E)
    .ARM.Collect$$libshutdown$$0000000F      0x080001e2   Section        2  libshutdown2.o(.ARM.Collect$$libshutdown$$0000000F)
    .ARM.Collect$$rtentry$$00000000          0x080001e4   Section        0  __rtentry.o(.ARM.Collect$$rtentry$$00000000)
    .ARM.Collect$$rtentry$$00000002          0x080001e4   Section        0  __rtentry2.o(.ARM.Collect$$rtentry$$00000002)
    .ARM.Collect$$rtentry$$00000004          0x080001e4   Section        6  __rtentry4.o(.ARM.Collect$$rtentry$$00000004)
    .ARM.Collect$$rtentry$$00000009          0x080001ea   Section        0  __rtentry2.o(.ARM.Collect$$rtentry$$00000009)
    .ARM.Collect$$rtentry$$0000000A          0x080001ea   Section        4  __rtentry2.o(.ARM.Collect$$rtentry$$0000000A)
    .ARM.Collect$$rtentry$$0000000C          0x080001ee   Section        0  __rtentry2.o(.ARM.Collect$$rtentry$$0000000C)
    .ARM.Collect$$rtentry$$0000000D          0x080001ee   Section        8  __rtentry2.o(.ARM.Collect$$rtentry$$0000000D)
    .ARM.Collect$$rtexit$$00000000           0x080001f6   Section        2  rtexit.o(.ARM.Collect$$rtexit$$00000000)
    .ARM.Collect$$rtexit$$00000002           0x080001f8   Section        0  rtexit2.o(.ARM.Collect$$rtexit$$00000002)
    .ARM.Collect$$rtexit$$00000003           0x080001f8   Section        4  rtexit2.o(.ARM.Collect$$rtexit$$00000003)
    .ARM.Collect$$rtexit$$00000004           0x080001fc   Section        6  rtexit2.o(.ARM.Collect$$rtexit$$00000004)
    .text                                    0x08000204   Section       64  startup_stm32f2xx.o(.text)
    .text                                    0x08000244   Section        0  heapauxi.o(.text)
    .text                                    0x0800024a   Section       74  sys_stackheap_outer.o(.text)
    .text                                    0x08000294   Section        0  exit.o(.text)
    .text                                    0x080002a0   Section        8  libspace.o(.text)
    .text                                    0x080002a8   Section        0  sys_exit.o(.text)
    .text                                    0x080002b4   Section        2  use_no_semi.o(.text)
    .text                                    0x080002b6   Section        0  indicate_semi.o(.text)
    i.SetSysClock                            0x080002b8   Section        0  system_stm32f2xx.o(i.SetSysClock)
    SetSysClock                              0x080002b9   Thumb Code   192  system_stm32f2xx.o(i.SetSysClock)
    i.SystemInit                             0x08000384   Section        0  system_stm32f2xx.o(i.SystemInit)
    i.main                                   0x080003dc   Section        0  main.o(i.main)
    .bss                                     0x20000000   Section       96  libspace.o(.bss)
    HEAP                                     0x20000060   Section      512  startup_stm32f2xx.o(HEAP)
    Heap_Mem                                 0x20000060   Data         512  startup_stm32f2xx.o(HEAP)
    STACK                                    0x20000260   Section     1024  startup_stm32f2xx.o(STACK)
    Stack_Mem                                0x20000260   Data        1024  startup_stm32f2xx.o(STACK)
    __initial_sp                             0x20000660   Data           0  startup_stm32f2xx.o(STACK)

    Global Symbols

    Symbol Name                              Value     Ov Type        Size  Object(Section)

    BuildAttributes$$THM_ISAv4$P$D$K$B$S$PE$A:L22UL41UL21$X:L11$S22US41US21$IEEE1$IW$USESV6$~STKCKD$USESV7$~SHL$OSPACE$ROPI$EBA8$UX$STANDARDLIB$REQ8$PRES8$EABIv2 0x00000000   Number         0  anon$$obj.o ABSOLUTE
    __ARM_use_no_argv                        0x00000000   Number         0  main.o ABSOLUTE
    __ARM_exceptions_init                     - Undefined Weak Reference
    __alloca_initialize                       - Undefined Weak Reference
    __arm_preinit_                            - Undefined Weak Reference
    __cpp_initialize__aeabi_                  - Undefined Weak Reference
    __cxa_finalize                            - Undefined Weak Reference
    __rt_locale                               - Undefined Weak Reference
    __sigvec_lookup                           - Undefined Weak Reference
    _atexit_init                              - Undefined Weak Reference
    _call_atexit_fns                          - Undefined Weak Reference
    _clock_init                               - Undefined Weak Reference
    _fp_trap_init                             - Undefined Weak Reference
    _fp_trap_shutdown                         - Undefined Weak Reference
    _get_lc_collate                           - Undefined Weak Reference
    _get_lc_ctype                             - Undefined Weak Reference
    _get_lc_monetary                          - Undefined Weak Reference
    _get_lc_numeric                           - Undefined Weak Reference
    _get_lc_time                              - Undefined Weak Reference
    _getenv_init                              - Undefined Weak Reference
    _handle_redirection                       - Undefined Weak Reference
    _init_alloc                               - Undefined Weak Reference
    _init_user_alloc                          - Undefined Weak Reference
    _initio                                   - Undefined Weak Reference
    _rand_init                                - Undefined Weak Reference
    _signal_finish                            - Undefined Weak Reference
    _signal_init                              - Undefined Weak Reference
    _terminate_alloc                          - Undefined Weak Reference
    _terminate_user_alloc                     - Undefined Weak Reference
    _terminateio                              - Undefined Weak Reference
    __Vectors_Size                           0x00000184   Number         0  startup_stm32f2xx.o ABSOLUTE
    __Vectors                                0x08000000   Data           4  startup_stm32f2xx.o(RESET)
    __Vectors_End                            0x08000184   Data           0  startup_stm32f2xx.o(RESET)
    __main                                   0x08000185   Thumb Code     8  __main.o(!!!main)
    __scatterload                            0x0800018d   Thumb Code     0  __scatter.o(!!!scatter)
    __scatterload_rt2                        0x0800018d   Thumb Code    44  __scatter.o(!!!scatter)
    __scatterload_rt2_thumb_only             0x0800018d   Thumb Code     0  __scatter.o(!!!scatter)
    __scatterload_null                       0x0800019b   Thumb Code     0  __scatter.o(!!!scatter)
    __scatterload_zeroinit                   0x080001c1   Thumb Code    28  __scatter_zi.o(!!handler_zi)
    __rt_lib_init                            0x080001dd   Thumb Code     0  libinit.o(.ARM.Collect$$libinit$$00000000)
    __rt_lib_init_alloca_1                   0x080001df   Thumb Code     0  libinit2.o(.ARM.Collect$$libinit$$0000002E)
    __rt_lib_init_argv_1                     0x080001df   Thumb Code     0  libinit2.o(.ARM.Collect$$libinit$$0000002C)
    __rt_lib_init_atexit_1                   0x080001df   Thumb Code     0  libinit2.o(.ARM.Collect$$libinit$$0000001B)
    __rt_lib_init_clock_1                    0x080001df   Thumb Code     0  libinit2.o(.ARM.Collect$$libinit$$00000021)
    __rt_lib_init_cpp_1                      0x080001df   Thumb Code     0  libinit2.o(.ARM.Collect$$libinit$$00000032)
    __rt_lib_init_exceptions_1               0x080001df   Thumb Code     0  libinit2.o(.ARM.Collect$$libinit$$00000030)
    __rt_lib_init_fp_1                       0x080001df   Thumb Code     0  libinit2.o(.ARM.Collect$$libinit$$00000002)
    __rt_lib_init_fp_trap_1                  0x080001df   Thumb Code     0  libinit2.o(.ARM.Collect$$libinit$$0000001F)
    __rt_lib_init_getenv_1                   0x080001df   Thumb Code     0  libinit2.o(.ARM.Collect$$libinit$$00000023)
    __rt_lib_init_heap_1                     0x080001df   Thumb Code     0  libinit2.o(.ARM.Collect$$libinit$$0000000A)
    __rt_lib_init_lc_collate_1               0x080001df   Thumb Code     0  libinit2.o(.ARM.Collect$$libinit$$00000011)
    __rt_lib_init_lc_ctype_1                 0x080001df   Thumb Code     0  libinit2.o(.ARM.Collect$$libinit$$00000013)
    __rt_lib_init_lc_monetary_1              0x080001df   Thumb Code     0  libinit2.o(.ARM.Collect$$libinit$$00000015)
    __rt_lib_init_lc_numeric_1               0x080001df   Thumb Code     0  libinit2.o(.ARM.Collect$$libinit$$00000017)
    __rt_lib_init_lc_time_1                  0x080001df   Thumb Code     0  libinit2.o(.ARM.Collect$$libinit$$00000019)
    __rt_lib_init_preinit_1                  0x080001df   Thumb Code     0  libinit2.o(.ARM.Collect$$libinit$$00000004)
    __rt_lib_init_rand_1                     0x080001df   Thumb Code     0  libinit2.o(.ARM.Collect$$libinit$$0000000E)
    __rt_lib_init_return                     0x080001df   Thumb Code     0  libinit2.o(.ARM.Collect$$libinit$$00000033)
    __rt_lib_init_signal_1                   0x080001df   Thumb Code     0  libinit2.o(.ARM.Collect$$libinit$$0000001D)
    __rt_lib_init_stdio_1                    0x080001df   Thumb Code     0  libinit2.o(.ARM.Collect$$libinit$$00000025)
    __rt_lib_init_user_alloc_1               0x080001df   Thumb Code     0  libinit2.o(.ARM.Collect$$libinit$$0000000C)
    __rt_lib_shutdown                        0x080001e1   Thumb Code     0  libshutdown.o(.ARM.Collect$$libshutdown$$00000000)
    __rt_lib_shutdown_fp_trap_1              0x080001e3   Thumb Code     0  libshutdown2.o(.ARM.Collect$$libshutdown$$00000006)
    __rt_lib_shutdown_heap_1                 0x080001e3   Thumb Code     0  libshutdown2.o(.ARM.Collect$$libshutdown$$0000000E)
    __rt_lib_shutdown_return                 0x080001e3   Thumb Code     0  libshutdown2.o(.ARM.Collect$$libshutdown$$0000000F)
    __rt_lib_shutdown_signal_1               0x080001e3   Thumb Code     0  libshutdown2.o(.ARM.Collect$$libshutdown$$00000009)
    __rt_lib_shutdown_stdio_1                0x080001e3   Thumb Code     0  libshutdown2.o(.ARM.Collect$$libshutdown$$00000003)
    __rt_lib_shutdown_user_alloc_1           0x080001e3   Thumb Code     0  libshutdown2.o(.ARM.Collect$$libshutdown$$0000000B)
    __rt_entry                               0x080001e5   Thumb Code     0  __rtentry.o(.ARM.Collect$$rtentry$$00000000)
    __rt_entry_presh_1                       0x080001e5   Thumb Code     0  __rtentry2.o(.ARM.Collect$$rtentry$$00000002)
    __rt_entry_sh                            0x080001e5   Thumb Code     0  __rtentry4.o(.ARM.Collect$$rtentry$$00000004)
    __rt_entry_li                            0x080001eb   Thumb Code     0  __rtentry2.o(.ARM.Collect$$rtentry$$0000000A)
    __rt_entry_postsh_1                      0x080001eb   Thumb Code     0  __rtentry2.o(.ARM.Collect$$rtentry$$00000009)
    __rt_entry_main                          0x080001ef   Thumb Code     0  __rtentry2.o(.ARM.Collect$$rtentry$$0000000D)
    __rt_entry_postli_1                      0x080001ef   Thumb Code     0  __rtentry2.o(.ARM.Collect$$rtentry$$0000000C)
    __rt_exit                                0x080001f7   Thumb Code     0  rtexit.o(.ARM.Collect$$rtexit$$00000000)
    __rt_exit_ls                             0x080001f9   Thumb Code     0  rtexit2.o(.ARM.Collect$$rtexit$$00000003)
    __rt_exit_prels_1                        0x080001f9   Thumb Code     0  rtexit2.o(.ARM.Collect$$rtexit$$00000002)
    __rt_exit_exit                           0x080001fd   Thumb Code     0  rtexit2.o(.ARM.Collect$$rtexit$$00000004)
    Reset_Handler                            0x08000205   Thumb Code     8  startup_stm32f2xx.o(.text)
    NMI_Handler                              0x0800020d   Thumb Code     2  startup_stm32f2xx.o(.text)
    HardFault_Handler                        0x0800020f   Thumb Code     2  startup_stm32f2xx.o(.text)
    MemManage_Handler                        0x08000211   Thumb Code     2  startup_stm32f2xx.o(.text)
    BusFault_Handler                         0x08000213   Thumb Code     2  startup_stm32f2xx.o(.text)
    UsageFault_Handler                       0x08000215   Thumb Code     2  startup_stm32f2xx.o(.text)
    SVC_Handler                              0x08000217   Thumb Code     2  startup_stm32f2xx.o(.text)
    DebugMon_Handler                         0x08000219   Thumb Code     2  startup_stm32f2xx.o(.text)
    PendSV_Handler                           0x0800021b   Thumb Code     2  startup_stm32f2xx.o(.text)
    SysTick_Handler                          0x0800021d   Thumb Code     2  startup_stm32f2xx.o(.text)
    ADC_IRQHandler                           0x0800021f   Thumb Code     0  startup_stm32f2xx.o(.text)
    CAN1_RX0_IRQHandler                      0x0800021f   Thumb Code     0  startup_stm32f2xx.o(.text)
    CAN1_RX1_IRQHandler                      0x0800021f   Thumb Code     0  startup_stm32f2xx.o(.text)
    CAN1_SCE_IRQHandler                      0x0800021f   Thumb Code     0  startup_stm32f2xx.o(.text)
    CAN1_TX_IRQHandler                       0x0800021f   Thumb Code     0  startup_stm32f2xx.o(.text)
    CAN2_RX0_IRQHandler                      0x0800021f   Thumb Code     0  startup_stm32f2xx.o(.text)
    CAN2_RX1_IRQHandler                      0x0800021f   Thumb Code     0  startup_stm32f2xx.o(.text)
    CAN2_SCE_IRQHandler                      0x0800021f   Thumb Code     0  startup_stm32f2xx.o(.text)
    CAN2_TX_IRQHandler                       0x0800021f   Thumb Code     0  startup_stm32f2xx.o(.text)
    CRYP_IRQHandler                          0x0800021f   Thumb Code     0  startup_stm32f2xx.o(.text)
    DCMI_IRQHandler                          0x0800021f   Thumb Code     0  startup_stm32f2xx.o(.text)
    DMA1_Stream0_IRQHandler                  0x0800021f   Thumb Code     0  startup_stm32f2xx.o(.text)
    DMA1_Stream1_IRQHandler                  0x0800021f   Thumb Code     0  startup_stm32f2xx.o(.text)
    DMA1_Stream2_IRQHandler                  0x0800021f   Thumb Code     0  startup_stm32f2xx.o(.text)
    DMA1_Stream3_IRQHandler                  0x0800021f   Thumb Code     0  startup_stm32f2xx.o(.text)
    DMA1_Stream4_IRQHandler                  0x0800021f   Thumb Code     0  startup_stm32f2xx.o(.text)
    DMA1_Stream5_IRQHandler                  0x0800021f   Thumb Code     0  startup_stm32f2xx.o(.text)
    DMA1_Stream6_IRQHandler                  0x0800021f   Thumb Code     0  startup_stm32f2xx.o(.text)
    DMA1_Stream7_IRQHandler                  0x0800021f   Thumb Code     0  startup_stm32f2xx.o(.text)
    DMA2_Stream0_IRQHandler                  0x0800021f   Thumb Code     0  startup_stm32f2xx.o(.text)
    DMA2_Stream1_IRQHandler                  0x0800021f   Thumb Code     0  startup_stm32f2xx.o(.text)
    DMA2_Stream2_IRQHandler                  0x0800021f   Thumb Code     0  startup_stm32f2xx.o(.text)
    DMA2_Stream3_IRQHandler                  0x0800021f   Thumb Code     0  startup_stm32f2xx.o(.text)
    DMA2_Stream4_IRQHandler                  0x0800021f   Thumb Code     0  startup_stm32f2xx.o(.text)
    DMA2_Stream5_IRQHandler                  0x0800021f   Thumb Code     0  startup_stm32f2xx.o(.text)
    DMA2_Stream6_IRQHandler                  0x0800021f   Thumb Code     0  startup_stm32f2xx.o(.text)
    DMA2_Stream7_IRQHandler                  0x0800021f   Thumb Code     0  startup_stm32f2xx.o(.text)
    ETH_IRQHandler                           0x0800021f   Thumb Code     0  startup_stm32f2xx.o(.text)
    ETH_WKUP_IRQHandler                      0x0800021f   Thumb Code     0  startup_stm32f2xx.o(.text)
    EXTI0_IRQHandler                         0x0800021f   Thumb Code     0  startup_stm32f2xx.o(.text)
    EXTI15_10_IRQHandler                     0x0800021f   Thumb Code     0  startup_stm32f2xx.o(.text)
    EXTI1_IRQHandler                         0x0800021f   Thumb Code     0  startup_stm32f2xx.o(.text)
    EXTI2_IRQHandler                         0x0800021f   Thumb Code     0  startup_stm32f2xx.o(.text)
    EXTI3_IRQHandler                         0x0800021f   Thumb Code     0  startup_stm32f2xx.o(.text)
    EXTI4_IRQHandler                         0x0800021f   Thumb Code     0  startup_stm32f2xx.o(.text)
    EXTI9_5_IRQHandler                       0x0800021f   Thumb Code     0  startup_stm32f2xx.o(.text)
    FLASH_IRQHandler                         0x0800021f   Thumb Code     0  startup_stm32f2xx.o(.text)
    FSMC_IRQHandler                          0x0800021f   Thumb Code     0  startup_stm32f2xx.o(.text)
    HASH_RNG_IRQHandler                      0x0800021f   Thumb Code     0  startup_stm32f2xx.o(.text)
    I2C1_ER_IRQHandler                       0x0800021f   Thumb Code     0  startup_stm32f2xx.o(.text)
    I2C1_EV_IRQHandler                       0x0800021f   Thumb Code     0  startup_stm32f2xx.o(.text)
    I2C2_ER_IRQHandler                       0x0800021f   Thumb Code     0  startup_stm32f2xx.o(.text)
    I2C2_EV_IRQHandler                       0x0800021f   Thumb Code     0  startup_stm32f2xx.o(.text)
    I2C3_ER_IRQHandler                       0x0800021f   Thumb Code     0  startup_stm32f2xx.o(.text)
    I2C3_EV_IRQHandler                       0x0800021f   Thumb Code     0  startup_stm32f2xx.o(.text)
    OTG_FS_IRQHandler                        0x0800021f   Thumb Code     0  startup_stm32f2xx.o(.text)
    OTG_FS_WKUP_IRQHandler                   0x0800021f   Thumb Code     0  startup_stm32f2xx.o(.text)
    OTG_HS_EP1_IN_IRQHandler                 0x0800021f   Thumb Code     0  startup_stm32f2xx.o(.text)
    OTG_HS_EP1_OUT_IRQHandler                0x0800021f   Thumb Code     0  startup_stm32f2xx.o(.text)
    OTG_HS_IRQHandler                        0x0800021f   Thumb Code     0  startup_stm32f2xx.o(.text)
    OTG_HS_WKUP_IRQHandler                   0x0800021f   Thumb Code     0  startup_stm32f2xx.o(.text)
    PVD_IRQHandler                           0x0800021f   Thumb Code     0  startup_stm32f2xx.o(.text)
    RCC_IRQHandler                           0x0800021f   Thumb Code     0  startup_stm32f2xx.o(.text)
    RTC_Alarm_IRQHandler                     0x0800021f   Thumb Code     0  startup_stm32f2xx.o(.text)
    RTC_WKUP_IRQHandler                      0x0800021f   Thumb Code     0  startup_stm32f2xx.o(.text)
    SDIO_IRQHandler                          0x0800021f   Thumb Code     0  startup_stm32f2xx.o(.text)
    SPI1_IRQHandler                          0x0800021f   Thumb Code     0  startup_stm32f2xx.o(.text)
    SPI2_IRQHandler                          0x0800021f   Thumb Code     0  startup_stm32f2xx.o(.text)
    SPI3_IRQHandler                          0x0800021f   Thumb Code     0  startup_stm32f2xx.o(.text)
    TAMP_STAMP_IRQHandler                    0x0800021f   Thumb Code     0  startup_stm32f2xx.o(.text)
    TIM1_BRK_TIM9_IRQHandler                 0x0800021f   Thumb Code     0  startup_stm32f2xx.o(.text)
    TIM1_CC_IRQHandler                       0x0800021f   Thumb Code     0  startup_stm32f2xx.o(.text)
    TIM1_TRG_COM_TIM11_IRQHandler            0x0800021f   Thumb Code     0  startup_stm32f2xx.o(.text)
    TIM1_UP_TIM10_IRQHandler                 0x0800021f   Thumb Code     0  startup_stm32f2xx.o(.text)
    TIM2_IRQHandler                          0x0800021f   Thumb Code     0  startup_stm32f2xx.o(.text)
    TIM3_IRQHandler                          0x0800021f   Thumb Code     0  startup_stm32f2xx.o(.text)
    TIM4_IRQHandler                          0x0800021f   Thumb Code     0  startup_stm32f2xx.o(.text)
    TIM5_IRQHandler                          0x0800021f   Thumb Code     0  startup_stm32f2xx.o(.text)
    TIM6_DAC_IRQHandler                      0x0800021f   Thumb Code     0  startup_stm32f2xx.o(.text)
    TIM7_IRQHandler                          0x0800021f   Thumb Code     0  startup_stm32f2xx.o(.text)
    TIM8_BRK_TIM12_IRQHandler                0x0800021f   Thumb Code     0  startup_stm32f2xx.o(.text)
    TIM8_CC_IRQHandler                       0x0800021f   Thumb Code     0  startup_stm32f2xx.o(.text)
    TIM8_TRG_COM_TIM14_IRQHandler            0x0800021f   Thumb Code     0  startup_stm32f2xx.o(.text)
    TIM8_UP_TIM13_IRQHandler                 0x0800021f   Thumb Code     0  startup_stm32f2xx.o(.text)
    UART4_IRQHandler                         0x0800021f   Thumb Code     0  startup_stm32f2xx.o(.text)
    UART5_IRQHandler                         0x0800021f   Thumb Code     0  startup_stm32f2xx.o(.text)
    USART1_IRQHandler                        0x0800021f   Thumb Code     0  startup_stm32f2xx.o(.text)
    USART2_IRQHandler                        0x0800021f   Thumb Code     0  startup_stm32f2xx.o(.text)
    USART3_IRQHandler                        0x0800021f   Thumb Code     0  startup_stm32f2xx.o(.text)
    USART6_IRQHandler                        0x0800021f   Thumb Code     0  startup_stm32f2xx.o(.text)
    WWDG_IRQHandler                          0x0800021f   Thumb Code     0  startup_stm32f2xx.o(.text)
    __user_initial_stackheap                 0x08000221   Thumb Code     0  startup_stm32f2xx.o(.text)
    __use_two_region_memory                  0x08000245   Thumb Code     2  heapauxi.o(.text)
    __rt_heap_escrow$2region                 0x08000247   Thumb Code     2  heapauxi.o(.text)
    __rt_heap_expand$2region                 0x08000249   Thumb Code     2  heapauxi.o(.text)
    __user_setup_stackheap                   0x0800024b   Thumb Code    74  sys_stackheap_outer.o(.text)
    exit                                     0x08000295   Thumb Code    12  exit.o(.text)
    __user_libspace                          0x080002a1   Thumb Code     8  libspace.o(.text)
    __user_perproc_libspace                  0x080002a1   Thumb Code     0  libspace.o(.text)
    __user_perthread_libspace                0x080002a1   Thumb Code     0  libspace.o(.text)
    _sys_exit                                0x080002a9   Thumb Code     8  sys_exit.o(.text)
    __I$use$semihosting                      0x080002b5   Thumb Code     0  use_no_semi.o(.text)
    __use_no_semihosting_swi                 0x080002b5   Thumb Code     2  use_no_semi.o(.text)
    __semihosting_library_function           0x080002b7   Thumb Code     0  indicate_semi.o(.text)
    SystemInit                               0x08000385   Thumb Code    74  system_stm32f2xx.o(i.SystemInit)
    main                                     0x080003dd   Thumb Code     4  main.o(i.main)
    Region$$Table$$Base                      0x080003e0   Number         0  anon$$obj.o(Region$$Table)
    Region$$Table$$Limit                     0x080003f0   Number         0  anon$$obj.o(Region$$Table)
    __libspace_start                         0x20000000   Data          96  libspace.o(.bss)
    __temporary_stack_top$libspace           0x20000060   Data           0  libspace.o(.bss)



==============================================================================

Memory Map of the image

  Image Entry point : 0x08000185

  Load Region LR_IROM1 (Base: 0x08000000, Size: 0x000003f0, Max: 0x00100000, ABSOLUTE)

    Execution Region ER_IROM1 (Base: 0x08000000, Size: 0x000003f0, Max: 0x00100000, ABSOLUTE)

    Base Addr    Size         Type   Attr      Idx    E Section Name        Object

    0x08000000   0x00000184   Data   RO          145    RESET               startup_stm32f2xx.o
    0x08000184   0x00000008   Code   RO         3633  * !!!main             c_w.l(__main.o)
    0x0800018c   0x00000034   Code   RO         3789    !!!scatter          c_w.l(__scatter.o)
    0x080001c0   0x0000001c   Code   RO         3791    !!handler_zi        c_w.l(__scatter_zi.o)
    0x080001dc   0x00000002   Code   RO         3660    .ARM.Collect$$libinit$$00000000  c_w.l(libinit.o)
    0x080001de   0x00000000   Code   RO         3667    .ARM.Collect$$libinit$$00000002  c_w.l(libinit2.o)
    0x080001de   0x00000000   Code   RO         3669    .ARM.Collect$$libinit$$00000004  c_w.l(libinit2.o)
    0x080001de   0x00000000   Code   RO         3672    .ARM.Collect$$libinit$$0000000A  c_w.l(libinit2.o)
    0x080001de   0x00000000   Code   RO         3674    .ARM.Collect$$libinit$$0000000C  c_w.l(libinit2.o)
    0x080001de   0x00000000   Code   RO         3676    .ARM.Collect$$libinit$$0000000E  c_w.l(libinit2.o)
    0x080001de   0x00000000   Code   RO         3679    .ARM.Collect$$libinit$$00000011  c_w.l(libinit2.o)
    0x080001de   0x00000000   Code   RO         3681    .ARM.Collect$$libinit$$00000013  c_w.l(libinit2.o)
    0x080001de   0x00000000   Code   RO         3683    .ARM.Collect$$libinit$$00000015  c_w.l(libinit2.o)
    0x080001de   0x00000000   Code   RO         3685    .ARM.Collect$$libinit$$00000017  c_w.l(libinit2.o)
    0x080001de   0x00000000   Code   RO         3687    .ARM.Collect$$libinit$$00000019  c_w.l(libinit2.o)
    0x080001de   0x00000000   Code   RO         3689    .ARM.Collect$$libinit$$0000001B  c_w.l(libinit2.o)
    0x080001de   0x00000000   Code   RO         3691    .ARM.Collect$$libinit$$0000001D  c_w.l(libinit2.o)
    0x080001de   0x00000000   Code   RO         3693    .ARM.Collect$$libinit$$0000001F  c_w.l(libinit2.o)
    0x080001de   0x00000000   Code   RO         3695    .ARM.Collect$$libinit$$00000021  c_w.l(libinit2.o)
    0x080001de   0x00000000   Code   RO         3697    .ARM.Collect$$libinit$$00000023  c_w.l(libinit2.o)
    0x080001de   0x00000000   Code   RO         3699    .ARM.Collect$$libinit$$00000025  c_w.l(libinit2.o)
    0x080001de   0x00000000   Code   RO         3703    .ARM.Collect$$libinit$$0000002C  c_w.l(libinit2.o)
    0x080001de   0x00000000   Code   RO         3705    .ARM.Collect$$libinit$$0000002E  c_w.l(libinit2.o)
    0x080001de   0x00000000   Code   RO         3707    .ARM.Collect$$libinit$$00000030  c_w.l(libinit2.o)
    0x080001de   0x00000000   Code   RO         3709    .ARM.Collect$$libinit$$00000032  c_w.l(libinit2.o)
    0x080001de   0x00000002   Code   RO         3710    .ARM.Collect$$libinit$$00000033  c_w.l(libinit2.o)
    0x080001e0   0x00000002   Code   RO         3730    .ARM.Collect$$libshutdown$$00000000  c_w.l(libshutdown.o)
    0x080001e2   0x00000000   Code   RO         3744    .ARM.Collect$$libshutdown$$00000003  c_w.l(libshutdown2.o)
    0x080001e2   0x00000000   Code   RO         3747    .ARM.Collect$$libshutdown$$00000006  c_w.l(libshutdown2.o)
    0x080001e2   0x00000000   Code   RO         3750    .ARM.Collect$$libshutdown$$00000009  c_w.l(libshutdown2.o)
    0x080001e2   0x00000000   Code   RO         3752    .ARM.Collect$$libshutdown$$0000000B  c_w.l(libshutdown2.o)
    0x080001e2   0x00000000   Code   RO         3755    .ARM.Collect$$libshutdown$$0000000E  c_w.l(libshutdown2.o)
    0x080001e2   0x00000002   Code   RO         3756    .ARM.Collect$$libshutdown$$0000000F  c_w.l(libshutdown2.o)
    0x080001e4   0x00000000   Code   RO         3635    .ARM.Collect$$rtentry$$00000000  c_w.l(__rtentry.o)
    0x080001e4   0x00000000   Code   RO         3637    .ARM.Collect$$rtentry$$00000002  c_w.l(__rtentry2.o)
    0x080001e4   0x00000006   Code   RO         3649    .ARM.Collect$$rtentry$$00000004  c_w.l(__rtentry4.o)
    0x080001ea   0x00000000   Code   RO         3639    .ARM.Collect$$rtentry$$00000009  c_w.l(__rtentry2.o)
    0x080001ea   0x00000004   Code   RO         3640    .ARM.Collect$$rtentry$$0000000A  c_w.l(__rtentry2.o)
    0x080001ee   0x00000000   Code   RO         3642    .ARM.Collect$$rtentry$$0000000C  c_w.l(__rtentry2.o)
    0x080001ee   0x00000008   Code   RO         3643    .ARM.Collect$$rtentry$$0000000D  c_w.l(__rtentry2.o)
    0x080001f6   0x00000002   Code   RO         3664    .ARM.Collect$$rtexit$$00000000  c_w.l(rtexit.o)
    0x080001f8   0x00000000   Code   RO         3712    .ARM.Collect$$rtexit$$00000002  c_w.l(rtexit2.o)
    0x080001f8   0x00000004   Code   RO         3713    .ARM.Collect$$rtexit$$00000003  c_w.l(rtexit2.o)
    0x080001fc   0x00000006   Code   RO         3714    .ARM.Collect$$rtexit$$00000004  c_w.l(rtexit2.o)
    0x08000202   0x00000002   PAD
    0x08000204   0x00000040   Code   RO          146    .text               startup_stm32f2xx.o
    0x08000244   0x00000006   Code   RO         3631    .text               c_w.l(heapauxi.o)
    0x0800024a   0x0000004a   Code   RO         3651    .text               c_w.l(sys_stackheap_outer.o)
    0x08000294   0x0000000c   Code   RO         3653    .text               c_w.l(exit.o)
    0x080002a0   0x00000008   Code   RO         3661    .text               c_w.l(libspace.o)
    0x080002a8   0x0000000c   Code   RO         3722    .text               c_w.l(sys_exit.o)
    0x080002b4   0x00000002   Code   RO         3733    .text               c_w.l(use_no_semi.o)
    0x080002b6   0x00000000   Code   RO         3735    .text               c_w.l(indicate_semi.o)
    0x080002b6   0x00000002   PAD
    0x080002b8   0x000000cc   Code   RO           26    i.SetSysClock       system_stm32f2xx.o
    0x08000384   0x00000058   Code   RO           28    i.SystemInit        system_stm32f2xx.o
    0x080003dc   0x00000004   Code   RO            1    i.main              main.o
    0x080003e0   0x00000010   Data   RO         3787    Region$$Table       anon$$obj.o


    Execution Region RW_IRAM1 (Base: 0x20000000, Size: 0x00000660, Max: 0x00020000, ABSOLUTE)

    Base Addr    Size         Type   Attr      Idx    E Section Name        Object

    0x20000000   0x00000060   Zero   RW         3662    .bss                c_w.l(libspace.o)
    0x20000060   0x00000200   Zero   RW          144    HEAP                startup_stm32f2xx.o
    0x20000260   0x00000400   Zero   RW          143    STACK               startup_stm32f2xx.o


==============================================================================

Image component sizes


      Code (inc. data)   RO Data    RW Data    ZI Data      Debug   Object Name

         0          0          0          0          0       3092   core_cm3.o
         4          0          0          0          0       1827   main.o
        64         26        388          0       1536        764   startup_stm32f2xx.o
       292         26          0          0          0       1345   system_stm32f2xx.o

    ----------------------------------------------------------------------
       360         52        404          0       1536       7028   Object Totals
         0          0         16          0          0          0   (incl. Generated)
         0          0          0          0          0          0   (incl. Padding)

    ----------------------------------------------------------------------

      Code (inc. data)   RO Data    RW Data    ZI Data      Debug   Library Member Name

         8          0          0          0          0         68   __main.o
         0          0          0          0          0          0   __rtentry.o
        12          0          0          0          0          0   __rtentry2.o
         6          0          0          0          0          0   __rtentry4.o
        52          8          0          0          0          0   __scatter.o
        28          0          0          0          0          0   __scatter_zi.o
        12          0          0          0          0         72   exit.o
         6          0          0          0          0        152   heapauxi.o
         0          0          0          0          0          0   indicate_semi.o
         2          0          0          0          0          0   libinit.o
         2          0          0          0          0          0   libinit2.o
         2          0          0          0          0          0   libshutdown.o
         2          0          0          0          0          0   libshutdown2.o
         8          4          0          0         96         68   libspace.o
         2          0          0          0          0          0   rtexit.o
        10          0          0          0          0          0   rtexit2.o
        12          4          0          0          0         68   sys_exit.o
        74          0          0          0          0         80   sys_stackheap_outer.o
         2          0          0          0          0         68   use_no_semi.o

    ----------------------------------------------------------------------
       244         16          0          0         96        576   Library Totals
         4          0          0          0          0          0   (incl. Padding)

    ----------------------------------------------------------------------

      Code (inc. data)   RO Data    RW Data    ZI Data      Debug   Library Name

       240         16          0          0         96        576   c_w.l

    ----------------------------------------------------------------------
       244         16          0          0         96        576   Library Totals

    ----------------------------------------------------------------------

==============================================================================


      Code (inc. data)   RO Data    RW Data    ZI Data      Debug   

       604         68        404          0       1632       7324   Grand Totals
       604         68        404          0       1632       7324   ELF Image Totals
       604         68        404          0          0          0   ROM Totals

==============================================================================

    Total RO  Size (Code + RO Data)                 1008 (   0.98kB)
    Total RW  Size (RW Data + ZI Data)              1632 (   1.59kB)
    Total ROM Size (Code + RO Data + RW Data)       1008 (   0.98kB)

==============================================================================

